
Attaching package: ‘dplyr’

The following objects are masked from ‘package:stats’:

    filter, lag

The following objects are masked from ‘package:base’:

    intersect, setdiff, setequal, union


Attaching package: ‘dplyr’

The following objects are masked from ‘package:stats’:

    filter, lag

The following objects are masked from ‘package:base’:

    intersect, setdiff, setequal, union


Attaching package: ‘dplyr’


Attaching package: ‘dplyr’

The following objects are masked from ‘package:stats’:

    filter, lag

The following objects are masked from ‘package:stats’:

    filter, lag

The following objects are masked from ‘package:base’:

    intersect, setdiff, setequal, union

The following objects are masked from ‘package:base’:

    intersect, setdiff, setequal, union


Attaching package: ‘data.table’

The following objects are masked from ‘package:dplyr’:

    between, first, last

[1] "Tissue is: pancreas"
[1] "bin size is: 10kb"

Attaching package: ‘data.table’

The following objects are masked from ‘package:dplyr’:

    between, first, last

[1] "Tissue is: pancreas"
[1] "bin size is: 1kb"
Warning message:
In dir.create(paste0("data/samples/WGBS/", tissue, "/compress2bin/")) :
  'data/samples/WGBS/pancreas/compress2bin' already exists

Attaching package: ‘data.table’

The following objects are masked from ‘package:dplyr’:

    between, first, last


Attaching package: ‘data.table’

The following objects are masked from ‘package:dplyr’:

    between, first, last

[1] "Tissue is: spleen"
[1] "bin size is: 1kb"
[1] "Tissue is: spleen"
[1] "bin size is: 10kb"
Warning message:
In dir.create(paste0("data/samples/WGBS/", tissue, "/compress2bin/")) :
  'data/samples/WGBS/spleen/compress2bin' already exists

Attaching package: ‘dplyr’

The following objects are masked from ‘package:stats’:

    filter, lag

The following objects are masked from ‘package:base’:

    intersect, setdiff, setequal, union


Attaching package: ‘data.table’

The following objects are masked from ‘package:dplyr’:

    between, first, last

[1] "Tissue is: brain"
[1] "bin size is: 1kb"

Attaching package: ‘dplyr’

The following objects are masked from ‘package:stats’:

    filter, lag

The following objects are masked from ‘package:base’:

    intersect, setdiff, setequal, union


Attaching package: ‘data.table’

The following objects are masked from ‘package:dplyr’:

    between, first, last

[1] "Tissue is: brain"
[1] "bin size is: 10kb"
Warning message:
In dir.create(paste0("data/samples/WGBS/", tissue, "/compress2bin/")) :
  'data/samples/WGBS/brain/compress2bin' already exists

Attaching package: ‘dplyr’

The following objects are masked from ‘package:stats’:

    filter, lag

The following objects are masked from ‘package:base’:

    intersect, setdiff, setequal, union


Attaching package: ‘data.table’

The following objects are masked from ‘package:dplyr’:

    between, first, last

[1] "Tissue is: cecum"
[1] "bin size is: 1kb"

Attaching package: ‘dplyr’

The following objects are masked from ‘package:stats’:

    filter, lag

The following objects are masked from ‘package:base’:

    intersect, setdiff, setequal, union


Attaching package: ‘data.table’

The following objects are masked from ‘package:dplyr’:

    between, first, last

[1] "Tissue is: cecum"
[1] "bin size is: 10kb"
Warning message:
In dir.create(paste0("data/samples/WGBS/", tissue, "/compress2bin/")) :
  'data/samples/WGBS/cecum/compress2bin' already exists

Attaching package: ‘dplyr’

The following objects are masked from ‘package:stats’:

    filter, lag

The following objects are masked from ‘package:base’:

    intersect, setdiff, setequal, union


Attaching package: ‘data.table’

The following objects are masked from ‘package:dplyr’:

    between, first, last

[1] "Tissue is: uterus"
[1] "bin size is: 1kb"

Attaching package: ‘dplyr’

The following objects are masked from ‘package:stats’:

    filter, lag

The following objects are masked from ‘package:base’:

    intersect, setdiff, setequal, union


Attaching package: ‘data.table’

The following objects are masked from ‘package:dplyr’:

    between, first, last

[1] "Tissue is: uterus"
[1] "bin size is: 10kb"
Warning message:
In dir.create(paste0("data/samples/WGBS/", tissue, "/compress2bin/")) :
  'data/samples/WGBS/uterus/compress2bin' already exists

Attaching package: ‘dplyr’

The following objects are masked from ‘package:stats’:

    filter, lag

The following objects are masked from ‘package:base’:

    intersect, setdiff, setequal, union


Attaching package: ‘data.table’

The following objects are masked from ‘package:dplyr’:

    between, first, last

[1] "Tissue is: iWAT"
[1] "bin size is: 1kb"

Attaching package: ‘dplyr’

The following objects are masked from ‘package:stats’:

    filter, lag

The following objects are masked from ‘package:base’:

    intersect, setdiff, setequal, union


Attaching package: ‘data.table’

The following objects are masked from ‘package:dplyr’:

    between, first, last

[1] "Tissue is: iWAT"
[1] "bin size is: 10kb"
Warning message:
In dir.create(paste0("data/samples/WGBS/", tissue, "/compress2bin/")) :
  'data/samples/WGBS/iWAT/compress2bin' already exists
done
