Building DAG of jobs...
Using shell: /usr/bin/bash
Provided cores: 20
Rules claiming more threads will be scaled down.
Job stats:
job            count    min threads    max threads
-----------  -------  -------------  -------------
all                1              1              1
analyze_hic       84              5              5
total             85              1              5

Select jobs to execute...

[Mon Jun 30 10:23:48 2025]
rule analyze_hic:
    input: /storage/zhangyanxiaoLab/suzhuojie/projects/Aging_CUT_Tag/data/samples/HiC/skin/compartment/homer_compartment/tagDir/Sk_aged_254
    output: /storage/zhangyanxiaoLab/suzhuojie/projects/Aging_CUT_Tag/data/samples/HiC/skin/ob_ex_matrix/Sk_aged_254/Sk_aged_254_50000_chr3_ob_ex_Matrix.txt
    jobid: 66
    reason: Missing output files: /storage/zhangyanxiaoLab/suzhuojie/projects/Aging_CUT_Tag/data/samples/HiC/skin/ob_ex_matrix/Sk_aged_254/Sk_aged_254_50000_chr3_ob_ex_Matrix.txt
    wildcards: sample=Sk_aged_254, resolution=50000, chr=chr3
    threads: 5
    resources: tmpdir=/tmp

[Mon Jun 30 10:23:48 2025]
rule analyze_hic:
    input: /storage/zhangyanxiaoLab/suzhuojie/projects/Aging_CUT_Tag/data/samples/HiC/skin/compartment/homer_compartment/tagDir/Sk_2_3
    output: /storage/zhangyanxiaoLab/suzhuojie/projects/Aging_CUT_Tag/data/samples/HiC/skin/ob_ex_matrix/Sk_2_3/Sk_2_3_50000_chr4_ob_ex_Matrix.txt
    jobid: 25
    reason: Missing output files: /storage/zhangyanxiaoLab/suzhuojie/projects/Aging_CUT_Tag/data/samples/HiC/skin/ob_ex_matrix/Sk_2_3/Sk_2_3_50000_chr4_ob_ex_Matrix.txt
    wildcards: sample=Sk_2_3, resolution=50000, chr=chr4
    threads: 5
    resources: tmpdir=/tmp

[Mon Jun 30 10:23:48 2025]
rule analyze_hic:
    input: /storage/zhangyanxiaoLab/suzhuojie/projects/Aging_CUT_Tag/data/samples/HiC/skin/compartment/homer_compartment/tagDir/Sk_1_3
    output: /storage/zhangyanxiaoLab/suzhuojie/projects/Aging_CUT_Tag/data/samples/HiC/skin/ob_ex_matrix/Sk_1_3/Sk_1_3_50000_chrY_ob_ex_Matrix.txt
    jobid: 21
    reason: Missing output files: /storage/zhangyanxiaoLab/suzhuojie/projects/Aging_CUT_Tag/data/samples/HiC/skin/ob_ex_matrix/Sk_1_3/Sk_1_3_50000_chrY_ob_ex_Matrix.txt
    wildcards: sample=Sk_1_3, resolution=50000, chr=chrY
    threads: 5
    resources: tmpdir=/tmp

[Mon Jun 30 10:23:48 2025]
rule analyze_hic:
    input: /storage/zhangyanxiaoLab/suzhuojie/projects/Aging_CUT_Tag/data/samples/HiC/skin/compartment/homer_compartment/tagDir/Sk_aged_254
    output: /storage/zhangyanxiaoLab/suzhuojie/projects/Aging_CUT_Tag/data/samples/HiC/skin/ob_ex_matrix/Sk_aged_254/Sk_aged_254_50000_chr4_ob_ex_Matrix.txt
    jobid: 67
    reason: Missing output files: /storage/zhangyanxiaoLab/suzhuojie/projects/Aging_CUT_Tag/data/samples/HiC/skin/ob_ex_matrix/Sk_aged_254/Sk_aged_254_50000_chr4_ob_ex_Matrix.txt
    wildcards: sample=Sk_aged_254, resolution=50000, chr=chr4
    threads: 5
    resources: tmpdir=/tmp

[Mon Jun 30 10:33:03 2025]
Finished job 67.
1 of 85 steps (1%) done
Select jobs to execute...

[Mon Jun 30 10:33:03 2025]
rule analyze_hic:
    input: /storage/zhangyanxiaoLab/suzhuojie/projects/Aging_CUT_Tag/data/samples/HiC/skin/compartment/homer_compartment/tagDir/Sk_2_3
    output: /storage/zhangyanxiaoLab/suzhuojie/projects/Aging_CUT_Tag/data/samples/HiC/skin/ob_ex_matrix/Sk_2_3/Sk_2_3_50000_chr19_ob_ex_Matrix.txt
    jobid: 40
    reason: Missing output files: /storage/zhangyanxiaoLab/suzhuojie/projects/Aging_CUT_Tag/data/samples/HiC/skin/ob_ex_matrix/Sk_2_3/Sk_2_3_50000_chr19_ob_ex_Matrix.txt
    wildcards: sample=Sk_2_3, resolution=50000, chr=chr19
    threads: 5
    resources: tmpdir=/tmp

[Mon Jun 30 10:33:18 2025]
Finished job 66.
2 of 85 steps (2%) done
Select jobs to execute...

[Mon Jun 30 10:33:18 2025]
rule analyze_hic:
    input: /storage/zhangyanxiaoLab/suzhuojie/projects/Aging_CUT_Tag/data/samples/HiC/skin/compartment/homer_compartment/tagDir/Sk_3_3
    output: /storage/zhangyanxiaoLab/suzhuojie/projects/Aging_CUT_Tag/data/samples/HiC/skin/ob_ex_matrix/Sk_3_3/Sk_3_3_50000_chr12_ob_ex_Matrix.txt
    jobid: 54
    reason: Missing output files: /storage/zhangyanxiaoLab/suzhuojie/projects/Aging_CUT_Tag/data/samples/HiC/skin/ob_ex_matrix/Sk_3_3/Sk_3_3_50000_chr12_ob_ex_Matrix.txt
    wildcards: sample=Sk_3_3, resolution=50000, chr=chr12
    threads: 5
    resources: tmpdir=/tmp

[Mon Jun 30 10:33:28 2025]
Finished job 40.
3 of 85 steps (4%) done
Select jobs to execute...

[Mon Jun 30 10:33:28 2025]
rule analyze_hic:
    input: /storage/zhangyanxiaoLab/suzhuojie/projects/Aging_CUT_Tag/data/samples/HiC/skin/compartment/homer_compartment/tagDir/Sk_aged_254
    output: /storage/zhangyanxiaoLab/suzhuojie/projects/Aging_CUT_Tag/data/samples/HiC/skin/ob_ex_matrix/Sk_aged_254/Sk_aged_254_50000_chr19_ob_ex_Matrix.txt
    jobid: 82
    reason: Missing output files: /storage/zhangyanxiaoLab/suzhuojie/projects/Aging_CUT_Tag/data/samples/HiC/skin/ob_ex_matrix/Sk_aged_254/Sk_aged_254_50000_chr19_ob_ex_Matrix.txt
    wildcards: sample=Sk_aged_254, resolution=50000, chr=chr19
    threads: 5
    resources: tmpdir=/tmp

[Mon Jun 30 10:33:46 2025]
Finished job 82.
4 of 85 steps (5%) done
Select jobs to execute...

[Mon Jun 30 10:33:47 2025]
rule analyze_hic:
    input: /storage/zhangyanxiaoLab/suzhuojie/projects/Aging_CUT_Tag/data/samples/HiC/skin/compartment/homer_compartment/tagDir/Sk_aged_254
    output: /storage/zhangyanxiaoLab/suzhuojie/projects/Aging_CUT_Tag/data/samples/HiC/skin/ob_ex_matrix/Sk_aged_254/Sk_aged_254_50000_chr18_ob_ex_Matrix.txt
    jobid: 81
    reason: Missing output files: /storage/zhangyanxiaoLab/suzhuojie/projects/Aging_CUT_Tag/data/samples/HiC/skin/ob_ex_matrix/Sk_aged_254/Sk_aged_254_50000_chr18_ob_ex_Matrix.txt
    wildcards: sample=Sk_aged_254, resolution=50000, chr=chr18
    threads: 5
    resources: tmpdir=/tmp

[Mon Jun 30 10:33:57 2025]
Finished job 21.
5 of 85 steps (6%) done
Select jobs to execute...

[Mon Jun 30 10:33:57 2025]
rule analyze_hic:
    input: /storage/zhangyanxiaoLab/suzhuojie/projects/Aging_CUT_Tag/data/samples/HiC/skin/compartment/homer_compartment/tagDir/Sk_3_3
    output: /storage/zhangyanxiaoLab/suzhuojie/projects/Aging_CUT_Tag/data/samples/HiC/skin/ob_ex_matrix/Sk_3_3/Sk_3_3_50000_chr7_ob_ex_Matrix.txt
    jobid: 49
    reason: Missing output files: /storage/zhangyanxiaoLab/suzhuojie/projects/Aging_CUT_Tag/data/samples/HiC/skin/ob_ex_matrix/Sk_3_3/Sk_3_3_50000_chr7_ob_ex_Matrix.txt
    wildcards: sample=Sk_3_3, resolution=50000, chr=chr7
    threads: 5
    resources: tmpdir=/tmp

[Mon Jun 30 10:34:15 2025]
Finished job 81.
6 of 85 steps (7%) done
Select jobs to execute...

[Mon Jun 30 10:34:15 2025]
rule analyze_hic:
    input: /storage/zhangyanxiaoLab/suzhuojie/projects/Aging_CUT_Tag/data/samples/HiC/skin/compartment/homer_compartment/tagDir/Sk_aged_254
    output: /storage/zhangyanxiaoLab/suzhuojie/projects/Aging_CUT_Tag/data/samples/HiC/skin/ob_ex_matrix/Sk_aged_254/Sk_aged_254_50000_chr14_ob_ex_Matrix.txt
    jobid: 77
    reason: Missing output files: /storage/zhangyanxiaoLab/suzhuojie/projects/Aging_CUT_Tag/data/samples/HiC/skin/ob_ex_matrix/Sk_aged_254/Sk_aged_254_50000_chr14_ob_ex_Matrix.txt
    wildcards: sample=Sk_aged_254, resolution=50000, chr=chr14
    threads: 5
    resources: tmpdir=/tmp

[Mon Jun 30 10:34:52 2025]
Finished job 77.
7 of 85 steps (8%) done
Select jobs to execute...

[Mon Jun 30 10:34:52 2025]
rule analyze_hic:
    input: /storage/zhangyanxiaoLab/suzhuojie/projects/Aging_CUT_Tag/data/samples/HiC/skin/compartment/homer_compartment/tagDir/Sk_3_3
    output: /storage/zhangyanxiaoLab/suzhuojie/projects/Aging_CUT_Tag/data/samples/HiC/skin/ob_ex_matrix/Sk_3_3/Sk_3_3_50000_chrY_ob_ex_Matrix.txt
    jobid: 63
    reason: Missing output files: /storage/zhangyanxiaoLab/suzhuojie/projects/Aging_CUT_Tag/data/samples/HiC/skin/ob_ex_matrix/Sk_3_3/Sk_3_3_50000_chrY_ob_ex_Matrix.txt
    wildcards: sample=Sk_3_3, resolution=50000, chr=chrY
    threads: 5
    resources: tmpdir=/tmp

[Mon Jun 30 10:36:17 2025]
Finished job 25.
8 of 85 steps (9%) done
Select jobs to execute...

[Mon Jun 30 10:36:17 2025]
rule analyze_hic:
    input: /storage/zhangyanxiaoLab/suzhuojie/projects/Aging_CUT_Tag/data/samples/HiC/skin/compartment/homer_compartment/tagDir/Sk_2_3
    output: /storage/zhangyanxiaoLab/suzhuojie/projects/Aging_CUT_Tag/data/samples/HiC/skin/ob_ex_matrix/Sk_2_3/Sk_2_3_50000_chr14_ob_ex_Matrix.txt
    jobid: 35
    reason: Missing output files: /storage/zhangyanxiaoLab/suzhuojie/projects/Aging_CUT_Tag/data/samples/HiC/skin/ob_ex_matrix/Sk_2_3/Sk_2_3_50000_chr14_ob_ex_Matrix.txt
    wildcards: sample=Sk_2_3, resolution=50000, chr=chr14
    threads: 5
    resources: tmpdir=/tmp

[Mon Jun 30 10:37:23 2025]
Finished job 35.
9 of 85 steps (11%) done
Select jobs to execute...

[Mon Jun 30 10:37:23 2025]
rule analyze_hic:
    input: /storage/zhangyanxiaoLab/suzhuojie/projects/Aging_CUT_Tag/data/samples/HiC/skin/compartment/homer_compartment/tagDir/Sk_1_3
    output: /storage/zhangyanxiaoLab/suzhuojie/projects/Aging_CUT_Tag/data/samples/HiC/skin/ob_ex_matrix/Sk_1_3/Sk_1_3_50000_chr15_ob_ex_Matrix.txt
    jobid: 15
    reason: Missing output files: /storage/zhangyanxiaoLab/suzhuojie/projects/Aging_CUT_Tag/data/samples/HiC/skin/ob_ex_matrix/Sk_1_3/Sk_1_3_50000_chr15_ob_ex_Matrix.txt
    wildcards: sample=Sk_1_3, resolution=50000, chr=chr15
    threads: 5
    resources: tmpdir=/tmp

[Mon Jun 30 10:38:03 2025]
Finished job 15.
10 of 85 steps (12%) done
Select jobs to execute...

[Mon Jun 30 10:38:04 2025]
rule analyze_hic:
    input: /storage/zhangyanxiaoLab/suzhuojie/projects/Aging_CUT_Tag/data/samples/HiC/skin/compartment/homer_compartment/tagDir/Sk_3_3
    output: /storage/zhangyanxiaoLab/suzhuojie/projects/Aging_CUT_Tag/data/samples/HiC/skin/ob_ex_matrix/Sk_3_3/Sk_3_3_50000_chr1_ob_ex_Matrix.txt
    jobid: 43
    reason: Missing output files: /storage/zhangyanxiaoLab/suzhuojie/projects/Aging_CUT_Tag/data/samples/HiC/skin/ob_ex_matrix/Sk_3_3/Sk_3_3_50000_chr1_ob_ex_Matrix.txt
    wildcards: sample=Sk_3_3, resolution=50000, chr=chr1
    threads: 5
    resources: tmpdir=/tmp

[Mon Jun 30 10:46:47 2025]
Finished job 49.
11 of 85 steps (13%) done
Select jobs to execute...

[Mon Jun 30 10:46:48 2025]
rule analyze_hic:
    input: /storage/zhangyanxiaoLab/suzhuojie/projects/Aging_CUT_Tag/data/samples/HiC/skin/compartment/homer_compartment/tagDir/Sk_3_3
    output: /storage/zhangyanxiaoLab/suzhuojie/projects/Aging_CUT_Tag/data/samples/HiC/skin/ob_ex_matrix/Sk_3_3/Sk_3_3_50000_chr15_ob_ex_Matrix.txt
    jobid: 57
    reason: Missing output files: /storage/zhangyanxiaoLab/suzhuojie/projects/Aging_CUT_Tag/data/samples/HiC/skin/ob_ex_matrix/Sk_3_3/Sk_3_3_50000_chr15_ob_ex_Matrix.txt
    wildcards: sample=Sk_3_3, resolution=50000, chr=chr15
    threads: 5
    resources: tmpdir=/tmp

[Mon Jun 30 10:46:51 2025]
Finished job 54.
12 of 85 steps (14%) done
Select jobs to execute...

[Mon Jun 30 10:46:51 2025]
rule analyze_hic:
    input: /storage/zhangyanxiaoLab/suzhuojie/projects/Aging_CUT_Tag/data/samples/HiC/skin/compartment/homer_compartment/tagDir/Sk_1_3
    output: /storage/zhangyanxiaoLab/suzhuojie/projects/Aging_CUT_Tag/data/samples/HiC/skin/ob_ex_matrix/Sk_1_3/Sk_1_3_50000_chr7_ob_ex_Matrix.txt
    jobid: 7
    reason: Missing output files: /storage/zhangyanxiaoLab/suzhuojie/projects/Aging_CUT_Tag/data/samples/HiC/skin/ob_ex_matrix/Sk_1_3/Sk_1_3_50000_chr7_ob_ex_Matrix.txt
    wildcards: sample=Sk_1_3, resolution=50000, chr=chr7
    threads: 5
    resources: tmpdir=/tmp

[Mon Jun 30 10:47:21 2025]
Finished job 63.
13 of 85 steps (15%) done
Select jobs to execute...

[Mon Jun 30 10:47:21 2025]
rule analyze_hic:
    input: /storage/zhangyanxiaoLab/suzhuojie/projects/Aging_CUT_Tag/data/samples/HiC/skin/compartment/homer_compartment/tagDir/Sk_1_3
    output: /storage/zhangyanxiaoLab/suzhuojie/projects/Aging_CUT_Tag/data/samples/HiC/skin/ob_ex_matrix/Sk_1_3/Sk_1_3_50000_chr2_ob_ex_Matrix.txt
    jobid: 2
    reason: Missing output files: /storage/zhangyanxiaoLab/suzhuojie/projects/Aging_CUT_Tag/data/samples/HiC/skin/ob_ex_matrix/Sk_1_3/Sk_1_3_50000_chr2_ob_ex_Matrix.txt
    wildcards: sample=Sk_1_3, resolution=50000, chr=chr2
    threads: 5
    resources: tmpdir=/tmp

[Mon Jun 30 10:47:33 2025]
Finished job 57.
14 of 85 steps (16%) done
Select jobs to execute...

[Mon Jun 30 10:47:33 2025]
rule analyze_hic:
    input: /storage/zhangyanxiaoLab/suzhuojie/projects/Aging_CUT_Tag/data/samples/HiC/skin/compartment/homer_compartment/tagDir/Sk_aged_254
    output: /storage/zhangyanxiaoLab/suzhuojie/projects/Aging_CUT_Tag/data/samples/HiC/skin/ob_ex_matrix/Sk_aged_254/Sk_aged_254_50000_chr9_ob_ex_Matrix.txt
    jobid: 72
    reason: Missing output files: /storage/zhangyanxiaoLab/suzhuojie/projects/Aging_CUT_Tag/data/samples/HiC/skin/ob_ex_matrix/Sk_aged_254/Sk_aged_254_50000_chr9_ob_ex_Matrix.txt
    wildcards: sample=Sk_aged_254, resolution=50000, chr=chr9
    threads: 5
    resources: tmpdir=/tmp

[Mon Jun 30 10:47:46 2025]
Finished job 7.
15 of 85 steps (18%) done
Select jobs to execute...

[Mon Jun 30 10:47:46 2025]
rule analyze_hic:
    input: /storage/zhangyanxiaoLab/suzhuojie/projects/Aging_CUT_Tag/data/samples/HiC/skin/compartment/homer_compartment/tagDir/Sk_1_3
    output: /storage/zhangyanxiaoLab/suzhuojie/projects/Aging_CUT_Tag/data/samples/HiC/skin/ob_ex_matrix/Sk_1_3/Sk_1_3_50000_chr9_ob_ex_Matrix.txt
    jobid: 9
    reason: Missing output files: /storage/zhangyanxiaoLab/suzhuojie/projects/Aging_CUT_Tag/data/samples/HiC/skin/ob_ex_matrix/Sk_1_3/Sk_1_3_50000_chr9_ob_ex_Matrix.txt
    wildcards: sample=Sk_1_3, resolution=50000, chr=chr9
    threads: 5
    resources: tmpdir=/tmp

[Mon Jun 30 10:48:09 2025]
Finished job 72.
16 of 85 steps (19%) done
Select jobs to execute...

[Mon Jun 30 10:48:09 2025]
rule analyze_hic:
    input: /storage/zhangyanxiaoLab/suzhuojie/projects/Aging_CUT_Tag/data/samples/HiC/skin/compartment/homer_compartment/tagDir/Sk_2_3
    output: /storage/zhangyanxiaoLab/suzhuojie/projects/Aging_CUT_Tag/data/samples/HiC/skin/ob_ex_matrix/Sk_2_3/Sk_2_3_50000_chr9_ob_ex_Matrix.txt
    jobid: 30
    reason: Missing output files: /storage/zhangyanxiaoLab/suzhuojie/projects/Aging_CUT_Tag/data/samples/HiC/skin/ob_ex_matrix/Sk_2_3/Sk_2_3_50000_chr9_ob_ex_Matrix.txt
    wildcards: sample=Sk_2_3, resolution=50000, chr=chr9
    threads: 5
    resources: tmpdir=/tmp

[Mon Jun 30 10:48:27 2025]
Finished job 2.
17 of 85 steps (20%) done
Select jobs to execute...

[Mon Jun 30 10:48:27 2025]
rule analyze_hic:
    input: /storage/zhangyanxiaoLab/suzhuojie/projects/Aging_CUT_Tag/data/samples/HiC/skin/compartment/homer_compartment/tagDir/Sk_2_3
    output: /storage/zhangyanxiaoLab/suzhuojie/projects/Aging_CUT_Tag/data/samples/HiC/skin/ob_ex_matrix/Sk_2_3/Sk_2_3_50000_chr16_ob_ex_Matrix.txt
    jobid: 37
    reason: Missing output files: /storage/zhangyanxiaoLab/suzhuojie/projects/Aging_CUT_Tag/data/samples/HiC/skin/ob_ex_matrix/Sk_2_3/Sk_2_3_50000_chr16_ob_ex_Matrix.txt
    wildcards: sample=Sk_2_3, resolution=50000, chr=chr16
    threads: 5
    resources: tmpdir=/tmp

[Mon Jun 30 10:48:31 2025]
Finished job 9.
18 of 85 steps (21%) done
Select jobs to execute...

[Mon Jun 30 10:48:31 2025]
rule analyze_hic:
    input: /storage/zhangyanxiaoLab/suzhuojie/projects/Aging_CUT_Tag/data/samples/HiC/skin/compartment/homer_compartment/tagDir/Sk_3_3
    output: /storage/zhangyanxiaoLab/suzhuojie/projects/Aging_CUT_Tag/data/samples/HiC/skin/ob_ex_matrix/Sk_3_3/Sk_3_3_50000_chr16_ob_ex_Matrix.txt
    jobid: 58
    reason: Missing output files: /storage/zhangyanxiaoLab/suzhuojie/projects/Aging_CUT_Tag/data/samples/HiC/skin/ob_ex_matrix/Sk_3_3/Sk_3_3_50000_chr16_ob_ex_Matrix.txt
    wildcards: sample=Sk_3_3, resolution=50000, chr=chr16
    threads: 5
    resources: tmpdir=/tmp

[Mon Jun 30 10:48:57 2025]
Finished job 30.
19 of 85 steps (22%) done
Select jobs to execute...

[Mon Jun 30 10:48:57 2025]
rule analyze_hic:
    input: /storage/zhangyanxiaoLab/suzhuojie/projects/Aging_CUT_Tag/data/samples/HiC/skin/compartment/homer_compartment/tagDir/Sk_3_3
    output: /storage/zhangyanxiaoLab/suzhuojie/projects/Aging_CUT_Tag/data/samples/HiC/skin/ob_ex_matrix/Sk_3_3/Sk_3_3_50000_chr9_ob_ex_Matrix.txt
    jobid: 51
    reason: Missing output files: /storage/zhangyanxiaoLab/suzhuojie/projects/Aging_CUT_Tag/data/samples/HiC/skin/ob_ex_matrix/Sk_3_3/Sk_3_3_50000_chr9_ob_ex_Matrix.txt
    wildcards: sample=Sk_3_3, resolution=50000, chr=chr9
    threads: 5
    resources: tmpdir=/tmp

[Mon Jun 30 10:49:05 2025]
Finished job 58.
20 of 85 steps (24%) done
Select jobs to execute...

[Mon Jun 30 10:49:05 2025]
rule analyze_hic:
    input: /storage/zhangyanxiaoLab/suzhuojie/projects/Aging_CUT_Tag/data/samples/HiC/skin/compartment/homer_compartment/tagDir/Sk_3_3
    output: /storage/zhangyanxiaoLab/suzhuojie/projects/Aging_CUT_Tag/data/samples/HiC/skin/ob_ex_matrix/Sk_3_3/Sk_3_3_50000_chr2_ob_ex_Matrix.txt
    jobid: 44
    reason: Missing output files: /storage/zhangyanxiaoLab/suzhuojie/projects/Aging_CUT_Tag/data/samples/HiC/skin/ob_ex_matrix/Sk_3_3/Sk_3_3_50000_chr2_ob_ex_Matrix.txt
    wildcards: sample=Sk_3_3, resolution=50000, chr=chr2
    threads: 5
    resources: tmpdir=/tmp

[Mon Jun 30 10:49:06 2025]
Finished job 37.
21 of 85 steps (25%) done
Select jobs to execute...

[Mon Jun 30 10:49:06 2025]
rule analyze_hic:
    input: /storage/zhangyanxiaoLab/suzhuojie/projects/Aging_CUT_Tag/data/samples/HiC/skin/compartment/homer_compartment/tagDir/Sk_aged_254
    output: /storage/zhangyanxiaoLab/suzhuojie/projects/Aging_CUT_Tag/data/samples/HiC/skin/ob_ex_matrix/Sk_aged_254/Sk_aged_254_50000_chr16_ob_ex_Matrix.txt
    jobid: 79
    reason: Missing output files: /storage/zhangyanxiaoLab/suzhuojie/projects/Aging_CUT_Tag/data/samples/HiC/skin/ob_ex_matrix/Sk_aged_254/Sk_aged_254_50000_chr16_ob_ex_Matrix.txt
    wildcards: sample=Sk_aged_254, resolution=50000, chr=chr16
    threads: 5
    resources: tmpdir=/tmp

[Mon Jun 30 10:49:35 2025]
Finished job 79.
22 of 85 steps (26%) done
Select jobs to execute...

[Mon Jun 30 10:49:35 2025]
rule analyze_hic:
    input: /storage/zhangyanxiaoLab/suzhuojie/projects/Aging_CUT_Tag/data/samples/HiC/skin/compartment/homer_compartment/tagDir/Sk_1_3
    output: /storage/zhangyanxiaoLab/suzhuojie/projects/Aging_CUT_Tag/data/samples/HiC/skin/ob_ex_matrix/Sk_1_3/Sk_1_3_50000_chr16_ob_ex_Matrix.txt
    jobid: 16
    reason: Missing output files: /storage/zhangyanxiaoLab/suzhuojie/projects/Aging_CUT_Tag/data/samples/HiC/skin/ob_ex_matrix/Sk_1_3/Sk_1_3_50000_chr16_ob_ex_Matrix.txt
    wildcards: sample=Sk_1_3, resolution=50000, chr=chr16
    threads: 5
    resources: tmpdir=/tmp

[Mon Jun 30 10:49:44 2025]
Finished job 51.
23 of 85 steps (27%) done
Select jobs to execute...

[Mon Jun 30 10:49:44 2025]
rule analyze_hic:
    input: /storage/zhangyanxiaoLab/suzhuojie/projects/Aging_CUT_Tag/data/samples/HiC/skin/compartment/homer_compartment/tagDir/Sk_2_3
    output: /storage/zhangyanxiaoLab/suzhuojie/projects/Aging_CUT_Tag/data/samples/HiC/skin/ob_ex_matrix/Sk_2_3/Sk_2_3_50000_chr2_ob_ex_Matrix.txt
    jobid: 23
    reason: Missing output files: /storage/zhangyanxiaoLab/suzhuojie/projects/Aging_CUT_Tag/data/samples/HiC/skin/ob_ex_matrix/Sk_2_3/Sk_2_3_50000_chr2_ob_ex_Matrix.txt
    wildcards: sample=Sk_2_3, resolution=50000, chr=chr2
    threads: 5
    resources: tmpdir=/tmp

[Mon Jun 30 10:50:09 2025]
Finished job 16.
24 of 85 steps (28%) done
Select jobs to execute...

[Mon Jun 30 10:50:09 2025]
rule analyze_hic:
    input: /storage/zhangyanxiaoLab/suzhuojie/projects/Aging_CUT_Tag/data/samples/HiC/skin/compartment/homer_compartment/tagDir/Sk_aged_254
    output: /storage/zhangyanxiaoLab/suzhuojie/projects/Aging_CUT_Tag/data/samples/HiC/skin/ob_ex_matrix/Sk_aged_254/Sk_aged_254_50000_chr1_ob_ex_Matrix.txt
    jobid: 64
    reason: Missing output files: /storage/zhangyanxiaoLab/suzhuojie/projects/Aging_CUT_Tag/data/samples/HiC/skin/ob_ex_matrix/Sk_aged_254/Sk_aged_254_50000_chr1_ob_ex_Matrix.txt
    wildcards: sample=Sk_aged_254, resolution=50000, chr=chr1
    threads: 5
    resources: tmpdir=/tmp

[Mon Jun 30 10:50:11 2025]
Finished job 44.
25 of 85 steps (29%) done
Select jobs to execute...

[Mon Jun 30 10:50:11 2025]
rule analyze_hic:
    input: /storage/zhangyanxiaoLab/suzhuojie/projects/Aging_CUT_Tag/data/samples/HiC/skin/compartment/homer_compartment/tagDir/Sk_aged_254
    output: /storage/zhangyanxiaoLab/suzhuojie/projects/Aging_CUT_Tag/data/samples/HiC/skin/ob_ex_matrix/Sk_aged_254/Sk_aged_254_50000_chr2_ob_ex_Matrix.txt
    jobid: 65
    reason: Missing output files: /storage/zhangyanxiaoLab/suzhuojie/projects/Aging_CUT_Tag/data/samples/HiC/skin/ob_ex_matrix/Sk_aged_254/Sk_aged_254_50000_chr2_ob_ex_Matrix.txt
    wildcards: sample=Sk_aged_254, resolution=50000, chr=chr2
    threads: 5
    resources: tmpdir=/tmp

[Mon Jun 30 10:50:52 2025]
Finished job 23.
26 of 85 steps (31%) done
Select jobs to execute...

[Mon Jun 30 10:50:52 2025]
rule analyze_hic:
    input: /storage/zhangyanxiaoLab/suzhuojie/projects/Aging_CUT_Tag/data/samples/HiC/skin/compartment/homer_compartment/tagDir/Sk_2_3
    output: /storage/zhangyanxiaoLab/suzhuojie/projects/Aging_CUT_Tag/data/samples/HiC/skin/ob_ex_matrix/Sk_2_3/Sk_2_3_50000_chr1_ob_ex_Matrix.txt
    jobid: 22
    reason: Missing output files: /storage/zhangyanxiaoLab/suzhuojie/projects/Aging_CUT_Tag/data/samples/HiC/skin/ob_ex_matrix/Sk_2_3/Sk_2_3_50000_chr1_ob_ex_Matrix.txt
    wildcards: sample=Sk_2_3, resolution=50000, chr=chr1
    threads: 5
    resources: tmpdir=/tmp

[Mon Jun 30 10:51:03 2025]
Finished job 65.
27 of 85 steps (32%) done
Select jobs to execute...

[Mon Jun 30 10:51:03 2025]
rule analyze_hic:
    input: /storage/zhangyanxiaoLab/suzhuojie/projects/Aging_CUT_Tag/data/samples/HiC/skin/compartment/homer_compartment/tagDir/Sk_1_3
    output: /storage/zhangyanxiaoLab/suzhuojie/projects/Aging_CUT_Tag/data/samples/HiC/skin/ob_ex_matrix/Sk_1_3/Sk_1_3_50000_chr17_ob_ex_Matrix.txt
    jobid: 17
    reason: Missing output files: /storage/zhangyanxiaoLab/suzhuojie/projects/Aging_CUT_Tag/data/samples/HiC/skin/ob_ex_matrix/Sk_1_3/Sk_1_3_50000_chr17_ob_ex_Matrix.txt
    wildcards: sample=Sk_1_3, resolution=50000, chr=chr17
    threads: 5
    resources: tmpdir=/tmp

[Mon Jun 30 10:51:06 2025]
Finished job 64.
28 of 85 steps (33%) done
Select jobs to execute...

[Mon Jun 30 10:51:06 2025]
rule analyze_hic:
    input: /storage/zhangyanxiaoLab/suzhuojie/projects/Aging_CUT_Tag/data/samples/HiC/skin/compartment/homer_compartment/tagDir/Sk_2_3
    output: /storage/zhangyanxiaoLab/suzhuojie/projects/Aging_CUT_Tag/data/samples/HiC/skin/ob_ex_matrix/Sk_2_3/Sk_2_3_50000_chr15_ob_ex_Matrix.txt
    jobid: 36
    reason: Missing output files: /storage/zhangyanxiaoLab/suzhuojie/projects/Aging_CUT_Tag/data/samples/HiC/skin/ob_ex_matrix/Sk_2_3/Sk_2_3_50000_chr15_ob_ex_Matrix.txt
    wildcards: sample=Sk_2_3, resolution=50000, chr=chr15
    threads: 5
    resources: tmpdir=/tmp

[Mon Jun 30 10:51:35 2025]
Finished job 17.
29 of 85 steps (34%) done
Select jobs to execute...

[Mon Jun 30 10:51:35 2025]
rule analyze_hic:
    input: /storage/zhangyanxiaoLab/suzhuojie/projects/Aging_CUT_Tag/data/samples/HiC/skin/compartment/homer_compartment/tagDir/Sk_3_3
    output: /storage/zhangyanxiaoLab/suzhuojie/projects/Aging_CUT_Tag/data/samples/HiC/skin/ob_ex_matrix/Sk_3_3/Sk_3_3_50000_chr3_ob_ex_Matrix.txt
    jobid: 45
    reason: Missing output files: /storage/zhangyanxiaoLab/suzhuojie/projects/Aging_CUT_Tag/data/samples/HiC/skin/ob_ex_matrix/Sk_3_3/Sk_3_3_50000_chr3_ob_ex_Matrix.txt
    wildcards: sample=Sk_3_3, resolution=50000, chr=chr3
    threads: 5
    resources: tmpdir=/tmp

[Mon Jun 30 10:51:45 2025]
Finished job 36.
30 of 85 steps (35%) done
Select jobs to execute...

[Mon Jun 30 10:51:45 2025]
rule analyze_hic:
    input: /storage/zhangyanxiaoLab/suzhuojie/projects/Aging_CUT_Tag/data/samples/HiC/skin/compartment/homer_compartment/tagDir/Sk_1_3
    output: /storage/zhangyanxiaoLab/suzhuojie/projects/Aging_CUT_Tag/data/samples/HiC/skin/ob_ex_matrix/Sk_1_3/Sk_1_3_50000_chr8_ob_ex_Matrix.txt
    jobid: 8
    reason: Missing output files: /storage/zhangyanxiaoLab/suzhuojie/projects/Aging_CUT_Tag/data/samples/HiC/skin/ob_ex_matrix/Sk_1_3/Sk_1_3_50000_chr8_ob_ex_Matrix.txt
    wildcards: sample=Sk_1_3, resolution=50000, chr=chr8
    threads: 5
    resources: tmpdir=/tmp

[Mon Jun 30 10:51:51 2025]
Finished job 43.
31 of 85 steps (36%) done
Select jobs to execute...

[Mon Jun 30 10:51:51 2025]
rule analyze_hic:
    input: /storage/zhangyanxiaoLab/suzhuojie/projects/Aging_CUT_Tag/data/samples/HiC/skin/compartment/homer_compartment/tagDir/Sk_3_3
    output: /storage/zhangyanxiaoLab/suzhuojie/projects/Aging_CUT_Tag/data/samples/HiC/skin/ob_ex_matrix/Sk_3_3/Sk_3_3_50000_chr17_ob_ex_Matrix.txt
    jobid: 59
    reason: Missing output files: /storage/zhangyanxiaoLab/suzhuojie/projects/Aging_CUT_Tag/data/samples/HiC/skin/ob_ex_matrix/Sk_3_3/Sk_3_3_50000_chr17_ob_ex_Matrix.txt
    wildcards: sample=Sk_3_3, resolution=50000, chr=chr17
    threads: 5
    resources: tmpdir=/tmp

[Mon Jun 30 10:52:05 2025]
Finished job 22.
32 of 85 steps (38%) done
Select jobs to execute...

[Mon Jun 30 10:52:05 2025]
rule analyze_hic:
    input: /storage/zhangyanxiaoLab/suzhuojie/projects/Aging_CUT_Tag/data/samples/HiC/skin/compartment/homer_compartment/tagDir/Sk_2_3
    output: /storage/zhangyanxiaoLab/suzhuojie/projects/Aging_CUT_Tag/data/samples/HiC/skin/ob_ex_matrix/Sk_2_3/Sk_2_3_50000_chr12_ob_ex_Matrix.txt
    jobid: 33
    reason: Missing output files: /storage/zhangyanxiaoLab/suzhuojie/projects/Aging_CUT_Tag/data/samples/HiC/skin/ob_ex_matrix/Sk_2_3/Sk_2_3_50000_chr12_ob_ex_Matrix.txt
    wildcards: sample=Sk_2_3, resolution=50000, chr=chr12
    threads: 5
    resources: tmpdir=/tmp

[Mon Jun 30 10:52:25 2025]
Finished job 59.
33 of 85 steps (39%) done
Select jobs to execute...

[Mon Jun 30 10:52:25 2025]
rule analyze_hic:
    input: /storage/zhangyanxiaoLab/suzhuojie/projects/Aging_CUT_Tag/data/samples/HiC/skin/compartment/homer_compartment/tagDir/Sk_1_3
    output: /storage/zhangyanxiaoLab/suzhuojie/projects/Aging_CUT_Tag/data/samples/HiC/skin/ob_ex_matrix/Sk_1_3/Sk_1_3_50000_chr19_ob_ex_Matrix.txt
    jobid: 19
    reason: Missing output files: /storage/zhangyanxiaoLab/suzhuojie/projects/Aging_CUT_Tag/data/samples/HiC/skin/ob_ex_matrix/Sk_1_3/Sk_1_3_50000_chr19_ob_ex_Matrix.txt
    wildcards: sample=Sk_1_3, resolution=50000, chr=chr19
    threads: 5
    resources: tmpdir=/tmp

[Mon Jun 30 10:52:30 2025]
Finished job 8.
34 of 85 steps (40%) done
Select jobs to execute...

[Mon Jun 30 10:52:30 2025]
rule analyze_hic:
    input: /storage/zhangyanxiaoLab/suzhuojie/projects/Aging_CUT_Tag/data/samples/HiC/skin/compartment/homer_compartment/tagDir/Sk_2_3
    output: /storage/zhangyanxiaoLab/suzhuojie/projects/Aging_CUT_Tag/data/samples/HiC/skin/ob_ex_matrix/Sk_2_3/Sk_2_3_50000_chr10_ob_ex_Matrix.txt
    jobid: 31
    reason: Missing output files: /storage/zhangyanxiaoLab/suzhuojie/projects/Aging_CUT_Tag/data/samples/HiC/skin/ob_ex_matrix/Sk_2_3/Sk_2_3_50000_chr10_ob_ex_Matrix.txt
    wildcards: sample=Sk_2_3, resolution=50000, chr=chr10
    threads: 5
    resources: tmpdir=/tmp

[Mon Jun 30 10:52:30 2025]
Finished job 45.
35 of 85 steps (41%) done
Select jobs to execute...

[Mon Jun 30 10:52:30 2025]
rule analyze_hic:
    input: /storage/zhangyanxiaoLab/suzhuojie/projects/Aging_CUT_Tag/data/samples/HiC/skin/compartment/homer_compartment/tagDir/Sk_aged_254
    output: /storage/zhangyanxiaoLab/suzhuojie/projects/Aging_CUT_Tag/data/samples/HiC/skin/ob_ex_matrix/Sk_aged_254/Sk_aged_254_50000_chr10_ob_ex_Matrix.txt
    jobid: 73
    reason: Missing output files: /storage/zhangyanxiaoLab/suzhuojie/projects/Aging_CUT_Tag/data/samples/HiC/skin/ob_ex_matrix/Sk_aged_254/Sk_aged_254_50000_chr10_ob_ex_Matrix.txt
    wildcards: sample=Sk_aged_254, resolution=50000, chr=chr10
    threads: 5
    resources: tmpdir=/tmp

[Mon Jun 30 10:52:46 2025]
Finished job 19.
36 of 85 steps (42%) done
Select jobs to execute...

[Mon Jun 30 10:52:47 2025]
rule analyze_hic:
    input: /storage/zhangyanxiaoLab/suzhuojie/projects/Aging_CUT_Tag/data/samples/HiC/skin/compartment/homer_compartment/tagDir/Sk_1_3
    output: /storage/zhangyanxiaoLab/suzhuojie/projects/Aging_CUT_Tag/data/samples/HiC/skin/ob_ex_matrix/Sk_1_3/Sk_1_3_50000_chr3_ob_ex_Matrix.txt
    jobid: 3
    reason: Missing output files: /storage/zhangyanxiaoLab/suzhuojie/projects/Aging_CUT_Tag/data/samples/HiC/skin/ob_ex_matrix/Sk_1_3/Sk_1_3_50000_chr3_ob_ex_Matrix.txt
    wildcards: sample=Sk_1_3, resolution=50000, chr=chr3
    threads: 5
    resources: tmpdir=/tmp

[Mon Jun 30 10:52:48 2025]
Finished job 33.
37 of 85 steps (44%) done
Select jobs to execute...

[Mon Jun 30 10:52:48 2025]
rule analyze_hic:
    input: /storage/zhangyanxiaoLab/suzhuojie/projects/Aging_CUT_Tag/data/samples/HiC/skin/compartment/homer_compartment/tagDir/Sk_2_3
    output: /storage/zhangyanxiaoLab/suzhuojie/projects/Aging_CUT_Tag/data/samples/HiC/skin/ob_ex_matrix/Sk_2_3/Sk_2_3_50000_chr17_ob_ex_Matrix.txt
    jobid: 38
    reason: Missing output files: /storage/zhangyanxiaoLab/suzhuojie/projects/Aging_CUT_Tag/data/samples/HiC/skin/ob_ex_matrix/Sk_2_3/Sk_2_3_50000_chr17_ob_ex_Matrix.txt
    wildcards: sample=Sk_2_3, resolution=50000, chr=chr17
    threads: 5
    resources: tmpdir=/tmp

[Mon Jun 30 10:53:08 2025]
Finished job 73.
38 of 85 steps (45%) done
Select jobs to execute...

[Mon Jun 30 10:53:08 2025]
rule analyze_hic:
    input: /storage/zhangyanxiaoLab/suzhuojie/projects/Aging_CUT_Tag/data/samples/HiC/skin/compartment/homer_compartment/tagDir/Sk_aged_254
    output: /storage/zhangyanxiaoLab/suzhuojie/projects/Aging_CUT_Tag/data/samples/HiC/skin/ob_ex_matrix/Sk_aged_254/Sk_aged_254_50000_chr15_ob_ex_Matrix.txt
    jobid: 78
    reason: Missing output files: /storage/zhangyanxiaoLab/suzhuojie/projects/Aging_CUT_Tag/data/samples/HiC/skin/ob_ex_matrix/Sk_aged_254/Sk_aged_254_50000_chr15_ob_ex_Matrix.txt
    wildcards: sample=Sk_aged_254, resolution=50000, chr=chr15
    threads: 5
    resources: tmpdir=/tmp

[Mon Jun 30 10:53:20 2025]
Finished job 31.
39 of 85 steps (46%) done
Select jobs to execute...

[Mon Jun 30 10:53:20 2025]
rule analyze_hic:
    input: /storage/zhangyanxiaoLab/suzhuojie/projects/Aging_CUT_Tag/data/samples/HiC/skin/compartment/homer_compartment/tagDir/Sk_3_3
    output: /storage/zhangyanxiaoLab/suzhuojie/projects/Aging_CUT_Tag/data/samples/HiC/skin/ob_ex_matrix/Sk_3_3/Sk_3_3_50000_chr10_ob_ex_Matrix.txt
    jobid: 52
    reason: Missing output files: /storage/zhangyanxiaoLab/suzhuojie/projects/Aging_CUT_Tag/data/samples/HiC/skin/ob_ex_matrix/Sk_3_3/Sk_3_3_50000_chr10_ob_ex_Matrix.txt
    wildcards: sample=Sk_3_3, resolution=50000, chr=chr10
    threads: 5
    resources: tmpdir=/tmp

[Mon Jun 30 10:53:23 2025]
Finished job 38.
40 of 85 steps (47%) done
Select jobs to execute...

[Mon Jun 30 10:53:23 2025]
rule analyze_hic:
    input: /storage/zhangyanxiaoLab/suzhuojie/projects/Aging_CUT_Tag/data/samples/HiC/skin/compartment/homer_compartment/tagDir/Sk_3_3
    output: /storage/zhangyanxiaoLab/suzhuojie/projects/Aging_CUT_Tag/data/samples/HiC/skin/ob_ex_matrix/Sk_3_3/Sk_3_3_50000_chr8_ob_ex_Matrix.txt
    jobid: 50
    reason: Missing output files: /storage/zhangyanxiaoLab/suzhuojie/projects/Aging_CUT_Tag/data/samples/HiC/skin/ob_ex_matrix/Sk_3_3/Sk_3_3_50000_chr8_ob_ex_Matrix.txt
    wildcards: sample=Sk_3_3, resolution=50000, chr=chr8
    threads: 5
    resources: tmpdir=/tmp

[Mon Jun 30 10:53:38 2025]
Finished job 78.
41 of 85 steps (48%) done
Select jobs to execute...

[Mon Jun 30 10:53:38 2025]
rule analyze_hic:
    input: /storage/zhangyanxiaoLab/suzhuojie/projects/Aging_CUT_Tag/data/samples/HiC/skin/compartment/homer_compartment/tagDir/Sk_aged_254
    output: /storage/zhangyanxiaoLab/suzhuojie/projects/Aging_CUT_Tag/data/samples/HiC/skin/ob_ex_matrix/Sk_aged_254/Sk_aged_254_50000_chr17_ob_ex_Matrix.txt
    jobid: 80
    reason: Missing output files: /storage/zhangyanxiaoLab/suzhuojie/projects/Aging_CUT_Tag/data/samples/HiC/skin/ob_ex_matrix/Sk_aged_254/Sk_aged_254_50000_chr17_ob_ex_Matrix.txt
    wildcards: sample=Sk_aged_254, resolution=50000, chr=chr17
    threads: 5
    resources: tmpdir=/tmp

[Mon Jun 30 10:53:41 2025]
Finished job 3.
42 of 85 steps (49%) done
Select jobs to execute...

[Mon Jun 30 10:53:41 2025]
rule analyze_hic:
    input: /storage/zhangyanxiaoLab/suzhuojie/projects/Aging_CUT_Tag/data/samples/HiC/skin/compartment/homer_compartment/tagDir/Sk_2_3
    output: /storage/zhangyanxiaoLab/suzhuojie/projects/Aging_CUT_Tag/data/samples/HiC/skin/ob_ex_matrix/Sk_2_3/Sk_2_3_50000_chr5_ob_ex_Matrix.txt
    jobid: 26
    reason: Missing output files: /storage/zhangyanxiaoLab/suzhuojie/projects/Aging_CUT_Tag/data/samples/HiC/skin/ob_ex_matrix/Sk_2_3/Sk_2_3_50000_chr5_ob_ex_Matrix.txt
    wildcards: sample=Sk_2_3, resolution=50000, chr=chr5
    threads: 5
    resources: tmpdir=/tmp

[Mon Jun 30 10:54:05 2025]
Finished job 80.
43 of 85 steps (51%) done
Select jobs to execute...

[Mon Jun 30 10:54:05 2025]
rule analyze_hic:
    input: /storage/zhangyanxiaoLab/suzhuojie/projects/Aging_CUT_Tag/data/samples/HiC/skin/compartment/homer_compartment/tagDir/Sk_1_3
    output: /storage/zhangyanxiaoLab/suzhuojie/projects/Aging_CUT_Tag/data/samples/HiC/skin/ob_ex_matrix/Sk_1_3/Sk_1_3_50000_chr10_ob_ex_Matrix.txt
    jobid: 10
    reason: Missing output files: /storage/zhangyanxiaoLab/suzhuojie/projects/Aging_CUT_Tag/data/samples/HiC/skin/ob_ex_matrix/Sk_1_3/Sk_1_3_50000_chr10_ob_ex_Matrix.txt
    wildcards: sample=Sk_1_3, resolution=50000, chr=chr10
    threads: 5
    resources: tmpdir=/tmp

[Mon Jun 30 10:54:05 2025]
Finished job 52.
44 of 85 steps (52%) done
Select jobs to execute...

[Mon Jun 30 10:54:05 2025]
rule analyze_hic:
    input: /storage/zhangyanxiaoLab/suzhuojie/projects/Aging_CUT_Tag/data/samples/HiC/skin/compartment/homer_compartment/tagDir/Sk_aged_254
    output: /storage/zhangyanxiaoLab/suzhuojie/projects/Aging_CUT_Tag/data/samples/HiC/skin/ob_ex_matrix/Sk_aged_254/Sk_aged_254_50000_chr8_ob_ex_Matrix.txt
    jobid: 71
    reason: Missing output files: /storage/zhangyanxiaoLab/suzhuojie/projects/Aging_CUT_Tag/data/samples/HiC/skin/ob_ex_matrix/Sk_aged_254/Sk_aged_254_50000_chr8_ob_ex_Matrix.txt
    wildcards: sample=Sk_aged_254, resolution=50000, chr=chr8
    threads: 5
    resources: tmpdir=/tmp

[Mon Jun 30 10:54:09 2025]
Finished job 50.
45 of 85 steps (53%) done
Select jobs to execute...

[Mon Jun 30 10:54:09 2025]
rule analyze_hic:
    input: /storage/zhangyanxiaoLab/suzhuojie/projects/Aging_CUT_Tag/data/samples/HiC/skin/compartment/homer_compartment/tagDir/Sk_2_3
    output: /storage/zhangyanxiaoLab/suzhuojie/projects/Aging_CUT_Tag/data/samples/HiC/skin/ob_ex_matrix/Sk_2_3/Sk_2_3_50000_chr3_ob_ex_Matrix.txt
    jobid: 24
    reason: Missing output files: /storage/zhangyanxiaoLab/suzhuojie/projects/Aging_CUT_Tag/data/samples/HiC/skin/ob_ex_matrix/Sk_2_3/Sk_2_3_50000_chr3_ob_ex_Matrix.txt
    wildcards: sample=Sk_2_3, resolution=50000, chr=chr3
    threads: 5
    resources: tmpdir=/tmp

[Mon Jun 30 10:54:36 2025]
Finished job 26.
46 of 85 steps (54%) done
Select jobs to execute...

[Mon Jun 30 10:54:36 2025]
rule analyze_hic:
    input: /storage/zhangyanxiaoLab/suzhuojie/projects/Aging_CUT_Tag/data/samples/HiC/skin/compartment/homer_compartment/tagDir/Sk_2_3
    output: /storage/zhangyanxiaoLab/suzhuojie/projects/Aging_CUT_Tag/data/samples/HiC/skin/ob_ex_matrix/Sk_2_3/Sk_2_3_50000_chr8_ob_ex_Matrix.txt
    jobid: 29
    reason: Missing output files: /storage/zhangyanxiaoLab/suzhuojie/projects/Aging_CUT_Tag/data/samples/HiC/skin/ob_ex_matrix/Sk_2_3/Sk_2_3_50000_chr8_ob_ex_Matrix.txt
    wildcards: sample=Sk_2_3, resolution=50000, chr=chr8
    threads: 5
    resources: tmpdir=/tmp

[Mon Jun 30 10:54:42 2025]
Finished job 71.
47 of 85 steps (55%) done
Select jobs to execute...

[Mon Jun 30 10:54:43 2025]
rule analyze_hic:
    input: /storage/zhangyanxiaoLab/suzhuojie/projects/Aging_CUT_Tag/data/samples/HiC/skin/compartment/homer_compartment/tagDir/Sk_1_3
    output: /storage/zhangyanxiaoLab/suzhuojie/projects/Aging_CUT_Tag/data/samples/HiC/skin/ob_ex_matrix/Sk_1_3/Sk_1_3_50000_chr18_ob_ex_Matrix.txt
    jobid: 18
    reason: Missing output files: /storage/zhangyanxiaoLab/suzhuojie/projects/Aging_CUT_Tag/data/samples/HiC/skin/ob_ex_matrix/Sk_1_3/Sk_1_3_50000_chr18_ob_ex_Matrix.txt
    wildcards: sample=Sk_1_3, resolution=50000, chr=chr18
    threads: 5
    resources: tmpdir=/tmp

[Mon Jun 30 10:54:51 2025]
Finished job 10.
48 of 85 steps (56%) done
Select jobs to execute...

[Mon Jun 30 10:54:51 2025]
rule analyze_hic:
    input: /storage/zhangyanxiaoLab/suzhuojie/projects/Aging_CUT_Tag/data/samples/HiC/skin/compartment/homer_compartment/tagDir/Sk_1_3
    output: /storage/zhangyanxiaoLab/suzhuojie/projects/Aging_CUT_Tag/data/samples/HiC/skin/ob_ex_matrix/Sk_1_3/Sk_1_3_50000_chr5_ob_ex_Matrix.txt
    jobid: 5
    reason: Missing output files: /storage/zhangyanxiaoLab/suzhuojie/projects/Aging_CUT_Tag/data/samples/HiC/skin/ob_ex_matrix/Sk_1_3/Sk_1_3_50000_chr5_ob_ex_Matrix.txt
    wildcards: sample=Sk_1_3, resolution=50000, chr=chr5
    threads: 5
    resources: tmpdir=/tmp

[Mon Jun 30 10:55:09 2025]
Finished job 24.
49 of 85 steps (58%) done
Select jobs to execute...

[Mon Jun 30 10:55:09 2025]
rule analyze_hic:
    input: /storage/zhangyanxiaoLab/suzhuojie/projects/Aging_CUT_Tag/data/samples/HiC/skin/compartment/homer_compartment/tagDir/Sk_3_3
    output: /storage/zhangyanxiaoLab/suzhuojie/projects/Aging_CUT_Tag/data/samples/HiC/skin/ob_ex_matrix/Sk_3_3/Sk_3_3_50000_chr5_ob_ex_Matrix.txt
    jobid: 47
    reason: Missing output files: /storage/zhangyanxiaoLab/suzhuojie/projects/Aging_CUT_Tag/data/samples/HiC/skin/ob_ex_matrix/Sk_3_3/Sk_3_3_50000_chr5_ob_ex_Matrix.txt
    wildcards: sample=Sk_3_3, resolution=50000, chr=chr5
    threads: 5
    resources: tmpdir=/tmp

[Mon Jun 30 10:55:15 2025]
Finished job 18.
50 of 85 steps (59%) done
Select jobs to execute...

[Mon Jun 30 10:55:15 2025]
rule analyze_hic:
    input: /storage/zhangyanxiaoLab/suzhuojie/projects/Aging_CUT_Tag/data/samples/HiC/skin/compartment/homer_compartment/tagDir/Sk_3_3
    output: /storage/zhangyanxiaoLab/suzhuojie/projects/Aging_CUT_Tag/data/samples/HiC/skin/ob_ex_matrix/Sk_3_3/Sk_3_3_50000_chr19_ob_ex_Matrix.txt
    jobid: 61
    reason: Missing output files: /storage/zhangyanxiaoLab/suzhuojie/projects/Aging_CUT_Tag/data/samples/HiC/skin/ob_ex_matrix/Sk_3_3/Sk_3_3_50000_chr19_ob_ex_Matrix.txt
    wildcards: sample=Sk_3_3, resolution=50000, chr=chr19
    threads: 5
    resources: tmpdir=/tmp

[Mon Jun 30 10:55:24 2025]
Finished job 29.
51 of 85 steps (60%) done
Select jobs to execute...

[Mon Jun 30 10:55:24 2025]
rule analyze_hic:
    input: /storage/zhangyanxiaoLab/suzhuojie/projects/Aging_CUT_Tag/data/samples/HiC/skin/compartment/homer_compartment/tagDir/Sk_1_3
    output: /storage/zhangyanxiaoLab/suzhuojie/projects/Aging_CUT_Tag/data/samples/HiC/skin/ob_ex_matrix/Sk_1_3/Sk_1_3_50000_chr13_ob_ex_Matrix.txt
    jobid: 13
    reason: Missing output files: /storage/zhangyanxiaoLab/suzhuojie/projects/Aging_CUT_Tag/data/samples/HiC/skin/ob_ex_matrix/Sk_1_3/Sk_1_3_50000_chr13_ob_ex_Matrix.txt
    wildcards: sample=Sk_1_3, resolution=50000, chr=chr13
    threads: 5
    resources: tmpdir=/tmp

[Mon Jun 30 10:55:37 2025]
Finished job 61.
52 of 85 steps (61%) done
Select jobs to execute...

[Mon Jun 30 10:55:37 2025]
rule analyze_hic:
    input: /storage/zhangyanxiaoLab/suzhuojie/projects/Aging_CUT_Tag/data/samples/HiC/skin/compartment/homer_compartment/tagDir/Sk_2_3
    output: /storage/zhangyanxiaoLab/suzhuojie/projects/Aging_CUT_Tag/data/samples/HiC/skin/ob_ex_matrix/Sk_2_3/Sk_2_3_50000_chrX_ob_ex_Matrix.txt
    jobid: 41
    reason: Missing output files: /storage/zhangyanxiaoLab/suzhuojie/projects/Aging_CUT_Tag/data/samples/HiC/skin/ob_ex_matrix/Sk_2_3/Sk_2_3_50000_chrX_ob_ex_Matrix.txt
    wildcards: sample=Sk_2_3, resolution=50000, chr=chrX
    threads: 5
    resources: tmpdir=/tmp

[Mon Jun 30 10:55:44 2025]
Finished job 5.
53 of 85 steps (62%) done
Select jobs to execute...

[Mon Jun 30 10:55:44 2025]
rule analyze_hic:
    input: /storage/zhangyanxiaoLab/suzhuojie/projects/Aging_CUT_Tag/data/samples/HiC/skin/compartment/homer_compartment/tagDir/Sk_3_3
    output: /storage/zhangyanxiaoLab/suzhuojie/projects/Aging_CUT_Tag/data/samples/HiC/skin/ob_ex_matrix/Sk_3_3/Sk_3_3_50000_chr13_ob_ex_Matrix.txt
    jobid: 55
    reason: Missing output files: /storage/zhangyanxiaoLab/suzhuojie/projects/Aging_CUT_Tag/data/samples/HiC/skin/ob_ex_matrix/Sk_3_3/Sk_3_3_50000_chr13_ob_ex_Matrix.txt
    wildcards: sample=Sk_3_3, resolution=50000, chr=chr13
    threads: 5
    resources: tmpdir=/tmp

[Mon Jun 30 10:56:01 2025]
Finished job 47.
54 of 85 steps (64%) done
Select jobs to execute...

[Mon Jun 30 10:56:01 2025]
rule analyze_hic:
    input: /storage/zhangyanxiaoLab/suzhuojie/projects/Aging_CUT_Tag/data/samples/HiC/skin/compartment/homer_compartment/tagDir/Sk_aged_254
    output: /storage/zhangyanxiaoLab/suzhuojie/projects/Aging_CUT_Tag/data/samples/HiC/skin/ob_ex_matrix/Sk_aged_254/Sk_aged_254_50000_chrX_ob_ex_Matrix.txt
    jobid: 83
    reason: Missing output files: /storage/zhangyanxiaoLab/suzhuojie/projects/Aging_CUT_Tag/data/samples/HiC/skin/ob_ex_matrix/Sk_aged_254/Sk_aged_254_50000_chrX_ob_ex_Matrix.txt
    wildcards: sample=Sk_aged_254, resolution=50000, chr=chrX
    threads: 5
    resources: tmpdir=/tmp

[Mon Jun 30 10:56:06 2025]
Finished job 13.
55 of 85 steps (65%) done
Select jobs to execute...

[Mon Jun 30 10:56:06 2025]
rule analyze_hic:
    input: /storage/zhangyanxiaoLab/suzhuojie/projects/Aging_CUT_Tag/data/samples/HiC/skin/compartment/homer_compartment/tagDir/Sk_2_3
    output: /storage/zhangyanxiaoLab/suzhuojie/projects/Aging_CUT_Tag/data/samples/HiC/skin/ob_ex_matrix/Sk_2_3/Sk_2_3_50000_chr6_ob_ex_Matrix.txt
    jobid: 27
    reason: Missing output files: /storage/zhangyanxiaoLab/suzhuojie/projects/Aging_CUT_Tag/data/samples/HiC/skin/ob_ex_matrix/Sk_2_3/Sk_2_3_50000_chr6_ob_ex_Matrix.txt
    wildcards: sample=Sk_2_3, resolution=50000, chr=chr6
    threads: 5
    resources: tmpdir=/tmp

[Mon Jun 30 10:56:06 2025]
Finished job 41.
56 of 85 steps (66%) done
Select jobs to execute...

[Mon Jun 30 10:56:06 2025]
rule analyze_hic:
    input: /storage/zhangyanxiaoLab/suzhuojie/projects/Aging_CUT_Tag/data/samples/HiC/skin/compartment/homer_compartment/tagDir/Sk_aged_254
    output: /storage/zhangyanxiaoLab/suzhuojie/projects/Aging_CUT_Tag/data/samples/HiC/skin/ob_ex_matrix/Sk_aged_254/Sk_aged_254_50000_chr6_ob_ex_Matrix.txt
    jobid: 69
    reason: Missing output files: /storage/zhangyanxiaoLab/suzhuojie/projects/Aging_CUT_Tag/data/samples/HiC/skin/ob_ex_matrix/Sk_aged_254/Sk_aged_254_50000_chr6_ob_ex_Matrix.txt
    wildcards: sample=Sk_aged_254, resolution=50000, chr=chr6
    threads: 5
    resources: tmpdir=/tmp

[Mon Jun 30 10:56:25 2025]
Finished job 83.
57 of 85 steps (67%) done
Select jobs to execute...

[Mon Jun 30 10:56:25 2025]
rule analyze_hic:
    input: /storage/zhangyanxiaoLab/suzhuojie/projects/Aging_CUT_Tag/data/samples/HiC/skin/compartment/homer_compartment/tagDir/Sk_2_3
    output: /storage/zhangyanxiaoLab/suzhuojie/projects/Aging_CUT_Tag/data/samples/HiC/skin/ob_ex_matrix/Sk_2_3/Sk_2_3_50000_chr13_ob_ex_Matrix.txt
    jobid: 34
    reason: Missing output files: /storage/zhangyanxiaoLab/suzhuojie/projects/Aging_CUT_Tag/data/samples/HiC/skin/ob_ex_matrix/Sk_2_3/Sk_2_3_50000_chr13_ob_ex_Matrix.txt
    wildcards: sample=Sk_2_3, resolution=50000, chr=chr13
    threads: 5
    resources: tmpdir=/tmp

[Mon Jun 30 10:56:25 2025]
Finished job 55.
58 of 85 steps (68%) done
Select jobs to execute...

[Mon Jun 30 10:56:25 2025]
rule analyze_hic:
    input: /storage/zhangyanxiaoLab/suzhuojie/projects/Aging_CUT_Tag/data/samples/HiC/skin/compartment/homer_compartment/tagDir/Sk_3_3
    output: /storage/zhangyanxiaoLab/suzhuojie/projects/Aging_CUT_Tag/data/samples/HiC/skin/ob_ex_matrix/Sk_3_3/Sk_3_3_50000_chr6_ob_ex_Matrix.txt
    jobid: 48
    reason: Missing output files: /storage/zhangyanxiaoLab/suzhuojie/projects/Aging_CUT_Tag/data/samples/HiC/skin/ob_ex_matrix/Sk_3_3/Sk_3_3_50000_chr6_ob_ex_Matrix.txt
    wildcards: sample=Sk_3_3, resolution=50000, chr=chr6
    threads: 5
    resources: tmpdir=/tmp

[Mon Jun 30 10:56:51 2025]
Finished job 69.
59 of 85 steps (69%) done
Select jobs to execute...

[Mon Jun 30 10:56:51 2025]
rule analyze_hic:
    input: /storage/zhangyanxiaoLab/suzhuojie/projects/Aging_CUT_Tag/data/samples/HiC/skin/compartment/homer_compartment/tagDir/Sk_aged_254
    output: /storage/zhangyanxiaoLab/suzhuojie/projects/Aging_CUT_Tag/data/samples/HiC/skin/ob_ex_matrix/Sk_aged_254/Sk_aged_254_50000_chr13_ob_ex_Matrix.txt
    jobid: 76
    reason: Missing output files: /storage/zhangyanxiaoLab/suzhuojie/projects/Aging_CUT_Tag/data/samples/HiC/skin/ob_ex_matrix/Sk_aged_254/Sk_aged_254_50000_chr13_ob_ex_Matrix.txt
    wildcards: sample=Sk_aged_254, resolution=50000, chr=chr13
    threads: 5
    resources: tmpdir=/tmp

[Mon Jun 30 10:57:03 2025]
Finished job 27.
60 of 85 steps (71%) done
Select jobs to execute...

[Mon Jun 30 10:57:03 2025]
rule analyze_hic:
    input: /storage/zhangyanxiaoLab/suzhuojie/projects/Aging_CUT_Tag/data/samples/HiC/skin/compartment/homer_compartment/tagDir/Sk_1_3
    output: /storage/zhangyanxiaoLab/suzhuojie/projects/Aging_CUT_Tag/data/samples/HiC/skin/ob_ex_matrix/Sk_1_3/Sk_1_3_50000_chr6_ob_ex_Matrix.txt
    jobid: 6
    reason: Missing output files: /storage/zhangyanxiaoLab/suzhuojie/projects/Aging_CUT_Tag/data/samples/HiC/skin/ob_ex_matrix/Sk_1_3/Sk_1_3_50000_chr6_ob_ex_Matrix.txt
    wildcards: sample=Sk_1_3, resolution=50000, chr=chr6
    threads: 5
    resources: tmpdir=/tmp

[Mon Jun 30 10:57:10 2025]
Finished job 34.
61 of 85 steps (72%) done
Select jobs to execute...

[Mon Jun 30 10:57:10 2025]
rule analyze_hic:
    input: /storage/zhangyanxiaoLab/suzhuojie/projects/Aging_CUT_Tag/data/samples/HiC/skin/compartment/homer_compartment/tagDir/Sk_1_3
    output: /storage/zhangyanxiaoLab/suzhuojie/projects/Aging_CUT_Tag/data/samples/HiC/skin/ob_ex_matrix/Sk_1_3/Sk_1_3_50000_chrX_ob_ex_Matrix.txt
    jobid: 20
    reason: Missing output files: /storage/zhangyanxiaoLab/suzhuojie/projects/Aging_CUT_Tag/data/samples/HiC/skin/ob_ex_matrix/Sk_1_3/Sk_1_3_50000_chrX_ob_ex_Matrix.txt
    wildcards: sample=Sk_1_3, resolution=50000, chr=chrX
    threads: 5
    resources: tmpdir=/tmp

[Mon Jun 30 10:57:18 2025]
Finished job 48.
62 of 85 steps (73%) done
Select jobs to execute...

[Mon Jun 30 10:57:18 2025]
rule analyze_hic:
    input: /storage/zhangyanxiaoLab/suzhuojie/projects/Aging_CUT_Tag/data/samples/HiC/skin/compartment/homer_compartment/tagDir/Sk_3_3
    output: /storage/zhangyanxiaoLab/suzhuojie/projects/Aging_CUT_Tag/data/samples/HiC/skin/ob_ex_matrix/Sk_3_3/Sk_3_3_50000_chrX_ob_ex_Matrix.txt
    jobid: 62
    reason: Missing output files: /storage/zhangyanxiaoLab/suzhuojie/projects/Aging_CUT_Tag/data/samples/HiC/skin/ob_ex_matrix/Sk_3_3/Sk_3_3_50000_chrX_ob_ex_Matrix.txt
    wildcards: sample=Sk_3_3, resolution=50000, chr=chrX
    threads: 5
    resources: tmpdir=/tmp

[Mon Jun 30 10:57:26 2025]
Finished job 76.
63 of 85 steps (74%) done
Select jobs to execute...

[Mon Jun 30 10:57:26 2025]
rule analyze_hic:
    input: /storage/zhangyanxiaoLab/suzhuojie/projects/Aging_CUT_Tag/data/samples/HiC/skin/compartment/homer_compartment/tagDir/Sk_3_3
    output: /storage/zhangyanxiaoLab/suzhuojie/projects/Aging_CUT_Tag/data/samples/HiC/skin/ob_ex_matrix/Sk_3_3/Sk_3_3_50000_chr18_ob_ex_Matrix.txt
    jobid: 60
    reason: Missing output files: /storage/zhangyanxiaoLab/suzhuojie/projects/Aging_CUT_Tag/data/samples/HiC/skin/ob_ex_matrix/Sk_3_3/Sk_3_3_50000_chr18_ob_ex_Matrix.txt
    wildcards: sample=Sk_3_3, resolution=50000, chr=chr18
    threads: 5
    resources: tmpdir=/tmp

[Mon Jun 30 10:57:36 2025]
Finished job 20.
64 of 85 steps (75%) done
Select jobs to execute...

[Mon Jun 30 10:57:36 2025]
rule analyze_hic:
    input: /storage/zhangyanxiaoLab/suzhuojie/projects/Aging_CUT_Tag/data/samples/HiC/skin/compartment/homer_compartment/tagDir/Sk_1_3
    output: /storage/zhangyanxiaoLab/suzhuojie/projects/Aging_CUT_Tag/data/samples/HiC/skin/ob_ex_matrix/Sk_1_3/Sk_1_3_50000_chr4_ob_ex_Matrix.txt
    jobid: 4
    reason: Missing output files: /storage/zhangyanxiaoLab/suzhuojie/projects/Aging_CUT_Tag/data/samples/HiC/skin/ob_ex_matrix/Sk_1_3/Sk_1_3_50000_chr4_ob_ex_Matrix.txt
    wildcards: sample=Sk_1_3, resolution=50000, chr=chr4
    threads: 5
    resources: tmpdir=/tmp

[Mon Jun 30 10:57:45 2025]
Finished job 62.
65 of 85 steps (76%) done
Select jobs to execute...

[Mon Jun 30 10:57:45 2025]
rule analyze_hic:
    input: /storage/zhangyanxiaoLab/suzhuojie/projects/Aging_CUT_Tag/data/samples/HiC/skin/compartment/homer_compartment/tagDir/Sk_3_3
    output: /storage/zhangyanxiaoLab/suzhuojie/projects/Aging_CUT_Tag/data/samples/HiC/skin/ob_ex_matrix/Sk_3_3/Sk_3_3_50000_chr11_ob_ex_Matrix.txt
    jobid: 53
    reason: Missing output files: /storage/zhangyanxiaoLab/suzhuojie/projects/Aging_CUT_Tag/data/samples/HiC/skin/ob_ex_matrix/Sk_3_3/Sk_3_3_50000_chr11_ob_ex_Matrix.txt
    wildcards: sample=Sk_3_3, resolution=50000, chr=chr11
    threads: 5
    resources: tmpdir=/tmp

[Mon Jun 30 10:57:57 2025]
Finished job 6.
66 of 85 steps (78%) done
Select jobs to execute...

[Mon Jun 30 10:57:57 2025]
rule analyze_hic:
    input: /storage/zhangyanxiaoLab/suzhuojie/projects/Aging_CUT_Tag/data/samples/HiC/skin/compartment/homer_compartment/tagDir/Sk_1_3
    output: /storage/zhangyanxiaoLab/suzhuojie/projects/Aging_CUT_Tag/data/samples/HiC/skin/ob_ex_matrix/Sk_1_3/Sk_1_3_50000_chr1_ob_ex_Matrix.txt
    jobid: 1
    reason: Missing output files: /storage/zhangyanxiaoLab/suzhuojie/projects/Aging_CUT_Tag/data/samples/HiC/skin/ob_ex_matrix/Sk_1_3/Sk_1_3_50000_chr1_ob_ex_Matrix.txt
    wildcards: sample=Sk_1_3, resolution=50000, chr=chr1
    threads: 5
    resources: tmpdir=/tmp

[Mon Jun 30 10:57:59 2025]
Finished job 60.
67 of 85 steps (79%) done
Select jobs to execute...

[Mon Jun 30 10:57:59 2025]
rule analyze_hic:
    input: /storage/zhangyanxiaoLab/suzhuojie/projects/Aging_CUT_Tag/data/samples/HiC/skin/compartment/homer_compartment/tagDir/Sk_aged_254
    output: /storage/zhangyanxiaoLab/suzhuojie/projects/Aging_CUT_Tag/data/samples/HiC/skin/ob_ex_matrix/Sk_aged_254/Sk_aged_254_50000_chr7_ob_ex_Matrix.txt
    jobid: 70
    reason: Missing output files: /storage/zhangyanxiaoLab/suzhuojie/projects/Aging_CUT_Tag/data/samples/HiC/skin/ob_ex_matrix/Sk_aged_254/Sk_aged_254_50000_chr7_ob_ex_Matrix.txt
    wildcards: sample=Sk_aged_254, resolution=50000, chr=chr7
    threads: 5
    resources: tmpdir=/tmp

[Mon Jun 30 10:58:30 2025]
Finished job 4.
68 of 85 steps (80%) done
Select jobs to execute...

[Mon Jun 30 10:58:30 2025]
rule analyze_hic:
    input: /storage/zhangyanxiaoLab/suzhuojie/projects/Aging_CUT_Tag/data/samples/HiC/skin/compartment/homer_compartment/tagDir/Sk_2_3
    output: /storage/zhangyanxiaoLab/suzhuojie/projects/Aging_CUT_Tag/data/samples/HiC/skin/ob_ex_matrix/Sk_2_3/Sk_2_3_50000_chrY_ob_ex_Matrix.txt
    jobid: 42
    reason: Missing output files: /storage/zhangyanxiaoLab/suzhuojie/projects/Aging_CUT_Tag/data/samples/HiC/skin/ob_ex_matrix/Sk_2_3/Sk_2_3_50000_chrY_ob_ex_Matrix.txt
    wildcards: sample=Sk_2_3, resolution=50000, chr=chrY
    threads: 5
    resources: tmpdir=/tmp

[Mon Jun 30 10:58:31 2025]
Finished job 53.
69 of 85 steps (81%) done
Select jobs to execute...

[Mon Jun 30 10:58:31 2025]
rule analyze_hic:
    input: /storage/zhangyanxiaoLab/suzhuojie/projects/Aging_CUT_Tag/data/samples/HiC/skin/compartment/homer_compartment/tagDir/Sk_1_3
    output: /storage/zhangyanxiaoLab/suzhuojie/projects/Aging_CUT_Tag/data/samples/HiC/skin/ob_ex_matrix/Sk_1_3/Sk_1_3_50000_chr12_ob_ex_Matrix.txt
    jobid: 12
    reason: Missing output files: /storage/zhangyanxiaoLab/suzhuojie/projects/Aging_CUT_Tag/data/samples/HiC/skin/ob_ex_matrix/Sk_1_3/Sk_1_3_50000_chr12_ob_ex_Matrix.txt
    wildcards: sample=Sk_1_3, resolution=50000, chr=chr12
    threads: 5
    resources: tmpdir=/tmp

[Mon Jun 30 10:58:32 2025]
Finished job 42.
70 of 85 steps (82%) done
Select jobs to execute...

[Mon Jun 30 10:58:32 2025]
rule analyze_hic:
    input: /storage/zhangyanxiaoLab/suzhuojie/projects/Aging_CUT_Tag/data/samples/HiC/skin/compartment/homer_compartment/tagDir/Sk_1_3
    output: /storage/zhangyanxiaoLab/suzhuojie/projects/Aging_CUT_Tag/data/samples/HiC/skin/ob_ex_matrix/Sk_1_3/Sk_1_3_50000_chr14_ob_ex_Matrix.txt
    jobid: 14
    reason: Missing output files: /storage/zhangyanxiaoLab/suzhuojie/projects/Aging_CUT_Tag/data/samples/HiC/skin/ob_ex_matrix/Sk_1_3/Sk_1_3_50000_chr14_ob_ex_Matrix.txt
    wildcards: sample=Sk_1_3, resolution=50000, chr=chr14
    threads: 5
    resources: tmpdir=/tmp

[Mon Jun 30 10:58:39 2025]
Finished job 70.
71 of 85 steps (84%) done
Select jobs to execute...

[Mon Jun 30 10:58:40 2025]
rule analyze_hic:
    input: /storage/zhangyanxiaoLab/suzhuojie/projects/Aging_CUT_Tag/data/samples/HiC/skin/compartment/homer_compartment/tagDir/Sk_2_3
    output: /storage/zhangyanxiaoLab/suzhuojie/projects/Aging_CUT_Tag/data/samples/HiC/skin/ob_ex_matrix/Sk_2_3/Sk_2_3_50000_chr7_ob_ex_Matrix.txt
    jobid: 28
    reason: Missing output files: /storage/zhangyanxiaoLab/suzhuojie/projects/Aging_CUT_Tag/data/samples/HiC/skin/ob_ex_matrix/Sk_2_3/Sk_2_3_50000_chr7_ob_ex_Matrix.txt
    wildcards: sample=Sk_2_3, resolution=50000, chr=chr7
    threads: 5
    resources: tmpdir=/tmp

[Mon Jun 30 10:59:07 2025]
Finished job 1.
72 of 85 steps (85%) done
Select jobs to execute...

[Mon Jun 30 10:59:07 2025]
rule analyze_hic:
    input: /storage/zhangyanxiaoLab/suzhuojie/projects/Aging_CUT_Tag/data/samples/HiC/skin/compartment/homer_compartment/tagDir/Sk_aged_254
    output: /storage/zhangyanxiaoLab/suzhuojie/projects/Aging_CUT_Tag/data/samples/HiC/skin/ob_ex_matrix/Sk_aged_254/Sk_aged_254_50000_chrY_ob_ex_Matrix.txt
    jobid: 84
    reason: Missing output files: /storage/zhangyanxiaoLab/suzhuojie/projects/Aging_CUT_Tag/data/samples/HiC/skin/ob_ex_matrix/Sk_aged_254/Sk_aged_254_50000_chrY_ob_ex_Matrix.txt
    wildcards: sample=Sk_aged_254, resolution=50000, chr=chrY
    threads: 5
    resources: tmpdir=/tmp

[Mon Jun 30 10:59:10 2025]
Finished job 84.
73 of 85 steps (86%) done
Select jobs to execute...

[Mon Jun 30 10:59:10 2025]
rule analyze_hic:
    input: /storage/zhangyanxiaoLab/suzhuojie/projects/Aging_CUT_Tag/data/samples/HiC/skin/compartment/homer_compartment/tagDir/Sk_3_3
    output: /storage/zhangyanxiaoLab/suzhuojie/projects/Aging_CUT_Tag/data/samples/HiC/skin/ob_ex_matrix/Sk_3_3/Sk_3_3_50000_chr14_ob_ex_Matrix.txt
    jobid: 56
    reason: Missing output files: /storage/zhangyanxiaoLab/suzhuojie/projects/Aging_CUT_Tag/data/samples/HiC/skin/ob_ex_matrix/Sk_3_3/Sk_3_3_50000_chr14_ob_ex_Matrix.txt
    wildcards: sample=Sk_3_3, resolution=50000, chr=chr14
    threads: 5
    resources: tmpdir=/tmp

[Mon Jun 30 10:59:13 2025]
Finished job 12.
74 of 85 steps (87%) done
Select jobs to execute...

[Mon Jun 30 10:59:13 2025]
rule analyze_hic:
    input: /storage/zhangyanxiaoLab/suzhuojie/projects/Aging_CUT_Tag/data/samples/HiC/skin/compartment/homer_compartment/tagDir/Sk_aged_254
    output: /storage/zhangyanxiaoLab/suzhuojie/projects/Aging_CUT_Tag/data/samples/HiC/skin/ob_ex_matrix/Sk_aged_254/Sk_aged_254_50000_chr5_ob_ex_Matrix.txt
    jobid: 68
    reason: Missing output files: /storage/zhangyanxiaoLab/suzhuojie/projects/Aging_CUT_Tag/data/samples/HiC/skin/ob_ex_matrix/Sk_aged_254/Sk_aged_254_50000_chr5_ob_ex_Matrix.txt
    wildcards: sample=Sk_aged_254, resolution=50000, chr=chr5
    threads: 5
    resources: tmpdir=/tmp

[Mon Jun 30 10:59:15 2025]
Finished job 14.
75 of 85 steps (88%) done
Select jobs to execute...

[Mon Jun 30 10:59:15 2025]
rule analyze_hic:
    input: /storage/zhangyanxiaoLab/suzhuojie/projects/Aging_CUT_Tag/data/samples/HiC/skin/compartment/homer_compartment/tagDir/Sk_2_3
    output: /storage/zhangyanxiaoLab/suzhuojie/projects/Aging_CUT_Tag/data/samples/HiC/skin/ob_ex_matrix/Sk_2_3/Sk_2_3_50000_chr18_ob_ex_Matrix.txt
    jobid: 39
    reason: Missing output files: /storage/zhangyanxiaoLab/suzhuojie/projects/Aging_CUT_Tag/data/samples/HiC/skin/ob_ex_matrix/Sk_2_3/Sk_2_3_50000_chr18_ob_ex_Matrix.txt
    wildcards: sample=Sk_2_3, resolution=50000, chr=chr18
    threads: 5
    resources: tmpdir=/tmp

[Mon Jun 30 10:59:33 2025]
Finished job 28.
76 of 85 steps (89%) done
Select jobs to execute...

[Mon Jun 30 10:59:33 2025]
rule analyze_hic:
    input: /storage/zhangyanxiaoLab/suzhuojie/projects/Aging_CUT_Tag/data/samples/HiC/skin/compartment/homer_compartment/tagDir/Sk_1_3
    output: /storage/zhangyanxiaoLab/suzhuojie/projects/Aging_CUT_Tag/data/samples/HiC/skin/ob_ex_matrix/Sk_1_3/Sk_1_3_50000_chr11_ob_ex_Matrix.txt
    jobid: 11
    reason: Missing output files: /storage/zhangyanxiaoLab/suzhuojie/projects/Aging_CUT_Tag/data/samples/HiC/skin/ob_ex_matrix/Sk_1_3/Sk_1_3_50000_chr11_ob_ex_Matrix.txt
    wildcards: sample=Sk_1_3, resolution=50000, chr=chr11
    threads: 5
    resources: tmpdir=/tmp

[Mon Jun 30 10:59:50 2025]
Finished job 39.
77 of 85 steps (91%) done
Select jobs to execute...

[Mon Jun 30 10:59:50 2025]
rule analyze_hic:
    input: /storage/zhangyanxiaoLab/suzhuojie/projects/Aging_CUT_Tag/data/samples/HiC/skin/compartment/homer_compartment/tagDir/Sk_aged_254
    output: /storage/zhangyanxiaoLab/suzhuojie/projects/Aging_CUT_Tag/data/samples/HiC/skin/ob_ex_matrix/Sk_aged_254/Sk_aged_254_50000_chr11_ob_ex_Matrix.txt
    jobid: 74
    reason: Missing output files: /storage/zhangyanxiaoLab/suzhuojie/projects/Aging_CUT_Tag/data/samples/HiC/skin/ob_ex_matrix/Sk_aged_254/Sk_aged_254_50000_chr11_ob_ex_Matrix.txt
    wildcards: sample=Sk_aged_254, resolution=50000, chr=chr11
    threads: 5
    resources: tmpdir=/tmp

[Mon Jun 30 10:59:51 2025]
Finished job 56.
78 of 85 steps (92%) done
Select jobs to execute...

[Mon Jun 30 10:59:51 2025]
rule analyze_hic:
    input: /storage/zhangyanxiaoLab/suzhuojie/projects/Aging_CUT_Tag/data/samples/HiC/skin/compartment/homer_compartment/tagDir/Sk_2_3
    output: /storage/zhangyanxiaoLab/suzhuojie/projects/Aging_CUT_Tag/data/samples/HiC/skin/ob_ex_matrix/Sk_2_3/Sk_2_3_50000_chr11_ob_ex_Matrix.txt
    jobid: 32
    reason: Missing output files: /storage/zhangyanxiaoLab/suzhuojie/projects/Aging_CUT_Tag/data/samples/HiC/skin/ob_ex_matrix/Sk_2_3/Sk_2_3_50000_chr11_ob_ex_Matrix.txt
    wildcards: sample=Sk_2_3, resolution=50000, chr=chr11
    threads: 5
    resources: tmpdir=/tmp

[Mon Jun 30 10:59:55 2025]
Finished job 68.
79 of 85 steps (93%) done
Select jobs to execute...

[Mon Jun 30 10:59:55 2025]
rule analyze_hic:
    input: /storage/zhangyanxiaoLab/suzhuojie/projects/Aging_CUT_Tag/data/samples/HiC/skin/compartment/homer_compartment/tagDir/Sk_3_3
    output: /storage/zhangyanxiaoLab/suzhuojie/projects/Aging_CUT_Tag/data/samples/HiC/skin/ob_ex_matrix/Sk_3_3/Sk_3_3_50000_chr4_ob_ex_Matrix.txt
    jobid: 46
    reason: Missing output files: /storage/zhangyanxiaoLab/suzhuojie/projects/Aging_CUT_Tag/data/samples/HiC/skin/ob_ex_matrix/Sk_3_3/Sk_3_3_50000_chr4_ob_ex_Matrix.txt
    wildcards: sample=Sk_3_3, resolution=50000, chr=chr4
    threads: 5
    resources: tmpdir=/tmp

[Mon Jun 30 11:00:19 2025]
Finished job 11.
80 of 85 steps (94%) done
Select jobs to execute...

[Mon Jun 30 11:00:19 2025]
rule analyze_hic:
    input: /storage/zhangyanxiaoLab/suzhuojie/projects/Aging_CUT_Tag/data/samples/HiC/skin/compartment/homer_compartment/tagDir/Sk_aged_254
    output: /storage/zhangyanxiaoLab/suzhuojie/projects/Aging_CUT_Tag/data/samples/HiC/skin/ob_ex_matrix/Sk_aged_254/Sk_aged_254_50000_chr12_ob_ex_Matrix.txt
    jobid: 75
    reason: Missing output files: /storage/zhangyanxiaoLab/suzhuojie/projects/Aging_CUT_Tag/data/samples/HiC/skin/ob_ex_matrix/Sk_aged_254/Sk_aged_254_50000_chr12_ob_ex_Matrix.txt
    wildcards: sample=Sk_aged_254, resolution=50000, chr=chr12
    threads: 5
    resources: tmpdir=/tmp

[Mon Jun 30 11:00:28 2025]
Finished job 74.
81 of 85 steps (95%) done
[Mon Jun 30 11:00:39 2025]
Finished job 32.
82 of 85 steps (96%) done
[Mon Jun 30 11:00:48 2025]
Finished job 46.
83 of 85 steps (98%) done
[Mon Jun 30 11:00:53 2025]
Finished job 75.
84 of 85 steps (99%) done
Select jobs to execute...

[Mon Jun 30 11:00:53 2025]
localrule all:
    input: /storage/zhangyanxiaoLab/suzhuojie/projects/Aging_CUT_Tag/data/samples/HiC/skin/ob_ex_matrix/Sk_1_3/Sk_1_3_50000_chr1_ob_ex_Matrix.txt, /storage/zhangyanxiaoLab/suzhuojie/projects/Aging_CUT_Tag/data/samples/HiC/skin/ob_ex_matrix/Sk_1_3/Sk_1_3_50000_chr2_ob_ex_Matrix.txt, /storage/zhangyanxiaoLab/suzhuojie/projects/Aging_CUT_Tag/data/samples/HiC/skin/ob_ex_matrix/Sk_1_3/Sk_1_3_50000_chr3_ob_ex_Matrix.txt, /storage/zhangyanxiaoLab/suzhuojie/projects/Aging_CUT_Tag/data/samples/HiC/skin/ob_ex_matrix/Sk_1_3/Sk_1_3_50000_chr4_ob_ex_Matrix.txt, /storage/zhangyanxiaoLab/suzhuojie/projects/Aging_CUT_Tag/data/samples/HiC/skin/ob_ex_matrix/Sk_1_3/Sk_1_3_50000_chr5_ob_ex_Matrix.txt, /storage/zhangyanxiaoLab/suzhuojie/projects/Aging_CUT_Tag/data/samples/HiC/skin/ob_ex_matrix/Sk_1_3/Sk_1_3_50000_chr6_ob_ex_Matrix.txt, /storage/zhangyanxiaoLab/suzhuojie/projects/Aging_CUT_Tag/data/samples/HiC/skin/ob_ex_matrix/Sk_1_3/Sk_1_3_50000_chr7_ob_ex_Matrix.txt, /storage/zhangyanxiaoLab/suzhuojie/projects/Aging_CUT_Tag/data/samples/HiC/skin/ob_ex_matrix/Sk_1_3/Sk_1_3_50000_chr8_ob_ex_Matrix.txt, /storage/zhangyanxiaoLab/suzhuojie/projects/Aging_CUT_Tag/data/samples/HiC/skin/ob_ex_matrix/Sk_1_3/Sk_1_3_50000_chr9_ob_ex_Matrix.txt, /storage/zhangyanxiaoLab/suzhuojie/projects/Aging_CUT_Tag/data/samples/HiC/skin/ob_ex_matrix/Sk_1_3/Sk_1_3_50000_chr10_ob_ex_Matrix.txt, /storage/zhangyanxiaoLab/suzhuojie/projects/Aging_CUT_Tag/data/samples/HiC/skin/ob_ex_matrix/Sk_1_3/Sk_1_3_50000_chr11_ob_ex_Matrix.txt, /storage/zhangyanxiaoLab/suzhuojie/projects/Aging_CUT_Tag/data/samples/HiC/skin/ob_ex_matrix/Sk_1_3/Sk_1_3_50000_chr12_ob_ex_Matrix.txt, /storage/zhangyanxiaoLab/suzhuojie/projects/Aging_CUT_Tag/data/samples/HiC/skin/ob_ex_matrix/Sk_1_3/Sk_1_3_50000_chr13_ob_ex_Matrix.txt, /storage/zhangyanxiaoLab/suzhuojie/projects/Aging_CUT_Tag/data/samples/HiC/skin/ob_ex_matrix/Sk_1_3/Sk_1_3_50000_chr14_ob_ex_Matrix.txt, /storage/zhangyanxiaoLab/suzhuojie/projects/Aging_CUT_Tag/data/samples/HiC/skin/ob_ex_matrix/Sk_1_3/Sk_1_3_50000_chr15_ob_ex_Matrix.txt, /storage/zhangyanxiaoLab/suzhuojie/projects/Aging_CUT_Tag/data/samples/HiC/skin/ob_ex_matrix/Sk_1_3/Sk_1_3_50000_chr16_ob_ex_Matrix.txt, /storage/zhangyanxiaoLab/suzhuojie/projects/Aging_CUT_Tag/data/samples/HiC/skin/ob_ex_matrix/Sk_1_3/Sk_1_3_50000_chr17_ob_ex_Matrix.txt, /storage/zhangyanxiaoLab/suzhuojie/projects/Aging_CUT_Tag/data/samples/HiC/skin/ob_ex_matrix/Sk_1_3/Sk_1_3_50000_chr18_ob_ex_Matrix.txt, /storage/zhangyanxiaoLab/suzhuojie/projects/Aging_CUT_Tag/data/samples/HiC/skin/ob_ex_matrix/Sk_1_3/Sk_1_3_50000_chr19_ob_ex_Matrix.txt, /storage/zhangyanxiaoLab/suzhuojie/projects/Aging_CUT_Tag/data/samples/HiC/skin/ob_ex_matrix/Sk_1_3/Sk_1_3_50000_chrX_ob_ex_Matrix.txt, /storage/zhangyanxiaoLab/suzhuojie/projects/Aging_CUT_Tag/data/samples/HiC/skin/ob_ex_matrix/Sk_1_3/Sk_1_3_50000_chrY_ob_ex_Matrix.txt, /storage/zhangyanxiaoLab/suzhuojie/projects/Aging_CUT_Tag/data/samples/HiC/skin/ob_ex_matrix/Sk_2_3/Sk_2_3_50000_chr1_ob_ex_Matrix.txt, /storage/zhangyanxiaoLab/suzhuojie/projects/Aging_CUT_Tag/data/samples/HiC/skin/ob_ex_matrix/Sk_2_3/Sk_2_3_50000_chr2_ob_ex_Matrix.txt, /storage/zhangyanxiaoLab/suzhuojie/projects/Aging_CUT_Tag/data/samples/HiC/skin/ob_ex_matrix/Sk_2_3/Sk_2_3_50000_chr3_ob_ex_Matrix.txt, /storage/zhangyanxiaoLab/suzhuojie/projects/Aging_CUT_Tag/data/samples/HiC/skin/ob_ex_matrix/Sk_2_3/Sk_2_3_50000_chr4_ob_ex_Matrix.txt, /storage/zhangyanxiaoLab/suzhuojie/projects/Aging_CUT_Tag/data/samples/HiC/skin/ob_ex_matrix/Sk_2_3/Sk_2_3_50000_chr5_ob_ex_Matrix.txt, /storage/zhangyanxiaoLab/suzhuojie/projects/Aging_CUT_Tag/data/samples/HiC/skin/ob_ex_matrix/Sk_2_3/Sk_2_3_50000_chr6_ob_ex_Matrix.txt, /storage/zhangyanxiaoLab/suzhuojie/projects/Aging_CUT_Tag/data/samples/HiC/skin/ob_ex_matrix/Sk_2_3/Sk_2_3_50000_chr7_ob_ex_Matrix.txt, /storage/zhangyanxiaoLab/suzhuojie/projects/Aging_CUT_Tag/data/samples/HiC/skin/ob_ex_matrix/Sk_2_3/Sk_2_3_50000_chr8_ob_ex_Matrix.txt, /storage/zhangyanxiaoLab/suzhuojie/projects/Aging_CUT_Tag/data/samples/HiC/skin/ob_ex_matrix/Sk_2_3/Sk_2_3_50000_chr9_ob_ex_Matrix.txt, /storage/zhangyanxiaoLab/suzhuojie/projects/Aging_CUT_Tag/data/samples/HiC/skin/ob_ex_matrix/Sk_2_3/Sk_2_3_50000_chr10_ob_ex_Matrix.txt, /storage/zhangyanxiaoLab/suzhuojie/projects/Aging_CUT_Tag/data/samples/HiC/skin/ob_ex_matrix/Sk_2_3/Sk_2_3_50000_chr11_ob_ex_Matrix.txt, /storage/zhangyanxiaoLab/suzhuojie/projects/Aging_CUT_Tag/data/samples/HiC/skin/ob_ex_matrix/Sk_2_3/Sk_2_3_50000_chr12_ob_ex_Matrix.txt, /storage/zhangyanxiaoLab/suzhuojie/projects/Aging_CUT_Tag/data/samples/HiC/skin/ob_ex_matrix/Sk_2_3/Sk_2_3_50000_chr13_ob_ex_Matrix.txt, /storage/zhangyanxiaoLab/suzhuojie/projects/Aging_CUT_Tag/data/samples/HiC/skin/ob_ex_matrix/Sk_2_3/Sk_2_3_50000_chr14_ob_ex_Matrix.txt, /storage/zhangyanxiaoLab/suzhuojie/projects/Aging_CUT_Tag/data/samples/HiC/skin/ob_ex_matrix/Sk_2_3/Sk_2_3_50000_chr15_ob_ex_Matrix.txt, /storage/zhangyanxiaoLab/suzhuojie/projects/Aging_CUT_Tag/data/samples/HiC/skin/ob_ex_matrix/Sk_2_3/Sk_2_3_50000_chr16_ob_ex_Matrix.txt, /storage/zhangyanxiaoLab/suzhuojie/projects/Aging_CUT_Tag/data/samples/HiC/skin/ob_ex_matrix/Sk_2_3/Sk_2_3_50000_chr17_ob_ex_Matrix.txt, /storage/zhangyanxiaoLab/suzhuojie/projects/Aging_CUT_Tag/data/samples/HiC/skin/ob_ex_matrix/Sk_2_3/Sk_2_3_50000_chr18_ob_ex_Matrix.txt, /storage/zhangyanxiaoLab/suzhuojie/projects/Aging_CUT_Tag/data/samples/HiC/skin/ob_ex_matrix/Sk_2_3/Sk_2_3_50000_chr19_ob_ex_Matrix.txt, /storage/zhangyanxiaoLab/suzhuojie/projects/Aging_CUT_Tag/data/samples/HiC/skin/ob_ex_matrix/Sk_2_3/Sk_2_3_50000_chrX_ob_ex_Matrix.txt, /storage/zhangyanxiaoLab/suzhuojie/projects/Aging_CUT_Tag/data/samples/HiC/skin/ob_ex_matrix/Sk_2_3/Sk_2_3_50000_chrY_ob_ex_Matrix.txt, /storage/zhangyanxiaoLab/suzhuojie/projects/Aging_CUT_Tag/data/samples/HiC/skin/ob_ex_matrix/Sk_3_3/Sk_3_3_50000_chr1_ob_ex_Matrix.txt, /storage/zhangyanxiaoLab/suzhuojie/projects/Aging_CUT_Tag/data/samples/HiC/skin/ob_ex_matrix/Sk_3_3/Sk_3_3_50000_chr2_ob_ex_Matrix.txt, /storage/zhangyanxiaoLab/suzhuojie/projects/Aging_CUT_Tag/data/samples/HiC/skin/ob_ex_matrix/Sk_3_3/Sk_3_3_50000_chr3_ob_ex_Matrix.txt, /storage/zhangyanxiaoLab/suzhuojie/projects/Aging_CUT_Tag/data/samples/HiC/skin/ob_ex_matrix/Sk_3_3/Sk_3_3_50000_chr4_ob_ex_Matrix.txt, /storage/zhangyanxiaoLab/suzhuojie/projects/Aging_CUT_Tag/data/samples/HiC/skin/ob_ex_matrix/Sk_3_3/Sk_3_3_50000_chr5_ob_ex_Matrix.txt, /storage/zhangyanxiaoLab/suzhuojie/projects/Aging_CUT_Tag/data/samples/HiC/skin/ob_ex_matrix/Sk_3_3/Sk_3_3_50000_chr6_ob_ex_Matrix.txt, /storage/zhangyanxiaoLab/suzhuojie/projects/Aging_CUT_Tag/data/samples/HiC/skin/ob_ex_matrix/Sk_3_3/Sk_3_3_50000_chr7_ob_ex_Matrix.txt, /storage/zhangyanxiaoLab/suzhuojie/projects/Aging_CUT_Tag/data/samples/HiC/skin/ob_ex_matrix/Sk_3_3/Sk_3_3_50000_chr8_ob_ex_Matrix.txt, /storage/zhangyanxiaoLab/suzhuojie/projects/Aging_CUT_Tag/data/samples/HiC/skin/ob_ex_matrix/Sk_3_3/Sk_3_3_50000_chr9_ob_ex_Matrix.txt, /storage/zhangyanxiaoLab/suzhuojie/projects/Aging_CUT_Tag/data/samples/HiC/skin/ob_ex_matrix/Sk_3_3/Sk_3_3_50000_chr10_ob_ex_Matrix.txt, /storage/zhangyanxiaoLab/suzhuojie/projects/Aging_CUT_Tag/data/samples/HiC/skin/ob_ex_matrix/Sk_3_3/Sk_3_3_50000_chr11_ob_ex_Matrix.txt, /storage/zhangyanxiaoLab/suzhuojie/projects/Aging_CUT_Tag/data/samples/HiC/skin/ob_ex_matrix/Sk_3_3/Sk_3_3_50000_chr12_ob_ex_Matrix.txt, /storage/zhangyanxiaoLab/suzhuojie/projects/Aging_CUT_Tag/data/samples/HiC/skin/ob_ex_matrix/Sk_3_3/Sk_3_3_50000_chr13_ob_ex_Matrix.txt, /storage/zhangyanxiaoLab/suzhuojie/projects/Aging_CUT_Tag/data/samples/HiC/skin/ob_ex_matrix/Sk_3_3/Sk_3_3_50000_chr14_ob_ex_Matrix.txt, /storage/zhangyanxiaoLab/suzhuojie/projects/Aging_CUT_Tag/data/samples/HiC/skin/ob_ex_matrix/Sk_3_3/Sk_3_3_50000_chr15_ob_ex_Matrix.txt, /storage/zhangyanxiaoLab/suzhuojie/projects/Aging_CUT_Tag/data/samples/HiC/skin/ob_ex_matrix/Sk_3_3/Sk_3_3_50000_chr16_ob_ex_Matrix.txt, /storage/zhangyanxiaoLab/suzhuojie/projects/Aging_CUT_Tag/data/samples/HiC/skin/ob_ex_matrix/Sk_3_3/Sk_3_3_50000_chr17_ob_ex_Matrix.txt, /storage/zhangyanxiaoLab/suzhuojie/projects/Aging_CUT_Tag/data/samples/HiC/skin/ob_ex_matrix/Sk_3_3/Sk_3_3_50000_chr18_ob_ex_Matrix.txt, /storage/zhangyanxiaoLab/suzhuojie/projects/Aging_CUT_Tag/data/samples/HiC/skin/ob_ex_matrix/Sk_3_3/Sk_3_3_50000_chr19_ob_ex_Matrix.txt, /storage/zhangyanxiaoLab/suzhuojie/projects/Aging_CUT_Tag/data/samples/HiC/skin/ob_ex_matrix/Sk_3_3/Sk_3_3_50000_chrX_ob_ex_Matrix.txt, /storage/zhangyanxiaoLab/suzhuojie/projects/Aging_CUT_Tag/data/samples/HiC/skin/ob_ex_matrix/Sk_3_3/Sk_3_3_50000_chrY_ob_ex_Matrix.txt, /storage/zhangyanxiaoLab/suzhuojie/projects/Aging_CUT_Tag/data/samples/HiC/skin/ob_ex_matrix/Sk_aged_254/Sk_aged_254_50000_chr1_ob_ex_Matrix.txt, /storage/zhangyanxiaoLab/suzhuojie/projects/Aging_CUT_Tag/data/samples/HiC/skin/ob_ex_matrix/Sk_aged_254/Sk_aged_254_50000_chr2_ob_ex_Matrix.txt, /storage/zhangyanxiaoLab/suzhuojie/projects/Aging_CUT_Tag/data/samples/HiC/skin/ob_ex_matrix/Sk_aged_254/Sk_aged_254_50000_chr3_ob_ex_Matrix.txt, /storage/zhangyanxiaoLab/suzhuojie/projects/Aging_CUT_Tag/data/samples/HiC/skin/ob_ex_matrix/Sk_aged_254/Sk_aged_254_50000_chr4_ob_ex_Matrix.txt, /storage/zhangyanxiaoLab/suzhuojie/projects/Aging_CUT_Tag/data/samples/HiC/skin/ob_ex_matrix/Sk_aged_254/Sk_aged_254_50000_chr5_ob_ex_Matrix.txt, /storage/zhangyanxiaoLab/suzhuojie/projects/Aging_CUT_Tag/data/samples/HiC/skin/ob_ex_matrix/Sk_aged_254/Sk_aged_254_50000_chr6_ob_ex_Matrix.txt, /storage/zhangyanxiaoLab/suzhuojie/projects/Aging_CUT_Tag/data/samples/HiC/skin/ob_ex_matrix/Sk_aged_254/Sk_aged_254_50000_chr7_ob_ex_Matrix.txt, /storage/zhangyanxiaoLab/suzhuojie/projects/Aging_CUT_Tag/data/samples/HiC/skin/ob_ex_matrix/Sk_aged_254/Sk_aged_254_50000_chr8_ob_ex_Matrix.txt, /storage/zhangyanxiaoLab/suzhuojie/projects/Aging_CUT_Tag/data/samples/HiC/skin/ob_ex_matrix/Sk_aged_254/Sk_aged_254_50000_chr9_ob_ex_Matrix.txt, /storage/zhangyanxiaoLab/suzhuojie/projects/Aging_CUT_Tag/data/samples/HiC/skin/ob_ex_matrix/Sk_aged_254/Sk_aged_254_50000_chr10_ob_ex_Matrix.txt, /storage/zhangyanxiaoLab/suzhuojie/projects/Aging_CUT_Tag/data/samples/HiC/skin/ob_ex_matrix/Sk_aged_254/Sk_aged_254_50000_chr11_ob_ex_Matrix.txt, /storage/zhangyanxiaoLab/suzhuojie/projects/Aging_CUT_Tag/data/samples/HiC/skin/ob_ex_matrix/Sk_aged_254/Sk_aged_254_50000_chr12_ob_ex_Matrix.txt, /storage/zhangyanxiaoLab/suzhuojie/projects/Aging_CUT_Tag/data/samples/HiC/skin/ob_ex_matrix/Sk_aged_254/Sk_aged_254_50000_chr13_ob_ex_Matrix.txt, /storage/zhangyanxiaoLab/suzhuojie/projects/Aging_CUT_Tag/data/samples/HiC/skin/ob_ex_matrix/Sk_aged_254/Sk_aged_254_50000_chr14_ob_ex_Matrix.txt, /storage/zhangyanxiaoLab/suzhuojie/projects/Aging_CUT_Tag/data/samples/HiC/skin/ob_ex_matrix/Sk_aged_254/Sk_aged_254_50000_chr15_ob_ex_Matrix.txt, /storage/zhangyanxiaoLab/suzhuojie/projects/Aging_CUT_Tag/data/samples/HiC/skin/ob_ex_matrix/Sk_aged_254/Sk_aged_254_50000_chr16_ob_ex_Matrix.txt, /storage/zhangyanxiaoLab/suzhuojie/projects/Aging_CUT_Tag/data/samples/HiC/skin/ob_ex_matrix/Sk_aged_254/Sk_aged_254_50000_chr17_ob_ex_Matrix.txt, /storage/zhangyanxiaoLab/suzhuojie/projects/Aging_CUT_Tag/data/samples/HiC/skin/ob_ex_matrix/Sk_aged_254/Sk_aged_254_50000_chr18_ob_ex_Matrix.txt, /storage/zhangyanxiaoLab/suzhuojie/projects/Aging_CUT_Tag/data/samples/HiC/skin/ob_ex_matrix/Sk_aged_254/Sk_aged_254_50000_chr19_ob_ex_Matrix.txt, /storage/zhangyanxiaoLab/suzhuojie/projects/Aging_CUT_Tag/data/samples/HiC/skin/ob_ex_matrix/Sk_aged_254/Sk_aged_254_50000_chrX_ob_ex_Matrix.txt, /storage/zhangyanxiaoLab/suzhuojie/projects/Aging_CUT_Tag/data/samples/HiC/skin/ob_ex_matrix/Sk_aged_254/Sk_aged_254_50000_chrY_ob_ex_Matrix.txt
    jobid: 0
    reason: Input files updated by another job: /storage/zhangyanxiaoLab/suzhuojie/projects/Aging_CUT_Tag/data/samples/HiC/skin/ob_ex_matrix/Sk_aged_254/Sk_aged_254_50000_chr9_ob_ex_Matrix.txt, /storage/zhangyanxiaoLab/suzhuojie/projects/Aging_CUT_Tag/data/samples/HiC/skin/ob_ex_matrix/Sk_1_3/Sk_1_3_50000_chr7_ob_ex_Matrix.txt, /storage/zhangyanxiaoLab/suzhuojie/projects/Aging_CUT_Tag/data/samples/HiC/skin/ob_ex_matrix/Sk_2_3/Sk_2_3_50000_chr5_ob_ex_Matrix.txt, /storage/zhangyanxiaoLab/suzhuojie/projects/Aging_CUT_Tag/data/samples/HiC/skin/ob_ex_matrix/Sk_2_3/Sk_2_3_50000_chr8_ob_ex_Matrix.txt, /storage/zhangyanxiaoLab/suzhuojie/projects/Aging_CUT_Tag/data/samples/HiC/skin/ob_ex_matrix/Sk_3_3/Sk_3_3_50000_chr16_ob_ex_Matrix.txt, /storage/zhangyanxiaoLab/suzhuojie/projects/Aging_CUT_Tag/data/samples/HiC/skin/ob_ex_matrix/Sk_aged_254/Sk_aged_254_50000_chr14_ob_ex_Matrix.txt, /storage/zhangyanxiaoLab/suzhuojie/projects/Aging_CUT_Tag/data/samples/HiC/skin/ob_ex_matrix/Sk_aged_254/Sk_aged_254_50000_chrX_ob_ex_Matrix.txt, /storage/zhangyanxiaoLab/suzhuojie/projects/Aging_CUT_Tag/data/samples/HiC/skin/ob_ex_matrix/Sk_2_3/Sk_2_3_50000_chr6_ob_ex_Matrix.txt, /storage/zhangyanxiaoLab/suzhuojie/projects/Aging_CUT_Tag/data/samples/HiC/skin/ob_ex_matrix/Sk_aged_254/Sk_aged_254_50000_chr6_ob_ex_Matrix.txt, /storage/zhangyanxiaoLab/suzhuojie/projects/Aging_CUT_Tag/data/samples/HiC/skin/ob_ex_matrix/Sk_1_3/Sk_1_3_50000_chr1_ob_ex_Matrix.txt, /storage/zhangyanxiaoLab/suzhuojie/projects/Aging_CUT_Tag/data/samples/HiC/skin/ob_ex_matrix/Sk_1_3/Sk_1_3_50000_chr15_ob_ex_Matrix.txt, /storage/zhangyanxiaoLab/suzhuojie/projects/Aging_CUT_Tag/data/samples/HiC/skin/ob_ex_matrix/Sk_3_3/Sk_3_3_50000_chr9_ob_ex_Matrix.txt, /storage/zhangyanxiaoLab/suzhuojie/projects/Aging_CUT_Tag/data/samples/HiC/skin/ob_ex_matrix/Sk_aged_254/Sk_aged_254_50000_chr7_ob_ex_Matrix.txt, /storage/zhangyanxiaoLab/suzhuojie/projects/Aging_CUT_Tag/data/samples/HiC/skin/ob_ex_matrix/Sk_1_3/Sk_1_3_50000_chr17_ob_ex_Matrix.txt, /storage/zhangyanxiaoLab/suzhuojie/projects/Aging_CUT_Tag/data/samples/HiC/skin/ob_ex_matrix/Sk_3_3/Sk_3_3_50000_chr2_ob_ex_Matrix.txt, /storage/zhangyanxiaoLab/suzhuojie/projects/Aging_CUT_Tag/data/samples/HiC/skin/ob_ex_matrix/Sk_2_3/Sk_2_3_50000_chr11_ob_ex_Matrix.txt, /storage/zhangyanxiaoLab/suzhuojie/projects/Aging_CUT_Tag/data/samples/HiC/skin/ob_ex_matrix/Sk_2_3/Sk_2_3_50000_chr1_ob_ex_Matrix.txt, /storage/zhangyanxiaoLab/suzhuojie/projects/Aging_CUT_Tag/data/samples/HiC/skin/ob_ex_matrix/Sk_1_3/Sk_1_3_50000_chr6_ob_ex_Matrix.txt, /storage/zhangyanxiaoLab/suzhuojie/projects/Aging_CUT_Tag/data/samples/HiC/skin/ob_ex_matrix/Sk_3_3/Sk_3_3_50000_chr3_ob_ex_Matrix.txt, /storage/zhangyanxiaoLab/suzhuojie/projects/Aging_CUT_Tag/data/samples/HiC/skin/ob_ex_matrix/Sk_1_3/Sk_1_3_50000_chr10_ob_ex_Matrix.txt, /storage/zhangyanxiaoLab/suzhuojie/projects/Aging_CUT_Tag/data/samples/HiC/skin/ob_ex_matrix/Sk_2_3/Sk_2_3_50000_chr17_ob_ex_Matrix.txt, /storage/zhangyanxiaoLab/suzhuojie/projects/Aging_CUT_Tag/data/samples/HiC/skin/ob_ex_matrix/Sk_aged_254/Sk_aged_254_50000_chr3_ob_ex_Matrix.txt, /storage/zhangyanxiaoLab/suzhuojie/projects/Aging_CUT_Tag/data/samples/HiC/skin/ob_ex_matrix/Sk_2_3/Sk_2_3_50000_chrY_ob_ex_Matrix.txt, /storage/zhangyanxiaoLab/suzhuojie/projects/Aging_CUT_Tag/data/samples/HiC/skin/ob_ex_matrix/Sk_1_3/Sk_1_3_50000_chrX_ob_ex_Matrix.txt, /storage/zhangyanxiaoLab/suzhuojie/projects/Aging_CUT_Tag/data/samples/HiC/skin/ob_ex_matrix/Sk_2_3/Sk_2_3_50000_chr10_ob_ex_Matrix.txt, /storage/zhangyanxiaoLab/suzhuojie/projects/Aging_CUT_Tag/data/samples/HiC/skin/ob_ex_matrix/Sk_aged_254/Sk_aged_254_50000_chr4_ob_ex_Matrix.txt, /storage/zhangyanxiaoLab/suzhuojie/projects/Aging_CUT_Tag/data/samples/HiC/skin/ob_ex_matrix/Sk_3_3/Sk_3_3_50000_chr6_ob_ex_Matrix.txt, /storage/zhangyanxiaoLab/suzhuojie/projects/Aging_CUT_Tag/data/samples/HiC/skin/ob_ex_matrix/Sk_2_3/Sk_2_3_50000_chrX_ob_ex_Matrix.txt, /storage/zhangyanxiaoLab/suzhuojie/projects/Aging_CUT_Tag/data/samples/HiC/skin/ob_ex_matrix/Sk_3_3/Sk_3_3_50000_chr7_ob_ex_Matrix.txt, /storage/zhangyanxiaoLab/suzhuojie/projects/Aging_CUT_Tag/data/samples/HiC/skin/ob_ex_matrix/Sk_aged_254/Sk_aged_254_50000_chr1_ob_ex_Matrix.txt, /storage/zhangyanxiaoLab/suzhuojie/projects/Aging_CUT_Tag/data/samples/HiC/skin/ob_ex_matrix/Sk_1_3/Sk_1_3_50000_chr18_ob_ex_Matrix.txt, /storage/zhangyanxiaoLab/suzhuojie/projects/Aging_CUT_Tag/data/samples/HiC/skin/ob_ex_matrix/Sk_2_3/Sk_2_3_50000_chr13_ob_ex_Matrix.txt, /storage/zhangyanxiaoLab/suzhuojie/projects/Aging_CUT_Tag/data/samples/HiC/skin/ob_ex_matrix/Sk_1_3/Sk_1_3_50000_chr4_ob_ex_Matrix.txt, /storage/zhangyanxiaoLab/suzhuojie/projects/Aging_CUT_Tag/data/samples/HiC/skin/ob_ex_matrix/Sk_1_3/Sk_1_3_50000_chr13_ob_ex_Matrix.txt, /storage/zhangyanxiaoLab/suzhuojie/projects/Aging_CUT_Tag/data/samples/HiC/skin/ob_ex_matrix/Sk_aged_254/Sk_aged_254_50000_chr18_ob_ex_Matrix.txt, /storage/zhangyanxiaoLab/suzhuojie/projects/Aging_CUT_Tag/data/samples/HiC/skin/ob_ex_matrix/Sk_1_3/Sk_1_3_50000_chr14_ob_ex_Matrix.txt, /storage/zhangyanxiaoLab/suzhuojie/projects/Aging_CUT_Tag/data/samples/HiC/skin/ob_ex_matrix/Sk_2_3/Sk_2_3_50000_chr14_ob_ex_Matrix.txt, /storage/zhangyanxiaoLab/suzhuojie/projects/Aging_CUT_Tag/data/samples/HiC/skin/ob_ex_matrix/Sk_3_3/Sk_3_3_50000_chr14_ob_ex_Matrix.txt, /storage/zhangyanxiaoLab/suzhuojie/projects/Aging_CUT_Tag/data/samples/HiC/skin/ob_ex_matrix/Sk_3_3/Sk_3_3_50000_chr17_ob_ex_Matrix.txt, /storage/zhangyanxiaoLab/suzhuojie/projects/Aging_CUT_Tag/data/samples/HiC/skin/ob_ex_matrix/Sk_aged_254/Sk_aged_254_50000_chr15_ob_ex_Matrix.txt, /storage/zhangyanxiaoLab/suzhuojie/projects/Aging_CUT_Tag/data/samples/HiC/skin/ob_ex_matrix/Sk_2_3/Sk_2_3_50000_chr16_ob_ex_Matrix.txt, /storage/zhangyanxiaoLab/suzhuojie/projects/Aging_CUT_Tag/data/samples/HiC/skin/ob_ex_matrix/Sk_3_3/Sk_3_3_50000_chr15_ob_ex_Matrix.txt, /storage/zhangyanxiaoLab/suzhuojie/projects/Aging_CUT_Tag/data/samples/HiC/skin/ob_ex_matrix/Sk_1_3/Sk_1_3_50000_chr9_ob_ex_Matrix.txt, /storage/zhangyanxiaoLab/suzhuojie/projects/Aging_CUT_Tag/data/samples/HiC/skin/ob_ex_matrix/Sk_3_3/Sk_3_3_50000_chr19_ob_ex_Matrix.txt, /storage/zhangyanxiaoLab/suzhuojie/projects/Aging_CUT_Tag/data/samples/HiC/skin/ob_ex_matrix/Sk_3_3/Sk_3_3_50000_chrY_ob_ex_Matrix.txt, /storage/zhangyanxiaoLab/suzhuojie/projects/Aging_CUT_Tag/data/samples/HiC/skin/ob_ex_matrix/Sk_2_3/Sk_2_3_50000_chr19_ob_ex_Matrix.txt, /storage/zhangyanxiaoLab/suzhuojie/projects/Aging_CUT_Tag/data/samples/HiC/skin/ob_ex_matrix/Sk_2_3/Sk_2_3_50000_chr7_ob_ex_Matrix.txt, /storage/zhangyanxiaoLab/suzhuojie/projects/Aging_CUT_Tag/data/samples/HiC/skin/ob_ex_matrix/Sk_aged_254/Sk_aged_254_50000_chr13_ob_ex_Matrix.txt, /storage/zhangyanxiaoLab/suzhuojie/projects/Aging_CUT_Tag/data/samples/HiC/skin/ob_ex_matrix/Sk_2_3/Sk_2_3_50000_chr15_ob_ex_Matrix.txt, /storage/zhangyanxiaoLab/suzhuojie/projects/Aging_CUT_Tag/data/samples/HiC/skin/ob_ex_matrix/Sk_aged_254/Sk_aged_254_50000_chr10_ob_ex_Matrix.txt, /storage/zhangyanxiaoLab/suzhuojie/projects/Aging_CUT_Tag/data/samples/HiC/skin/ob_ex_matrix/Sk_3_3/Sk_3_3_50000_chr12_ob_ex_Matrix.txt, /storage/zhangyanxiaoLab/suzhuojie/projects/Aging_CUT_Tag/data/samples/HiC/skin/ob_ex_matrix/Sk_3_3/Sk_3_3_50000_chr18_ob_ex_Matrix.txt, /storage/zhangyanxiaoLab/suzhuojie/projects/Aging_CUT_Tag/data/samples/HiC/skin/ob_ex_matrix/Sk_3_3/Sk_3_3_50000_chr10_ob_ex_Matrix.txt, /storage/zhangyanxiaoLab/suzhuojie/projects/Aging_CUT_Tag/data/samples/HiC/skin/ob_ex_matrix/Sk_3_3/Sk_3_3_50000_chr8_ob_ex_Matrix.txt, /storage/zhangyanxiaoLab/suzhuojie/projects/Aging_CUT_Tag/data/samples/HiC/skin/ob_ex_matrix/Sk_1_3/Sk_1_3_50000_chr8_ob_ex_Matrix.txt, /storage/zhangyanxiaoLab/suzhuojie/projects/Aging_CUT_Tag/data/samples/HiC/skin/ob_ex_matrix/Sk_aged_254/Sk_aged_254_50000_chr19_ob_ex_Matrix.txt, /storage/zhangyanxiaoLab/suzhuojie/projects/Aging_CUT_Tag/data/samples/HiC/skin/ob_ex_matrix/Sk_1_3/Sk_1_3_50000_chr3_ob_ex_Matrix.txt, /storage/zhangyanxiaoLab/suzhuojie/projects/Aging_CUT_Tag/data/samples/HiC/skin/ob_ex_matrix/Sk_aged_254/Sk_aged_254_50000_chrY_ob_ex_Matrix.txt, /storage/zhangyanxiaoLab/suzhuojie/projects/Aging_CUT_Tag/data/samples/HiC/skin/ob_ex_matrix/Sk_2_3/Sk_2_3_50000_chr18_ob_ex_Matrix.txt, /storage/zhangyanxiaoLab/suzhuojie/projects/Aging_CUT_Tag/data/samples/HiC/skin/ob_ex_matrix/Sk_1_3/Sk_1_3_50000_chr12_ob_ex_Matrix.txt, /storage/zhangyanxiaoLab/suzhuojie/projects/Aging_CUT_Tag/data/samples/HiC/skin/ob_ex_matrix/Sk_aged_254/Sk_aged_254_50000_chr2_ob_ex_Matrix.txt, /storage/zhangyanxiaoLab/suzhuojie/projects/Aging_CUT_Tag/data/samples/HiC/skin/ob_ex_matrix/Sk_3_3/Sk_3_3_50000_chr4_ob_ex_Matrix.txt, /storage/zhangyanxiaoLab/suzhuojie/projects/Aging_CUT_Tag/data/samples/HiC/skin/ob_ex_matrix/Sk_aged_254/Sk_aged_254_50000_chr11_ob_ex_Matrix.txt, /storage/zhangyanxiaoLab/suzhuojie/projects/Aging_CUT_Tag/data/samples/HiC/skin/ob_ex_matrix/Sk_2_3/Sk_2_3_50000_chr12_ob_ex_Matrix.txt, /storage/zhangyanxiaoLab/suzhuojie/projects/Aging_CUT_Tag/data/samples/HiC/skin/ob_ex_matrix/Sk_aged_254/Sk_aged_254_50000_chr12_ob_ex_Matrix.txt, /storage/zhangyanxiaoLab/suzhuojie/projects/Aging_CUT_Tag/data/samples/HiC/skin/ob_ex_matrix/Sk_3_3/Sk_3_3_50000_chr13_ob_ex_Matrix.txt, /storage/zhangyanxiaoLab/suzhuojie/projects/Aging_CUT_Tag/data/samples/HiC/skin/ob_ex_matrix/Sk_3_3/Sk_3_3_50000_chr1_ob_ex_Matrix.txt, /storage/zhangyanxiaoLab/suzhuojie/projects/Aging_CUT_Tag/data/samples/HiC/skin/ob_ex_matrix/Sk_aged_254/Sk_aged_254_50000_chr16_ob_ex_Matrix.txt, /storage/zhangyanxiaoLab/suzhuojie/projects/Aging_CUT_Tag/data/samples/HiC/skin/ob_ex_matrix/Sk_1_3/Sk_1_3_50000_chr11_ob_ex_Matrix.txt, /storage/zhangyanxiaoLab/suzhuojie/projects/Aging_CUT_Tag/data/samples/HiC/skin/ob_ex_matrix/Sk_1_3/Sk_1_3_50000_chr19_ob_ex_Matrix.txt, /storage/zhangyanxiaoLab/suzhuojie/projects/Aging_CUT_Tag/data/samples/HiC/skin/ob_ex_matrix/Sk_3_3/Sk_3_3_50000_chr5_ob_ex_Matrix.txt, /storage/zhangyanxiaoLab/suzhuojie/projects/Aging_CUT_Tag/data/samples/HiC/skin/ob_ex_matrix/Sk_aged_254/Sk_aged_254_50000_chr5_ob_ex_Matrix.txt, /storage/zhangyanxiaoLab/suzhuojie/projects/Aging_CUT_Tag/data/samples/HiC/skin/ob_ex_matrix/Sk_aged_254/Sk_aged_254_50000_chr17_ob_ex_Matrix.txt, /storage/zhangyanxiaoLab/suzhuojie/projects/Aging_CUT_Tag/data/samples/HiC/skin/ob_ex_matrix/Sk_2_3/Sk_2_3_50000_chr9_ob_ex_Matrix.txt, /storage/zhangyanxiaoLab/suzhuojie/projects/Aging_CUT_Tag/data/samples/HiC/skin/ob_ex_matrix/Sk_2_3/Sk_2_3_50000_chr2_ob_ex_Matrix.txt, /storage/zhangyanxiaoLab/suzhuojie/projects/Aging_CUT_Tag/data/samples/HiC/skin/ob_ex_matrix/Sk_3_3/Sk_3_3_50000_chrX_ob_ex_Matrix.txt, /storage/zhangyanxiaoLab/suzhuojie/projects/Aging_CUT_Tag/data/samples/HiC/skin/ob_ex_matrix/Sk_2_3/Sk_2_3_50000_chr4_ob_ex_Matrix.txt, /storage/zhangyanxiaoLab/suzhuojie/projects/Aging_CUT_Tag/data/samples/HiC/skin/ob_ex_matrix/Sk_aged_254/Sk_aged_254_50000_chr8_ob_ex_Matrix.txt, /storage/zhangyanxiaoLab/suzhuojie/projects/Aging_CUT_Tag/data/samples/HiC/skin/ob_ex_matrix/Sk_3_3/Sk_3_3_50000_chr11_ob_ex_Matrix.txt, /storage/zhangyanxiaoLab/suzhuojie/projects/Aging_CUT_Tag/data/samples/HiC/skin/ob_ex_matrix/Sk_1_3/Sk_1_3_50000_chr16_ob_ex_Matrix.txt, /storage/zhangyanxiaoLab/suzhuojie/projects/Aging_CUT_Tag/data/samples/HiC/skin/ob_ex_matrix/Sk_2_3/Sk_2_3_50000_chr3_ob_ex_Matrix.txt, /storage/zhangyanxiaoLab/suzhuojie/projects/Aging_CUT_Tag/data/samples/HiC/skin/ob_ex_matrix/Sk_1_3/Sk_1_3_50000_chrY_ob_ex_Matrix.txt, /storage/zhangyanxiaoLab/suzhuojie/projects/Aging_CUT_Tag/data/samples/HiC/skin/ob_ex_matrix/Sk_1_3/Sk_1_3_50000_chr5_ob_ex_Matrix.txt, /storage/zhangyanxiaoLab/suzhuojie/projects/Aging_CUT_Tag/data/samples/HiC/skin/ob_ex_matrix/Sk_1_3/Sk_1_3_50000_chr2_ob_ex_Matrix.txt
    resources: tmpdir=/tmp

[Mon Jun 30 11:00:53 2025]
Finished job 0.
85 of 85 steps (100%) done
Complete log: .snakemake/log/2025-06-30T102338.022182.snakemake.log
