Building DAG of jobs...
MissingInputException in rule all in file /storage/zhangyanxiaoLab/suzhuojie/projects/Aging_CUT_Tag/code/HiC/master_distance_normalize_snakefile, line 30:
Missing input files for rule all:
    affected files:
        /storage/zhangyanxiaoLab/suzhuojie/projects/Aging_CUT_Tag/data/samples/HiC/brain/ob_ex_matrix/DYQ135/DYQ135_50000_chr9_ob_ex_Matrix.txt
        /storage/zhangyanxiaoLab/suzhuojie/projects/Aging_CUT_Tag/data/samples/HiC/brain/ob_ex_matrix/DYQ137/DYQ137_50000_chr5_ob_ex_Matrix.txt
        /storage/zhangyanxiaoLab/suzhuojie/projects/Aging_CUT_Tag/data/samples/HiC/brain/ob_ex_matrix/DYQ138/DYQ138_50000_chr14_ob_ex_Matrix.txt
        /storage/zhangyanxiaoLab/suzhuojie/projects/Aging_CUT_Tag/data/samples/HiC/brain/ob_ex_matrix/DYQ135/DYQ135_50000_chr14_ob_ex_Matrix.txt
        /storage/zhangyanxiaoLab/suzhuojie/projects/Aging_CUT_Tag/data/samples/HiC/brain/ob_ex_matrix/DYQ136/DYQ136_50000_chr4_ob_ex_Matrix.txt
        /storage/zhangyanxiaoLab/suzhuojie/projects/Aging_CUT_Tag/data/samples/HiC/brain/ob_ex_matrix/DYQ137/DYQ137_50000_chr12_ob_ex_Matrix.txt
        /storage/zhangyanxiaoLab/suzhuojie/projects/Aging_CUT_Tag/data/samples/HiC/brain/ob_ex_matrix/DYQ137/DYQ137_50000_chr16_ob_ex_Matrix.txt
        /storage/zhangyanxiaoLab/suzhuojie/projects/Aging_CUT_Tag/data/samples/HiC/brain/ob_ex_matrix/DYQ137/DYQ137_50000_chr19_ob_ex_Matrix.txt
        /storage/zhangyanxiaoLab/suzhuojie/projects/Aging_CUT_Tag/data/samples/HiC/brain/ob_ex_matrix/DYQ136/DYQ136_50000_chr9_ob_ex_Matrix.txt
        /storage/zhangyanxiaoLab/suzhuojie/projects/Aging_CUT_Tag/data/samples/HiC/brain/ob_ex_matrix/DYQ138/DYQ138_50000_chr19_ob_ex_Matrix.txt
        /storage/zhangyanxiaoLab/suzhuojie/projects/Aging_CUT_Tag/data/samples/HiC/brain/ob_ex_matrix/DYQ136/DYQ136_50000_chr5_ob_ex_Matrix.txt
        /storage/zhangyanxiaoLab/suzhuojie/projects/Aging_CUT_Tag/data/samples/HiC/brain/ob_ex_matrix/DYQ135/DYQ135_50000_chr6_ob_ex_Matrix.txt
        /storage/zhangyanxiaoLab/suzhuojie/projects/Aging_CUT_Tag/data/samples/HiC/brain/ob_ex_matrix/DYQ136/DYQ136_50000_chrX_ob_ex_Matrix.txt
        /storage/zhangyanxiaoLab/suzhuojie/projects/Aging_CUT_Tag/data/samples/HiC/brain/ob_ex_matrix/DYQ138/DYQ138_50000_chr4_ob_ex_Matrix.txt
        /storage/zhangyanxiaoLab/suzhuojie/projects/Aging_CUT_Tag/data/samples/HiC/brain/ob_ex_matrix/DYQ138/DYQ138_50000_chr3_ob_ex_Matrix.txt
        /storage/zhangyanxiaoLab/suzhuojie/projects/Aging_CUT_Tag/data/samples/HiC/brain/ob_ex_matrix/DYQ135/DYQ135_50000_chr4_ob_ex_Matrix.txt
        /storage/zhangyanxiaoLab/suzhuojie/projects/Aging_CUT_Tag/data/samples/HiC/brain/ob_ex_matrix/DYQ135/DYQ135_50000_chr12_ob_ex_Matrix.txt
        /storage/zhangyanxiaoLab/suzhuojie/projects/Aging_CUT_Tag/data/samples/HiC/brain/ob_ex_matrix/DYQ136/DYQ136_50000_chr3_ob_ex_Matrix.txt
        /storage/zhangyanxiaoLab/suzhuojie/projects/Aging_CUT_Tag/data/samples/HiC/brain/ob_ex_matrix/DYQ138/DYQ138_50000_chr5_ob_ex_Matrix.txt
        /storage/zhangyanxiaoLab/suzhuojie/projects/Aging_CUT_Tag/data/samples/HiC/brain/ob_ex_matrix/DYQ137/DYQ137_50000_chr11_ob_ex_Matrix.txt
        /storage/zhangyanxiaoLab/suzhuojie/projects/Aging_CUT_Tag/data/samples/HiC/brain/ob_ex_matrix/DYQ137/DYQ137_50000_chr13_ob_ex_Matrix.txt
        /storage/zhangyanxiaoLab/suzhuojie/projects/Aging_CUT_Tag/data/samples/HiC/brain/ob_ex_matrix/DYQ136/DYQ136_50000_chr1_ob_ex_Matrix.txt
        /storage/zhangyanxiaoLab/suzhuojie/projects/Aging_CUT_Tag/data/samples/HiC/brain/ob_ex_matrix/DYQ136/DYQ136_50000_chr2_ob_ex_Matrix.txt
        /storage/zhangyanxiaoLab/suzhuojie/projects/Aging_CUT_Tag/data/samples/HiC/brain/ob_ex_matrix/DYQ136/DYQ136_50000_chr11_ob_ex_Matrix.txt
        /storage/zhangyanxiaoLab/suzhuojie/projects/Aging_CUT_Tag/data/samples/HiC/brain/ob_ex_matrix/DYQ137/DYQ137_50000_chr14_ob_ex_Matrix.txt
        /storage/zhangyanxiaoLab/suzhuojie/projects/Aging_CUT_Tag/data/samples/HiC/brain/ob_ex_matrix/DYQ136/DYQ136_50000_chr12_ob_ex_Matrix.txt
        /storage/zhangyanxiaoLab/suzhuojie/projects/Aging_CUT_Tag/data/samples/HiC/brain/ob_ex_matrix/DYQ138/DYQ138_50000_chr15_ob_ex_Matrix.txt
        /storage/zhangyanxiaoLab/suzhuojie/projects/Aging_CUT_Tag/data/samples/HiC/brain/ob_ex_matrix/DYQ136/DYQ136_50000_chr18_ob_ex_Matrix.txt
        /storage/zhangyanxiaoLab/suzhuojie/projects/Aging_CUT_Tag/data/samples/HiC/brain/ob_ex_matrix/DYQ135/DYQ135_50000_chr17_ob_ex_Matrix.txt
        /storage/zhangyanxiaoLab/suzhuojie/projects/Aging_CUT_Tag/data/samples/HiC/brain/ob_ex_matrix/DYQ137/DYQ137_50000_chr9_ob_ex_Matrix.txt
        /storage/zhangyanxiaoLab/suzhuojie/projects/Aging_CUT_Tag/data/samples/HiC/brain/ob_ex_matrix/DYQ136/DYQ136_50000_chr13_ob_ex_Matrix.txt
        /storage/zhangyanxiaoLab/suzhuojie/projects/Aging_CUT_Tag/data/samples/HiC/brain/ob_ex_matrix/DYQ138/DYQ138_50000_chr11_ob_ex_Matrix.txt
        /storage/zhangyanxiaoLab/suzhuojie/projects/Aging_CUT_Tag/data/samples/HiC/brain/ob_ex_matrix/DYQ138/DYQ138_50000_chrY_ob_ex_Matrix.txt
        /storage/zhangyanxiaoLab/suzhuojie/projects/Aging_CUT_Tag/data/samples/HiC/brain/ob_ex_matrix/DYQ135/DYQ135_50000_chr7_ob_ex_Matrix.txt
        /storage/zhangyanxiaoLab/suzhuojie/projects/Aging_CUT_Tag/data/samples/HiC/brain/ob_ex_matrix/DYQ136/DYQ136_50000_chrY_ob_ex_Matrix.txt
        /storage/zhangyanxiaoLab/suzhuojie/projects/Aging_CUT_Tag/data/samples/HiC/brain/ob_ex_matrix/DYQ135/DYQ135_50000_chr5_ob_ex_Matrix.txt
        /storage/zhangyanxiaoLab/suzhuojie/projects/Aging_CUT_Tag/data/samples/HiC/brain/ob_ex_matrix/DYQ136/DYQ136_50000_chr19_ob_ex_Matrix.txt
        /storage/zhangyanxiaoLab/suzhuojie/projects/Aging_CUT_Tag/data/samples/HiC/brain/ob_ex_matrix/DYQ135/DYQ135_50000_chr15_ob_ex_Matrix.txt
        /storage/zhangyanxiaoLab/suzhuojie/projects/Aging_CUT_Tag/data/samples/HiC/brain/ob_ex_matrix/DYQ137/DYQ137_50000_chr10_ob_ex_Matrix.txt
        /storage/zhangyanxiaoLab/suzhuojie/projects/Aging_CUT_Tag/data/samples/HiC/brain/ob_ex_matrix/DYQ135/DYQ135_50000_chr10_ob_ex_Matrix.txt
        /storage/zhangyanxiaoLab/suzhuojie/projects/Aging_CUT_Tag/data/samples/HiC/brain/ob_ex_matrix/DYQ138/DYQ138_50000_chr13_ob_ex_Matrix.txt
        /storage/zhangyanxiaoLab/suzhuojie/projects/Aging_CUT_Tag/data/samples/HiC/brain/ob_ex_matrix/DYQ135/DYQ135_50000_chr2_ob_ex_Matrix.txt
        /storage/zhangyanxiaoLab/suzhuojie/projects/Aging_CUT_Tag/data/samples/HiC/brain/ob_ex_matrix/DYQ138/DYQ138_50000_chr10_ob_ex_Matrix.txt
        /storage/zhangyanxiaoLab/suzhuojie/projects/Aging_CUT_Tag/data/samples/HiC/brain/ob_ex_matrix/DYQ137/DYQ137_50000_chr7_ob_ex_Matrix.txt
        /storage/zhangyanxiaoLab/suzhuojie/projects/Aging_CUT_Tag/data/samples/HiC/brain/ob_ex_matrix/DYQ137/DYQ137_50000_chr4_ob_ex_Matrix.txt
        /storage/zhangyanxiaoLab/suzhuojie/projects/Aging_CUT_Tag/data/samples/HiC/brain/ob_ex_matrix/DYQ135/DYQ135_50000_chr3_ob_ex_Matrix.txt
        /storage/zhangyanxiaoLab/suzhuojie/projects/Aging_CUT_Tag/data/samples/HiC/brain/ob_ex_matrix/DYQ135/DYQ135_50000_chrY_ob_ex_Matrix.txt
        /storage/zhangyanxiaoLab/suzhuojie/projects/Aging_CUT_Tag/data/samples/HiC/brain/ob_ex_matrix/DYQ135/DYQ135_50000_chr18_ob_ex_Matrix.txt
        /storage/zhangyanxiaoLab/suzhuojie/projects/Aging_CUT_Tag/data/samples/HiC/brain/ob_ex_matrix/DYQ135/DYQ135_50000_chr16_ob_ex_Matrix.txt
        /storage/zhangyanxiaoLab/suzhuojie/projects/Aging_CUT_Tag/data/samples/HiC/brain/ob_ex_matrix/DYQ135/DYQ135_50000_chr13_ob_ex_Matrix.txt
        /storage/zhangyanxiaoLab/suzhuojie/projects/Aging_CUT_Tag/data/samples/HiC/brain/ob_ex_matrix/DYQ136/DYQ136_50000_chr16_ob_ex_Matrix.txt
        /storage/zhangyanxiaoLab/suzhuojie/projects/Aging_CUT_Tag/data/samples/HiC/brain/ob_ex_matrix/DYQ138/DYQ138_50000_chr16_ob_ex_Matrix.txt
        /storage/zhangyanxiaoLab/suzhuojie/projects/Aging_CUT_Tag/data/samples/HiC/brain/ob_ex_matrix/DYQ136/DYQ136_50000_chr7_ob_ex_Matrix.txt
        /storage/zhangyanxiaoLab/suzhuojie/projects/Aging_CUT_Tag/data/samples/HiC/brain/ob_ex_matrix/DYQ138/DYQ138_50000_chrX_ob_ex_Matrix.txt
        /storage/zhangyanxiaoLab/suzhuojie/projects/Aging_CUT_Tag/data/samples/HiC/brain/ob_ex_matrix/DYQ135/DYQ135_50000_chr1_ob_ex_Matrix.txt
        /storage/zhangyanxiaoLab/suzhuojie/projects/Aging_CUT_Tag/data/samples/HiC/brain/ob_ex_matrix/DYQ138/DYQ138_50000_chr6_ob_ex_Matrix.txt
        /storage/zhangyanxiaoLab/suzhuojie/projects/Aging_CUT_Tag/data/samples/HiC/brain/ob_ex_matrix/DYQ137/DYQ137_50000_chr18_ob_ex_Matrix.txt
        /storage/zhangyanxiaoLab/suzhuojie/projects/Aging_CUT_Tag/data/samples/HiC/brain/ob_ex_matrix/DYQ135/DYQ135_50000_chr19_ob_ex_Matrix.txt
        /storage/zhangyanxiaoLab/suzhuojie/projects/Aging_CUT_Tag/data/samples/HiC/brain/ob_ex_matrix/DYQ135/DYQ135_50000_chr8_ob_ex_Matrix.txt
        /storage/zhangyanxiaoLab/suzhuojie/projects/Aging_CUT_Tag/data/samples/HiC/brain/ob_ex_matrix/DYQ137/DYQ137_50000_chr3_ob_ex_Matrix.txt
        /storage/zhangyanxiaoLab/suzhuojie/projects/Aging_CUT_Tag/data/samples/HiC/brain/ob_ex_matrix/DYQ136/DYQ136_50000_chr10_ob_ex_Matrix.txt
        /storage/zhangyanxiaoLab/suzhuojie/projects/Aging_CUT_Tag/data/samples/HiC/brain/ob_ex_matrix/DYQ135/DYQ135_50000_chr11_ob_ex_Matrix.txt
        /storage/zhangyanxiaoLab/suzhuojie/projects/Aging_CUT_Tag/data/samples/HiC/brain/ob_ex_matrix/DYQ138/DYQ138_50000_chr7_ob_ex_Matrix.txt
        /storage/zhangyanxiaoLab/suzhuojie/projects/Aging_CUT_Tag/data/samples/HiC/brain/ob_ex_matrix/DYQ136/DYQ136_50000_chr17_ob_ex_Matrix.txt
        /storage/zhangyanxiaoLab/suzhuojie/projects/Aging_CUT_Tag/data/samples/HiC/brain/ob_ex_matrix/DYQ138/DYQ138_50000_chr2_ob_ex_Matrix.txt
        /storage/zhangyanxiaoLab/suzhuojie/projects/Aging_CUT_Tag/data/samples/HiC/brain/ob_ex_matrix/DYQ136/DYQ136_50000_chr8_ob_ex_Matrix.txt
        /storage/zhangyanxiaoLab/suzhuojie/projects/Aging_CUT_Tag/data/samples/HiC/brain/ob_ex_matrix/DYQ137/DYQ137_50000_chr1_ob_ex_Matrix.txt
        /storage/zhangyanxiaoLab/suzhuojie/projects/Aging_CUT_Tag/data/samples/HiC/brain/ob_ex_matrix/DYQ137/DYQ137_50000_chr17_ob_ex_Matrix.txt
        /storage/zhangyanxiaoLab/suzhuojie/projects/Aging_CUT_Tag/data/samples/HiC/brain/ob_ex_matrix/DYQ138/DYQ138_50000_chr8_ob_ex_Matrix.txt
        /storage/zhangyanxiaoLab/suzhuojie/projects/Aging_CUT_Tag/data/samples/HiC/brain/ob_ex_matrix/DYQ135/DYQ135_50000_chrX_ob_ex_Matrix.txt
        /storage/zhangyanxiaoLab/suzhuojie/projects/Aging_CUT_Tag/data/samples/HiC/brain/ob_ex_matrix/DYQ138/DYQ138_50000_chr18_ob_ex_Matrix.txt
        /storage/zhangyanxiaoLab/suzhuojie/projects/Aging_CUT_Tag/data/samples/HiC/brain/ob_ex_matrix/DYQ137/DYQ137_50000_chrY_ob_ex_Matrix.txt
        /storage/zhangyanxiaoLab/suzhuojie/projects/Aging_CUT_Tag/data/samples/HiC/brain/ob_ex_matrix/DYQ137/DYQ137_50000_chr8_ob_ex_Matrix.txt
        /storage/zhangyanxiaoLab/suzhuojie/projects/Aging_CUT_Tag/data/samples/HiC/brain/ob_ex_matrix/DYQ136/DYQ136_50000_chr6_ob_ex_Matrix.txt
        /storage/zhangyanxiaoLab/suzhuojie/projects/Aging_CUT_Tag/data/samples/HiC/brain/ob_ex_matrix/DYQ138/DYQ138_50000_chr12_ob_ex_Matrix.txt
        /storage/zhangyanxiaoLab/suzhuojie/projects/Aging_CUT_Tag/data/samples/HiC/brain/ob_ex_matrix/DYQ137/DYQ137_50000_chr2_ob_ex_Matrix.txt
        /storage/zhangyanxiaoLab/suzhuojie/projects/Aging_CUT_Tag/data/samples/HiC/brain/ob_ex_matrix/DYQ137/DYQ137_50000_chr6_ob_ex_Matrix.txt
        /storage/zhangyanxiaoLab/suzhuojie/projects/Aging_CUT_Tag/data/samples/HiC/brain/ob_ex_matrix/DYQ137/DYQ137_50000_chrX_ob_ex_Matrix.txt
        /storage/zhangyanxiaoLab/suzhuojie/projects/Aging_CUT_Tag/data/samples/HiC/brain/ob_ex_matrix/DYQ138/DYQ138_50000_chr1_ob_ex_Matrix.txt
        /storage/zhangyanxiaoLab/suzhuojie/projects/Aging_CUT_Tag/data/samples/HiC/brain/ob_ex_matrix/DYQ137/DYQ137_50000_chr15_ob_ex_Matrix.txt
        /storage/zhangyanxiaoLab/suzhuojie/projects/Aging_CUT_Tag/data/samples/HiC/brain/ob_ex_matrix/DYQ138/DYQ138_50000_chr9_ob_ex_Matrix.txt
        /storage/zhangyanxiaoLab/suzhuojie/projects/Aging_CUT_Tag/data/samples/HiC/brain/ob_ex_matrix/DYQ136/DYQ136_50000_chr14_ob_ex_Matrix.txt
        /storage/zhangyanxiaoLab/suzhuojie/projects/Aging_CUT_Tag/data/samples/HiC/brain/ob_ex_matrix/DYQ136/DYQ136_50000_chr15_ob_ex_Matrix.txt
        /storage/zhangyanxiaoLab/suzhuojie/projects/Aging_CUT_Tag/data/samples/HiC/brain/ob_ex_matrix/DYQ138/DYQ138_50000_chr17_ob_ex_Matrix.txt
