Building DAG of jobs...
Using shell: /usr/bin/bash
Provided cores: 15
Rules claiming more threads will be scaled down.
Job stats:
job            count    min threads    max threads
-----------  -------  -------------  -------------
all                1              1              1
analyze_hic       84              5              5
total             85              1              5

Select jobs to execute...

[Fri May 23 11:32:05 2025]
rule analyze_hic:
    input: /storage/zhangyanxiaoLab/suzhuojie/projects/Aging_CUT_Tag/data/samples/HiC/brain/compartment/homer_compartment/tagDir/DYQ136
    output: /storage/zhangyanxiaoLab/suzhuojie/projects/Aging_CUT_Tag/data/samples/HiC/brain/ob_ex_matrix/DYQ136/DYQ136_50000_chr2_ob_ex_Matrix.txt
    jobid: 23
    reason: Missing output files: /storage/zhangyanxiaoLab/suzhuojie/projects/Aging_CUT_Tag/data/samples/HiC/brain/ob_ex_matrix/DYQ136/DYQ136_50000_chr2_ob_ex_Matrix.txt
    wildcards: sample=DYQ136, resolution=50000, chr=chr2
    threads: 5
    resources: tmpdir=/tmp

[Fri May 23 11:32:05 2025]
rule analyze_hic:
    input: /storage/zhangyanxiaoLab/suzhuojie/projects/Aging_CUT_Tag/data/samples/HiC/brain/compartment/homer_compartment/tagDir/DYQ138
    output: /storage/zhangyanxiaoLab/suzhuojie/projects/Aging_CUT_Tag/data/samples/HiC/brain/ob_ex_matrix/DYQ138/DYQ138_50000_chr2_ob_ex_Matrix.txt
    jobid: 65
    reason: Missing output files: /storage/zhangyanxiaoLab/suzhuojie/projects/Aging_CUT_Tag/data/samples/HiC/brain/ob_ex_matrix/DYQ138/DYQ138_50000_chr2_ob_ex_Matrix.txt
    wildcards: sample=DYQ138, resolution=50000, chr=chr2
    threads: 5
    resources: tmpdir=/tmp

[Fri May 23 11:32:05 2025]
rule analyze_hic:
    input: /storage/zhangyanxiaoLab/suzhuojie/projects/Aging_CUT_Tag/data/samples/HiC/brain/compartment/homer_compartment/tagDir/DYQ135
    output: /storage/zhangyanxiaoLab/suzhuojie/projects/Aging_CUT_Tag/data/samples/HiC/brain/ob_ex_matrix/DYQ135/DYQ135_50000_chr19_ob_ex_Matrix.txt
    jobid: 19
    reason: Missing output files: /storage/zhangyanxiaoLab/suzhuojie/projects/Aging_CUT_Tag/data/samples/HiC/brain/ob_ex_matrix/DYQ135/DYQ135_50000_chr19_ob_ex_Matrix.txt
    wildcards: sample=DYQ135, resolution=50000, chr=chr19
    threads: 5
    resources: tmpdir=/tmp

[Fri May 23 11:51:19 2025]
Finished job 19.
1 of 85 steps (1%) done
Select jobs to execute...

[Fri May 23 11:51:19 2025]
rule analyze_hic:
    input: /storage/zhangyanxiaoLab/suzhuojie/projects/Aging_CUT_Tag/data/samples/HiC/brain/compartment/homer_compartment/tagDir/DYQ135
    output: /storage/zhangyanxiaoLab/suzhuojie/projects/Aging_CUT_Tag/data/samples/HiC/brain/ob_ex_matrix/DYQ135/DYQ135_50000_chr12_ob_ex_Matrix.txt
    jobid: 12
    reason: Missing output files: /storage/zhangyanxiaoLab/suzhuojie/projects/Aging_CUT_Tag/data/samples/HiC/brain/ob_ex_matrix/DYQ135/DYQ135_50000_chr12_ob_ex_Matrix.txt
    wildcards: sample=DYQ135, resolution=50000, chr=chr12
    threads: 5
    resources: tmpdir=/tmp

[Fri May 23 11:52:07 2025]
Finished job 12.
2 of 85 steps (2%) done
Select jobs to execute...

[Fri May 23 11:52:07 2025]
rule analyze_hic:
    input: /storage/zhangyanxiaoLab/suzhuojie/projects/Aging_CUT_Tag/data/samples/HiC/brain/compartment/homer_compartment/tagDir/DYQ136
    output: /storage/zhangyanxiaoLab/suzhuojie/projects/Aging_CUT_Tag/data/samples/HiC/brain/ob_ex_matrix/DYQ136/DYQ136_50000_chr19_ob_ex_Matrix.txt
    jobid: 40
    reason: Missing output files: /storage/zhangyanxiaoLab/suzhuojie/projects/Aging_CUT_Tag/data/samples/HiC/brain/ob_ex_matrix/DYQ136/DYQ136_50000_chr19_ob_ex_Matrix.txt
    wildcards: sample=DYQ136, resolution=50000, chr=chr19
    threads: 5
    resources: tmpdir=/tmp

[Fri May 23 11:52:30 2025]
Finished job 65.
3 of 85 steps (4%) done
Select jobs to execute...

[Fri May 23 11:52:31 2025]
rule analyze_hic:
    input: /storage/zhangyanxiaoLab/suzhuojie/projects/Aging_CUT_Tag/data/samples/HiC/brain/compartment/homer_compartment/tagDir/DYQ137
    output: /storage/zhangyanxiaoLab/suzhuojie/projects/Aging_CUT_Tag/data/samples/HiC/brain/ob_ex_matrix/DYQ137/DYQ137_50000_chr12_ob_ex_Matrix.txt
    jobid: 54
    reason: Missing output files: /storage/zhangyanxiaoLab/suzhuojie/projects/Aging_CUT_Tag/data/samples/HiC/brain/ob_ex_matrix/DYQ137/DYQ137_50000_chr12_ob_ex_Matrix.txt
    wildcards: sample=DYQ137, resolution=50000, chr=chr12
    threads: 5
    resources: tmpdir=/tmp

[Fri May 23 11:52:31 2025]
Finished job 40.
4 of 85 steps (5%) done
Select jobs to execute...

[Fri May 23 11:52:31 2025]
rule analyze_hic:
    input: /storage/zhangyanxiaoLab/suzhuojie/projects/Aging_CUT_Tag/data/samples/HiC/brain/compartment/homer_compartment/tagDir/DYQ138
    output: /storage/zhangyanxiaoLab/suzhuojie/projects/Aging_CUT_Tag/data/samples/HiC/brain/ob_ex_matrix/DYQ138/DYQ138_50000_chr19_ob_ex_Matrix.txt
    jobid: 82
    reason: Missing output files: /storage/zhangyanxiaoLab/suzhuojie/projects/Aging_CUT_Tag/data/samples/HiC/brain/ob_ex_matrix/DYQ138/DYQ138_50000_chr19_ob_ex_Matrix.txt
    wildcards: sample=DYQ138, resolution=50000, chr=chr19
    threads: 5
    resources: tmpdir=/tmp

[Fri May 23 11:52:55 2025]
Finished job 82.
5 of 85 steps (6%) done
Select jobs to execute...

[Fri May 23 11:52:55 2025]
rule analyze_hic:
    input: /storage/zhangyanxiaoLab/suzhuojie/projects/Aging_CUT_Tag/data/samples/HiC/brain/compartment/homer_compartment/tagDir/DYQ138
    output: /storage/zhangyanxiaoLab/suzhuojie/projects/Aging_CUT_Tag/data/samples/HiC/brain/ob_ex_matrix/DYQ138/DYQ138_50000_chr18_ob_ex_Matrix.txt
    jobid: 81
    reason: Missing output files: /storage/zhangyanxiaoLab/suzhuojie/projects/Aging_CUT_Tag/data/samples/HiC/brain/ob_ex_matrix/DYQ138/DYQ138_50000_chr18_ob_ex_Matrix.txt
    wildcards: sample=DYQ138, resolution=50000, chr=chr18
    threads: 5
    resources: tmpdir=/tmp

[Fri May 23 11:53:28 2025]
Finished job 23.
6 of 85 steps (7%) done
Select jobs to execute...

[Fri May 23 11:53:28 2025]
rule analyze_hic:
    input: /storage/zhangyanxiaoLab/suzhuojie/projects/Aging_CUT_Tag/data/samples/HiC/brain/compartment/homer_compartment/tagDir/DYQ138
    output: /storage/zhangyanxiaoLab/suzhuojie/projects/Aging_CUT_Tag/data/samples/HiC/brain/ob_ex_matrix/DYQ138/DYQ138_50000_chr14_ob_ex_Matrix.txt
    jobid: 77
    reason: Missing output files: /storage/zhangyanxiaoLab/suzhuojie/projects/Aging_CUT_Tag/data/samples/HiC/brain/ob_ex_matrix/DYQ138/DYQ138_50000_chr14_ob_ex_Matrix.txt
    wildcards: sample=DYQ138, resolution=50000, chr=chr14
    threads: 5
    resources: tmpdir=/tmp

[Fri May 23 11:53:33 2025]
Finished job 81.
7 of 85 steps (8%) done
Select jobs to execute...

[Fri May 23 11:53:33 2025]
rule analyze_hic:
    input: /storage/zhangyanxiaoLab/suzhuojie/projects/Aging_CUT_Tag/data/samples/HiC/brain/compartment/homer_compartment/tagDir/DYQ135
    output: /storage/zhangyanxiaoLab/suzhuojie/projects/Aging_CUT_Tag/data/samples/HiC/brain/ob_ex_matrix/DYQ135/DYQ135_50000_chrY_ob_ex_Matrix.txt
    jobid: 21
    reason: Missing output files: /storage/zhangyanxiaoLab/suzhuojie/projects/Aging_CUT_Tag/data/samples/HiC/brain/ob_ex_matrix/DYQ135/DYQ135_50000_chrY_ob_ex_Matrix.txt
    wildcards: sample=DYQ135, resolution=50000, chr=chrY
    threads: 5
    resources: tmpdir=/tmp

[Fri May 23 11:53:36 2025]
Finished job 21.
8 of 85 steps (9%) done
Select jobs to execute...

[Fri May 23 11:53:36 2025]
rule analyze_hic:
    input: /storage/zhangyanxiaoLab/suzhuojie/projects/Aging_CUT_Tag/data/samples/HiC/brain/compartment/homer_compartment/tagDir/DYQ137
    output: /storage/zhangyanxiaoLab/suzhuojie/projects/Aging_CUT_Tag/data/samples/HiC/brain/ob_ex_matrix/DYQ137/DYQ137_50000_chrY_ob_ex_Matrix.txt
    jobid: 63
    reason: Missing output files: /storage/zhangyanxiaoLab/suzhuojie/projects/Aging_CUT_Tag/data/samples/HiC/brain/ob_ex_matrix/DYQ137/DYQ137_50000_chrY_ob_ex_Matrix.txt
    wildcards: sample=DYQ137, resolution=50000, chr=chrY
    threads: 5
    resources: tmpdir=/tmp

[Fri May 23 11:54:15 2025]
Finished job 77.
9 of 85 steps (11%) done
Select jobs to execute...

[Fri May 23 11:54:15 2025]
rule analyze_hic:
    input: /storage/zhangyanxiaoLab/suzhuojie/projects/Aging_CUT_Tag/data/samples/HiC/brain/compartment/homer_compartment/tagDir/DYQ137
    output: /storage/zhangyanxiaoLab/suzhuojie/projects/Aging_CUT_Tag/data/samples/HiC/brain/ob_ex_matrix/DYQ137/DYQ137_50000_chr7_ob_ex_Matrix.txt
    jobid: 49
    reason: Missing output files: /storage/zhangyanxiaoLab/suzhuojie/projects/Aging_CUT_Tag/data/samples/HiC/brain/ob_ex_matrix/DYQ137/DYQ137_50000_chr7_ob_ex_Matrix.txt
    wildcards: sample=DYQ137, resolution=50000, chr=chr7
    threads: 5
    resources: tmpdir=/tmp

[Fri May 23 12:04:13 2025]
Finished job 63.
10 of 85 steps (12%) done
Select jobs to execute...

[Fri May 23 12:04:13 2025]
rule analyze_hic:
    input: /storage/zhangyanxiaoLab/suzhuojie/projects/Aging_CUT_Tag/data/samples/HiC/brain/compartment/homer_compartment/tagDir/DYQ135
    output: /storage/zhangyanxiaoLab/suzhuojie/projects/Aging_CUT_Tag/data/samples/HiC/brain/ob_ex_matrix/DYQ135/DYQ135_50000_chr2_ob_ex_Matrix.txt
    jobid: 2
    reason: Missing output files: /storage/zhangyanxiaoLab/suzhuojie/projects/Aging_CUT_Tag/data/samples/HiC/brain/ob_ex_matrix/DYQ135/DYQ135_50000_chr2_ob_ex_Matrix.txt
    wildcards: sample=DYQ135, resolution=50000, chr=chr2
    threads: 5
    resources: tmpdir=/tmp

[Fri May 23 12:04:13 2025]
Finished job 54.
11 of 85 steps (13%) done
Select jobs to execute...

[Fri May 23 12:04:13 2025]
rule analyze_hic:
    input: /storage/zhangyanxiaoLab/suzhuojie/projects/Aging_CUT_Tag/data/samples/HiC/brain/compartment/homer_compartment/tagDir/DYQ135
    output: /storage/zhangyanxiaoLab/suzhuojie/projects/Aging_CUT_Tag/data/samples/HiC/brain/ob_ex_matrix/DYQ135/DYQ135_50000_chr15_ob_ex_Matrix.txt
    jobid: 15
    reason: Missing output files: /storage/zhangyanxiaoLab/suzhuojie/projects/Aging_CUT_Tag/data/samples/HiC/brain/ob_ex_matrix/DYQ135/DYQ135_50000_chr15_ob_ex_Matrix.txt
    wildcards: sample=DYQ135, resolution=50000, chr=chr15
    threads: 5
    resources: tmpdir=/tmp

[Fri May 23 12:04:54 2025]
Finished job 15.
12 of 85 steps (14%) done
Select jobs to execute...

[Fri May 23 12:04:54 2025]
rule analyze_hic:
    input: /storage/zhangyanxiaoLab/suzhuojie/projects/Aging_CUT_Tag/data/samples/HiC/brain/compartment/homer_compartment/tagDir/DYQ137
    output: /storage/zhangyanxiaoLab/suzhuojie/projects/Aging_CUT_Tag/data/samples/HiC/brain/ob_ex_matrix/DYQ137/DYQ137_50000_chr1_ob_ex_Matrix.txt
    jobid: 43
    reason: Missing output files: /storage/zhangyanxiaoLab/suzhuojie/projects/Aging_CUT_Tag/data/samples/HiC/brain/ob_ex_matrix/DYQ137/DYQ137_50000_chr1_ob_ex_Matrix.txt
    wildcards: sample=DYQ137, resolution=50000, chr=chr1
    threads: 5
    resources: tmpdir=/tmp

[Fri May 23 12:05:22 2025]
Finished job 2.
13 of 85 steps (15%) done
Select jobs to execute...

[Fri May 23 12:05:22 2025]
rule analyze_hic:
    input: /storage/zhangyanxiaoLab/suzhuojie/projects/Aging_CUT_Tag/data/samples/HiC/brain/compartment/homer_compartment/tagDir/DYQ136
    output: /storage/zhangyanxiaoLab/suzhuojie/projects/Aging_CUT_Tag/data/samples/HiC/brain/ob_ex_matrix/DYQ136/DYQ136_50000_chr14_ob_ex_Matrix.txt
    jobid: 35
    reason: Missing output files: /storage/zhangyanxiaoLab/suzhuojie/projects/Aging_CUT_Tag/data/samples/HiC/brain/ob_ex_matrix/DYQ136/DYQ136_50000_chr14_ob_ex_Matrix.txt
    wildcards: sample=DYQ136, resolution=50000, chr=chr14
    threads: 5
    resources: tmpdir=/tmp

[Fri May 23 12:05:50 2025]
Finished job 49.
14 of 85 steps (16%) done
Select jobs to execute...

[Fri May 23 12:05:51 2025]
rule analyze_hic:
    input: /storage/zhangyanxiaoLab/suzhuojie/projects/Aging_CUT_Tag/data/samples/HiC/brain/compartment/homer_compartment/tagDir/DYQ137
    output: /storage/zhangyanxiaoLab/suzhuojie/projects/Aging_CUT_Tag/data/samples/HiC/brain/ob_ex_matrix/DYQ137/DYQ137_50000_chr15_ob_ex_Matrix.txt
    jobid: 57
    reason: Missing output files: /storage/zhangyanxiaoLab/suzhuojie/projects/Aging_CUT_Tag/data/samples/HiC/brain/ob_ex_matrix/DYQ137/DYQ137_50000_chr15_ob_ex_Matrix.txt
    wildcards: sample=DYQ137, resolution=50000, chr=chr15
    threads: 5
    resources: tmpdir=/tmp

[Fri May 23 12:06:06 2025]
Finished job 35.
15 of 85 steps (18%) done
Select jobs to execute...

[Fri May 23 12:06:06 2025]
rule analyze_hic:
    input: /storage/zhangyanxiaoLab/suzhuojie/projects/Aging_CUT_Tag/data/samples/HiC/brain/compartment/homer_compartment/tagDir/DYQ135
    output: /storage/zhangyanxiaoLab/suzhuojie/projects/Aging_CUT_Tag/data/samples/HiC/brain/ob_ex_matrix/DYQ135/DYQ135_50000_chr9_ob_ex_Matrix.txt
    jobid: 9
    reason: Missing output files: /storage/zhangyanxiaoLab/suzhuojie/projects/Aging_CUT_Tag/data/samples/HiC/brain/ob_ex_matrix/DYQ135/DYQ135_50000_chr9_ob_ex_Matrix.txt
    wildcards: sample=DYQ135, resolution=50000, chr=chr9
    threads: 5
    resources: tmpdir=/tmp

[Fri May 23 12:06:06 2025]
Finished job 43.
16 of 85 steps (19%) done
Select jobs to execute...

[Fri May 23 12:06:06 2025]
rule analyze_hic:
    input: /storage/zhangyanxiaoLab/suzhuojie/projects/Aging_CUT_Tag/data/samples/HiC/brain/compartment/homer_compartment/tagDir/DYQ136
    output: /storage/zhangyanxiaoLab/suzhuojie/projects/Aging_CUT_Tag/data/samples/HiC/brain/ob_ex_matrix/DYQ136/DYQ136_50000_chr16_ob_ex_Matrix.txt
    jobid: 37
    reason: Missing output files: /storage/zhangyanxiaoLab/suzhuojie/projects/Aging_CUT_Tag/data/samples/HiC/brain/ob_ex_matrix/DYQ136/DYQ136_50000_chr16_ob_ex_Matrix.txt
    wildcards: sample=DYQ136, resolution=50000, chr=chr16
    threads: 5
    resources: tmpdir=/tmp

[Fri May 23 12:06:30 2025]
Finished job 57.
17 of 85 steps (20%) done
Select jobs to execute...

[Fri May 23 12:06:30 2025]
rule analyze_hic:
    input: /storage/zhangyanxiaoLab/suzhuojie/projects/Aging_CUT_Tag/data/samples/HiC/brain/compartment/homer_compartment/tagDir/DYQ138
    output: /storage/zhangyanxiaoLab/suzhuojie/projects/Aging_CUT_Tag/data/samples/HiC/brain/ob_ex_matrix/DYQ138/DYQ138_50000_chr9_ob_ex_Matrix.txt
    jobid: 72
    reason: Missing output files: /storage/zhangyanxiaoLab/suzhuojie/projects/Aging_CUT_Tag/data/samples/HiC/brain/ob_ex_matrix/DYQ138/DYQ138_50000_chr9_ob_ex_Matrix.txt
    wildcards: sample=DYQ138, resolution=50000, chr=chr9
    threads: 5
    resources: tmpdir=/tmp

[Fri May 23 12:06:43 2025]
Finished job 37.
18 of 85 steps (21%) done
Select jobs to execute...

[Fri May 23 12:06:43 2025]
rule analyze_hic:
    input: /storage/zhangyanxiaoLab/suzhuojie/projects/Aging_CUT_Tag/data/samples/HiC/brain/compartment/homer_compartment/tagDir/DYQ137
    output: /storage/zhangyanxiaoLab/suzhuojie/projects/Aging_CUT_Tag/data/samples/HiC/brain/ob_ex_matrix/DYQ137/DYQ137_50000_chr9_ob_ex_Matrix.txt
    jobid: 51
    reason: Missing output files: /storage/zhangyanxiaoLab/suzhuojie/projects/Aging_CUT_Tag/data/samples/HiC/brain/ob_ex_matrix/DYQ137/DYQ137_50000_chr9_ob_ex_Matrix.txt
    wildcards: sample=DYQ137, resolution=50000, chr=chr9
    threads: 5
    resources: tmpdir=/tmp

[Fri May 23 12:06:55 2025]
Finished job 9.
19 of 85 steps (22%) done
Select jobs to execute...

[Fri May 23 12:06:55 2025]
rule analyze_hic:
    input: /storage/zhangyanxiaoLab/suzhuojie/projects/Aging_CUT_Tag/data/samples/HiC/brain/compartment/homer_compartment/tagDir/DYQ136
    output: /storage/zhangyanxiaoLab/suzhuojie/projects/Aging_CUT_Tag/data/samples/HiC/brain/ob_ex_matrix/DYQ136/DYQ136_50000_chr9_ob_ex_Matrix.txt
    jobid: 30
    reason: Missing output files: /storage/zhangyanxiaoLab/suzhuojie/projects/Aging_CUT_Tag/data/samples/HiC/brain/ob_ex_matrix/DYQ136/DYQ136_50000_chr9_ob_ex_Matrix.txt
    wildcards: sample=DYQ136, resolution=50000, chr=chr9
    threads: 5
    resources: tmpdir=/tmp

[Fri May 23 12:07:17 2025]
Finished job 72.
20 of 85 steps (24%) done
Select jobs to execute...

[Fri May 23 12:07:17 2025]
rule analyze_hic:
    input: /storage/zhangyanxiaoLab/suzhuojie/projects/Aging_CUT_Tag/data/samples/HiC/brain/compartment/homer_compartment/tagDir/DYQ138
    output: /storage/zhangyanxiaoLab/suzhuojie/projects/Aging_CUT_Tag/data/samples/HiC/brain/ob_ex_matrix/DYQ138/DYQ138_50000_chr16_ob_ex_Matrix.txt
    jobid: 79
    reason: Missing output files: /storage/zhangyanxiaoLab/suzhuojie/projects/Aging_CUT_Tag/data/samples/HiC/brain/ob_ex_matrix/DYQ138/DYQ138_50000_chr16_ob_ex_Matrix.txt
    wildcards: sample=DYQ138, resolution=50000, chr=chr16
    threads: 5
    resources: tmpdir=/tmp

[Fri May 23 12:07:32 2025]
Finished job 51.
21 of 85 steps (25%) done
Select jobs to execute...

[Fri May 23 12:07:32 2025]
rule analyze_hic:
    input: /storage/zhangyanxiaoLab/suzhuojie/projects/Aging_CUT_Tag/data/samples/HiC/brain/compartment/homer_compartment/tagDir/DYQ137
    output: /storage/zhangyanxiaoLab/suzhuojie/projects/Aging_CUT_Tag/data/samples/HiC/brain/ob_ex_matrix/DYQ137/DYQ137_50000_chr16_ob_ex_Matrix.txt
    jobid: 58
    reason: Missing output files: /storage/zhangyanxiaoLab/suzhuojie/projects/Aging_CUT_Tag/data/samples/HiC/brain/ob_ex_matrix/DYQ137/DYQ137_50000_chr16_ob_ex_Matrix.txt
    wildcards: sample=DYQ137, resolution=50000, chr=chr16
    threads: 5
    resources: tmpdir=/tmp

[Fri May 23 12:07:46 2025]
Finished job 30.
22 of 85 steps (26%) done
Select jobs to execute...

[Fri May 23 12:07:46 2025]
rule analyze_hic:
    input: /storage/zhangyanxiaoLab/suzhuojie/projects/Aging_CUT_Tag/data/samples/HiC/brain/compartment/homer_compartment/tagDir/DYQ135
    output: /storage/zhangyanxiaoLab/suzhuojie/projects/Aging_CUT_Tag/data/samples/HiC/brain/ob_ex_matrix/DYQ135/DYQ135_50000_chr3_ob_ex_Matrix.txt
    jobid: 3
    reason: Missing output files: /storage/zhangyanxiaoLab/suzhuojie/projects/Aging_CUT_Tag/data/samples/HiC/brain/ob_ex_matrix/DYQ135/DYQ135_50000_chr3_ob_ex_Matrix.txt
    wildcards: sample=DYQ135, resolution=50000, chr=chr3
    threads: 5
    resources: tmpdir=/tmp

[Fri May 23 12:07:52 2025]
Finished job 79.
23 of 85 steps (27%) done
Select jobs to execute...

[Fri May 23 12:07:53 2025]
rule analyze_hic:
    input: /storage/zhangyanxiaoLab/suzhuojie/projects/Aging_CUT_Tag/data/samples/HiC/brain/compartment/homer_compartment/tagDir/DYQ137
    output: /storage/zhangyanxiaoLab/suzhuojie/projects/Aging_CUT_Tag/data/samples/HiC/brain/ob_ex_matrix/DYQ137/DYQ137_50000_chr2_ob_ex_Matrix.txt
    jobid: 44
    reason: Missing output files: /storage/zhangyanxiaoLab/suzhuojie/projects/Aging_CUT_Tag/data/samples/HiC/brain/ob_ex_matrix/DYQ137/DYQ137_50000_chr2_ob_ex_Matrix.txt
    wildcards: sample=DYQ137, resolution=50000, chr=chr2
    threads: 5
    resources: tmpdir=/tmp

[Fri May 23 12:08:09 2025]
Finished job 58.
24 of 85 steps (28%) done
Select jobs to execute...

[Fri May 23 12:08:09 2025]
rule analyze_hic:
    input: /storage/zhangyanxiaoLab/suzhuojie/projects/Aging_CUT_Tag/data/samples/HiC/brain/compartment/homer_compartment/tagDir/DYQ135
    output: /storage/zhangyanxiaoLab/suzhuojie/projects/Aging_CUT_Tag/data/samples/HiC/brain/ob_ex_matrix/DYQ135/DYQ135_50000_chr17_ob_ex_Matrix.txt
    jobid: 17
    reason: Missing output files: /storage/zhangyanxiaoLab/suzhuojie/projects/Aging_CUT_Tag/data/samples/HiC/brain/ob_ex_matrix/DYQ135/DYQ135_50000_chr17_ob_ex_Matrix.txt
    wildcards: sample=DYQ135, resolution=50000, chr=chr17
    threads: 5
    resources: tmpdir=/tmp

[Fri May 23 12:08:44 2025]
Finished job 17.
25 of 85 steps (29%) done
Select jobs to execute...

[Fri May 23 12:08:44 2025]
rule analyze_hic:
    input: /storage/zhangyanxiaoLab/suzhuojie/projects/Aging_CUT_Tag/data/samples/HiC/brain/compartment/homer_compartment/tagDir/DYQ135
    output: /storage/zhangyanxiaoLab/suzhuojie/projects/Aging_CUT_Tag/data/samples/HiC/brain/ob_ex_matrix/DYQ135/DYQ135_50000_chr16_ob_ex_Matrix.txt
    jobid: 16
    reason: Missing output files: /storage/zhangyanxiaoLab/suzhuojie/projects/Aging_CUT_Tag/data/samples/HiC/brain/ob_ex_matrix/DYQ135/DYQ135_50000_chr16_ob_ex_Matrix.txt
    wildcards: sample=DYQ135, resolution=50000, chr=chr16
    threads: 5
    resources: tmpdir=/tmp

[Fri May 23 12:08:44 2025]
Finished job 3.
26 of 85 steps (31%) done
Select jobs to execute...

[Fri May 23 12:08:44 2025]
rule analyze_hic:
    input: /storage/zhangyanxiaoLab/suzhuojie/projects/Aging_CUT_Tag/data/samples/HiC/brain/compartment/homer_compartment/tagDir/DYQ137
    output: /storage/zhangyanxiaoLab/suzhuojie/projects/Aging_CUT_Tag/data/samples/HiC/brain/ob_ex_matrix/DYQ137/DYQ137_50000_chr3_ob_ex_Matrix.txt
    jobid: 45
    reason: Missing output files: /storage/zhangyanxiaoLab/suzhuojie/projects/Aging_CUT_Tag/data/samples/HiC/brain/ob_ex_matrix/DYQ137/DYQ137_50000_chr3_ob_ex_Matrix.txt
    wildcards: sample=DYQ137, resolution=50000, chr=chr3
    threads: 5
    resources: tmpdir=/tmp

[Fri May 23 12:09:01 2025]
Finished job 44.
27 of 85 steps (32%) done
Select jobs to execute...

[Fri May 23 12:09:02 2025]
rule analyze_hic:
    input: /storage/zhangyanxiaoLab/suzhuojie/projects/Aging_CUT_Tag/data/samples/HiC/brain/compartment/homer_compartment/tagDir/DYQ138
    output: /storage/zhangyanxiaoLab/suzhuojie/projects/Aging_CUT_Tag/data/samples/HiC/brain/ob_ex_matrix/DYQ138/DYQ138_50000_chr1_ob_ex_Matrix.txt
    jobid: 64
    reason: Missing output files: /storage/zhangyanxiaoLab/suzhuojie/projects/Aging_CUT_Tag/data/samples/HiC/brain/ob_ex_matrix/DYQ138/DYQ138_50000_chr1_ob_ex_Matrix.txt
    wildcards: sample=DYQ138, resolution=50000, chr=chr1
    threads: 5
    resources: tmpdir=/tmp

[Fri May 23 12:09:21 2025]
Finished job 16.
28 of 85 steps (33%) done
Select jobs to execute...

[Fri May 23 12:09:21 2025]
rule analyze_hic:
    input: /storage/zhangyanxiaoLab/suzhuojie/projects/Aging_CUT_Tag/data/samples/HiC/brain/compartment/homer_compartment/tagDir/DYQ137
    output: /storage/zhangyanxiaoLab/suzhuojie/projects/Aging_CUT_Tag/data/samples/HiC/brain/ob_ex_matrix/DYQ137/DYQ137_50000_chr17_ob_ex_Matrix.txt
    jobid: 59
    reason: Missing output files: /storage/zhangyanxiaoLab/suzhuojie/projects/Aging_CUT_Tag/data/samples/HiC/brain/ob_ex_matrix/DYQ137/DYQ137_50000_chr17_ob_ex_Matrix.txt
    wildcards: sample=DYQ137, resolution=50000, chr=chr17
    threads: 5
    resources: tmpdir=/tmp

[Fri May 23 12:09:43 2025]
Finished job 45.
29 of 85 steps (34%) done
Select jobs to execute...

[Fri May 23 12:09:43 2025]
rule analyze_hic:
    input: /storage/zhangyanxiaoLab/suzhuojie/projects/Aging_CUT_Tag/data/samples/HiC/brain/compartment/homer_compartment/tagDir/DYQ136
    output: /storage/zhangyanxiaoLab/suzhuojie/projects/Aging_CUT_Tag/data/samples/HiC/brain/ob_ex_matrix/DYQ136/DYQ136_50000_chr1_ob_ex_Matrix.txt
    jobid: 22
    reason: Missing output files: /storage/zhangyanxiaoLab/suzhuojie/projects/Aging_CUT_Tag/data/samples/HiC/brain/ob_ex_matrix/DYQ136/DYQ136_50000_chr1_ob_ex_Matrix.txt
    wildcards: sample=DYQ136, resolution=50000, chr=chr1
    threads: 5
    resources: tmpdir=/tmp

[Fri May 23 12:09:57 2025]
Finished job 59.
30 of 85 steps (35%) done
Select jobs to execute...

[Fri May 23 12:09:57 2025]
rule analyze_hic:
    input: /storage/zhangyanxiaoLab/suzhuojie/projects/Aging_CUT_Tag/data/samples/HiC/brain/compartment/homer_compartment/tagDir/DYQ136
    output: /storage/zhangyanxiaoLab/suzhuojie/projects/Aging_CUT_Tag/data/samples/HiC/brain/ob_ex_matrix/DYQ136/DYQ136_50000_chr10_ob_ex_Matrix.txt
    jobid: 31
    reason: Missing output files: /storage/zhangyanxiaoLab/suzhuojie/projects/Aging_CUT_Tag/data/samples/HiC/brain/ob_ex_matrix/DYQ136/DYQ136_50000_chr10_ob_ex_Matrix.txt
    wildcards: sample=DYQ136, resolution=50000, chr=chr10
    threads: 5
    resources: tmpdir=/tmp

[Fri May 23 12:10:17 2025]
Finished job 64.
31 of 85 steps (36%) done
Select jobs to execute...

[Fri May 23 12:10:17 2025]
rule analyze_hic:
    input: /storage/zhangyanxiaoLab/suzhuojie/projects/Aging_CUT_Tag/data/samples/HiC/brain/compartment/homer_compartment/tagDir/DYQ138
    output: /storage/zhangyanxiaoLab/suzhuojie/projects/Aging_CUT_Tag/data/samples/HiC/brain/ob_ex_matrix/DYQ138/DYQ138_50000_chr15_ob_ex_Matrix.txt
    jobid: 78
    reason: Missing output files: /storage/zhangyanxiaoLab/suzhuojie/projects/Aging_CUT_Tag/data/samples/HiC/brain/ob_ex_matrix/DYQ138/DYQ138_50000_chr15_ob_ex_Matrix.txt
    wildcards: sample=DYQ138, resolution=50000, chr=chr15
    threads: 5
    resources: tmpdir=/tmp

[Fri May 23 12:10:49 2025]
Finished job 31.
32 of 85 steps (38%) done
Select jobs to execute...

[Fri May 23 12:10:49 2025]
rule analyze_hic:
    input: /storage/zhangyanxiaoLab/suzhuojie/projects/Aging_CUT_Tag/data/samples/HiC/brain/compartment/homer_compartment/tagDir/DYQ138
    output: /storage/zhangyanxiaoLab/suzhuojie/projects/Aging_CUT_Tag/data/samples/HiC/brain/ob_ex_matrix/DYQ138/DYQ138_50000_chr10_ob_ex_Matrix.txt
    jobid: 73
    reason: Missing output files: /storage/zhangyanxiaoLab/suzhuojie/projects/Aging_CUT_Tag/data/samples/HiC/brain/ob_ex_matrix/DYQ138/DYQ138_50000_chr10_ob_ex_Matrix.txt
    wildcards: sample=DYQ138, resolution=50000, chr=chr10
    threads: 5
    resources: tmpdir=/tmp

[Fri May 23 12:10:59 2025]
Finished job 78.
33 of 85 steps (39%) done
Select jobs to execute...

[Fri May 23 12:10:59 2025]
rule analyze_hic:
    input: /storage/zhangyanxiaoLab/suzhuojie/projects/Aging_CUT_Tag/data/samples/HiC/brain/compartment/homer_compartment/tagDir/DYQ138
    output: /storage/zhangyanxiaoLab/suzhuojie/projects/Aging_CUT_Tag/data/samples/HiC/brain/ob_ex_matrix/DYQ138/DYQ138_50000_chr12_ob_ex_Matrix.txt
    jobid: 75
    reason: Missing output files: /storage/zhangyanxiaoLab/suzhuojie/projects/Aging_CUT_Tag/data/samples/HiC/brain/ob_ex_matrix/DYQ138/DYQ138_50000_chr12_ob_ex_Matrix.txt
    wildcards: sample=DYQ138, resolution=50000, chr=chr12
    threads: 5
    resources: tmpdir=/tmp

[Fri May 23 12:10:59 2025]
Finished job 22.
34 of 85 steps (40%) done
Select jobs to execute...

[Fri May 23 12:10:59 2025]
rule analyze_hic:
    input: /storage/zhangyanxiaoLab/suzhuojie/projects/Aging_CUT_Tag/data/samples/HiC/brain/compartment/homer_compartment/tagDir/DYQ137
    output: /storage/zhangyanxiaoLab/suzhuojie/projects/Aging_CUT_Tag/data/samples/HiC/brain/ob_ex_matrix/DYQ137/DYQ137_50000_chr19_ob_ex_Matrix.txt
    jobid: 61
    reason: Missing output files: /storage/zhangyanxiaoLab/suzhuojie/projects/Aging_CUT_Tag/data/samples/HiC/brain/ob_ex_matrix/DYQ137/DYQ137_50000_chr19_ob_ex_Matrix.txt
    wildcards: sample=DYQ137, resolution=50000, chr=chr19
    threads: 5
    resources: tmpdir=/tmp

[Fri May 23 12:11:24 2025]
Finished job 61.
35 of 85 steps (41%) done
Select jobs to execute...

[Fri May 23 12:11:24 2025]
rule analyze_hic:
    input: /storage/zhangyanxiaoLab/suzhuojie/projects/Aging_CUT_Tag/data/samples/HiC/brain/compartment/homer_compartment/tagDir/DYQ138
    output: /storage/zhangyanxiaoLab/suzhuojie/projects/Aging_CUT_Tag/data/samples/HiC/brain/ob_ex_matrix/DYQ138/DYQ138_50000_chr17_ob_ex_Matrix.txt
    jobid: 80
    reason: Missing output files: /storage/zhangyanxiaoLab/suzhuojie/projects/Aging_CUT_Tag/data/samples/HiC/brain/ob_ex_matrix/DYQ138/DYQ138_50000_chr17_ob_ex_Matrix.txt
    wildcards: sample=DYQ138, resolution=50000, chr=chr17
    threads: 5
    resources: tmpdir=/tmp

[Fri May 23 12:11:38 2025]
Finished job 73.
36 of 85 steps (42%) done
Select jobs to execute...

[Fri May 23 12:11:38 2025]
rule analyze_hic:
    input: /storage/zhangyanxiaoLab/suzhuojie/projects/Aging_CUT_Tag/data/samples/HiC/brain/compartment/homer_compartment/tagDir/DYQ135
    output: /storage/zhangyanxiaoLab/suzhuojie/projects/Aging_CUT_Tag/data/samples/HiC/brain/ob_ex_matrix/DYQ135/DYQ135_50000_chr10_ob_ex_Matrix.txt
    jobid: 10
    reason: Missing output files: /storage/zhangyanxiaoLab/suzhuojie/projects/Aging_CUT_Tag/data/samples/HiC/brain/ob_ex_matrix/DYQ135/DYQ135_50000_chr10_ob_ex_Matrix.txt
    wildcards: sample=DYQ135, resolution=50000, chr=chr10
    threads: 5
    resources: tmpdir=/tmp

[Fri May 23 12:11:43 2025]
Finished job 75.
37 of 85 steps (44%) done
Select jobs to execute...

[Fri May 23 12:11:43 2025]
rule analyze_hic:
    input: /storage/zhangyanxiaoLab/suzhuojie/projects/Aging_CUT_Tag/data/samples/HiC/brain/compartment/homer_compartment/tagDir/DYQ137
    output: /storage/zhangyanxiaoLab/suzhuojie/projects/Aging_CUT_Tag/data/samples/HiC/brain/ob_ex_matrix/DYQ137/DYQ137_50000_chr10_ob_ex_Matrix.txt
    jobid: 52
    reason: Missing output files: /storage/zhangyanxiaoLab/suzhuojie/projects/Aging_CUT_Tag/data/samples/HiC/brain/ob_ex_matrix/DYQ137/DYQ137_50000_chr10_ob_ex_Matrix.txt
    wildcards: sample=DYQ137, resolution=50000, chr=chr10
    threads: 5
    resources: tmpdir=/tmp

[Fri May 23 12:11:59 2025]
Finished job 80.
38 of 85 steps (45%) done
Select jobs to execute...

[Fri May 23 12:11:59 2025]
rule analyze_hic:
    input: /storage/zhangyanxiaoLab/suzhuojie/projects/Aging_CUT_Tag/data/samples/HiC/brain/compartment/homer_compartment/tagDir/DYQ136
    output: /storage/zhangyanxiaoLab/suzhuojie/projects/Aging_CUT_Tag/data/samples/HiC/brain/ob_ex_matrix/DYQ136/DYQ136_50000_chr17_ob_ex_Matrix.txt
    jobid: 38
    reason: Missing output files: /storage/zhangyanxiaoLab/suzhuojie/projects/Aging_CUT_Tag/data/samples/HiC/brain/ob_ex_matrix/DYQ136/DYQ136_50000_chr17_ob_ex_Matrix.txt
    wildcards: sample=DYQ136, resolution=50000, chr=chr17
    threads: 5
    resources: tmpdir=/tmp

[Fri May 23 12:12:26 2025]
Finished job 10.
39 of 85 steps (46%) done
Select jobs to execute...

[Fri May 23 12:12:26 2025]
rule analyze_hic:
    input: /storage/zhangyanxiaoLab/suzhuojie/projects/Aging_CUT_Tag/data/samples/HiC/brain/compartment/homer_compartment/tagDir/DYQ137
    output: /storage/zhangyanxiaoLab/suzhuojie/projects/Aging_CUT_Tag/data/samples/HiC/brain/ob_ex_matrix/DYQ137/DYQ137_50000_chr8_ob_ex_Matrix.txt
    jobid: 50
    reason: Missing output files: /storage/zhangyanxiaoLab/suzhuojie/projects/Aging_CUT_Tag/data/samples/HiC/brain/ob_ex_matrix/DYQ137/DYQ137_50000_chr8_ob_ex_Matrix.txt
    wildcards: sample=DYQ137, resolution=50000, chr=chr8
    threads: 5
    resources: tmpdir=/tmp

[Fri May 23 12:12:31 2025]
Finished job 52.
40 of 85 steps (47%) done
Select jobs to execute...

[Fri May 23 12:12:31 2025]
rule analyze_hic:
    input: /storage/zhangyanxiaoLab/suzhuojie/projects/Aging_CUT_Tag/data/samples/HiC/brain/compartment/homer_compartment/tagDir/DYQ136
    output: /storage/zhangyanxiaoLab/suzhuojie/projects/Aging_CUT_Tag/data/samples/HiC/brain/ob_ex_matrix/DYQ136/DYQ136_50000_chr3_ob_ex_Matrix.txt
    jobid: 24
    reason: Missing output files: /storage/zhangyanxiaoLab/suzhuojie/projects/Aging_CUT_Tag/data/samples/HiC/brain/ob_ex_matrix/DYQ136/DYQ136_50000_chr3_ob_ex_Matrix.txt
    wildcards: sample=DYQ136, resolution=50000, chr=chr3
    threads: 5
    resources: tmpdir=/tmp

[Fri May 23 12:12:37 2025]
Finished job 38.
41 of 85 steps (48%) done
Select jobs to execute...

[Fri May 23 12:12:37 2025]
rule analyze_hic:
    input: /storage/zhangyanxiaoLab/suzhuojie/projects/Aging_CUT_Tag/data/samples/HiC/brain/compartment/homer_compartment/tagDir/DYQ136
    output: /storage/zhangyanxiaoLab/suzhuojie/projects/Aging_CUT_Tag/data/samples/HiC/brain/ob_ex_matrix/DYQ136/DYQ136_50000_chr15_ob_ex_Matrix.txt
    jobid: 36
    reason: Missing output files: /storage/zhangyanxiaoLab/suzhuojie/projects/Aging_CUT_Tag/data/samples/HiC/brain/ob_ex_matrix/DYQ136/DYQ136_50000_chr15_ob_ex_Matrix.txt
    wildcards: sample=DYQ136, resolution=50000, chr=chr15
    threads: 5
    resources: tmpdir=/tmp

[Fri May 23 12:13:15 2025]
Finished job 50.
42 of 85 steps (49%) done
Select jobs to execute...

[Fri May 23 12:13:15 2025]
rule analyze_hic:
    input: /storage/zhangyanxiaoLab/suzhuojie/projects/Aging_CUT_Tag/data/samples/HiC/brain/compartment/homer_compartment/tagDir/DYQ138
    output: /storage/zhangyanxiaoLab/suzhuojie/projects/Aging_CUT_Tag/data/samples/HiC/brain/ob_ex_matrix/DYQ138/DYQ138_50000_chr3_ob_ex_Matrix.txt
    jobid: 66
    reason: Missing output files: /storage/zhangyanxiaoLab/suzhuojie/projects/Aging_CUT_Tag/data/samples/HiC/brain/ob_ex_matrix/DYQ138/DYQ138_50000_chr3_ob_ex_Matrix.txt
    wildcards: sample=DYQ138, resolution=50000, chr=chr3
    threads: 5
    resources: tmpdir=/tmp

[Fri May 23 12:13:19 2025]
Finished job 36.
43 of 85 steps (51%) done
Select jobs to execute...

[Fri May 23 12:13:19 2025]
rule analyze_hic:
    input: /storage/zhangyanxiaoLab/suzhuojie/projects/Aging_CUT_Tag/data/samples/HiC/brain/compartment/homer_compartment/tagDir/DYQ135
    output: /storage/zhangyanxiaoLab/suzhuojie/projects/Aging_CUT_Tag/data/samples/HiC/brain/ob_ex_matrix/DYQ135/DYQ135_50000_chr8_ob_ex_Matrix.txt
    jobid: 8
    reason: Missing output files: /storage/zhangyanxiaoLab/suzhuojie/projects/Aging_CUT_Tag/data/samples/HiC/brain/ob_ex_matrix/DYQ135/DYQ135_50000_chr8_ob_ex_Matrix.txt
    wildcards: sample=DYQ135, resolution=50000, chr=chr8
    threads: 5
    resources: tmpdir=/tmp

[Fri May 23 12:13:29 2025]
Finished job 24.
44 of 85 steps (52%) done
Select jobs to execute...

[Fri May 23 12:13:29 2025]
rule analyze_hic:
    input: /storage/zhangyanxiaoLab/suzhuojie/projects/Aging_CUT_Tag/data/samples/HiC/brain/compartment/homer_compartment/tagDir/DYQ135
    output: /storage/zhangyanxiaoLab/suzhuojie/projects/Aging_CUT_Tag/data/samples/HiC/brain/ob_ex_matrix/DYQ135/DYQ135_50000_chr4_ob_ex_Matrix.txt
    jobid: 4
    reason: Missing output files: /storage/zhangyanxiaoLab/suzhuojie/projects/Aging_CUT_Tag/data/samples/HiC/brain/ob_ex_matrix/DYQ135/DYQ135_50000_chr4_ob_ex_Matrix.txt
    wildcards: sample=DYQ135, resolution=50000, chr=chr4
    threads: 5
    resources: tmpdir=/tmp

[Fri May 23 12:14:09 2025]
Finished job 8.
45 of 85 steps (53%) done
Select jobs to execute...

[Fri May 23 12:14:09 2025]
rule analyze_hic:
    input: /storage/zhangyanxiaoLab/suzhuojie/projects/Aging_CUT_Tag/data/samples/HiC/brain/compartment/homer_compartment/tagDir/DYQ138
    output: /storage/zhangyanxiaoLab/suzhuojie/projects/Aging_CUT_Tag/data/samples/HiC/brain/ob_ex_matrix/DYQ138/DYQ138_50000_chr8_ob_ex_Matrix.txt
    jobid: 71
    reason: Missing output files: /storage/zhangyanxiaoLab/suzhuojie/projects/Aging_CUT_Tag/data/samples/HiC/brain/ob_ex_matrix/DYQ138/DYQ138_50000_chr8_ob_ex_Matrix.txt
    wildcards: sample=DYQ138, resolution=50000, chr=chr8
    threads: 5
    resources: tmpdir=/tmp

[Fri May 23 12:14:11 2025]
Finished job 66.
46 of 85 steps (54%) done
Select jobs to execute...

[Fri May 23 12:14:11 2025]
rule analyze_hic:
    input: /storage/zhangyanxiaoLab/suzhuojie/projects/Aging_CUT_Tag/data/samples/HiC/brain/compartment/homer_compartment/tagDir/DYQ135
    output: /storage/zhangyanxiaoLab/suzhuojie/projects/Aging_CUT_Tag/data/samples/HiC/brain/ob_ex_matrix/DYQ135/DYQ135_50000_chr18_ob_ex_Matrix.txt
    jobid: 18
    reason: Missing output files: /storage/zhangyanxiaoLab/suzhuojie/projects/Aging_CUT_Tag/data/samples/HiC/brain/ob_ex_matrix/DYQ135/DYQ135_50000_chr18_ob_ex_Matrix.txt
    wildcards: sample=DYQ135, resolution=50000, chr=chr18
    threads: 5
    resources: tmpdir=/tmp

[Fri May 23 12:14:26 2025]
Finished job 4.
47 of 85 steps (55%) done
Select jobs to execute...

[Fri May 23 12:14:26 2025]
rule analyze_hic:
    input: /storage/zhangyanxiaoLab/suzhuojie/projects/Aging_CUT_Tag/data/samples/HiC/brain/compartment/homer_compartment/tagDir/DYQ136
    output: /storage/zhangyanxiaoLab/suzhuojie/projects/Aging_CUT_Tag/data/samples/HiC/brain/ob_ex_matrix/DYQ136/DYQ136_50000_chr8_ob_ex_Matrix.txt
    jobid: 29
    reason: Missing output files: /storage/zhangyanxiaoLab/suzhuojie/projects/Aging_CUT_Tag/data/samples/HiC/brain/ob_ex_matrix/DYQ136/DYQ136_50000_chr8_ob_ex_Matrix.txt
    wildcards: sample=DYQ136, resolution=50000, chr=chr8
    threads: 5
    resources: tmpdir=/tmp

[Fri May 23 12:14:45 2025]
Finished job 18.
48 of 85 steps (56%) done
Select jobs to execute...

[Fri May 23 12:14:45 2025]
rule analyze_hic:
    input: /storage/zhangyanxiaoLab/suzhuojie/projects/Aging_CUT_Tag/data/samples/HiC/brain/compartment/homer_compartment/tagDir/DYQ137
    output: /storage/zhangyanxiaoLab/suzhuojie/projects/Aging_CUT_Tag/data/samples/HiC/brain/ob_ex_matrix/DYQ137/DYQ137_50000_chr4_ob_ex_Matrix.txt
    jobid: 46
    reason: Missing output files: /storage/zhangyanxiaoLab/suzhuojie/projects/Aging_CUT_Tag/data/samples/HiC/brain/ob_ex_matrix/DYQ137/DYQ137_50000_chr4_ob_ex_Matrix.txt
    wildcards: sample=DYQ137, resolution=50000, chr=chr4
    threads: 5
    resources: tmpdir=/tmp

[Fri May 23 12:14:55 2025]
Finished job 71.
49 of 85 steps (58%) done
Select jobs to execute...

[Fri May 23 12:14:55 2025]
rule analyze_hic:
    input: /storage/zhangyanxiaoLab/suzhuojie/projects/Aging_CUT_Tag/data/samples/HiC/brain/compartment/homer_compartment/tagDir/DYQ136
    output: /storage/zhangyanxiaoLab/suzhuojie/projects/Aging_CUT_Tag/data/samples/HiC/brain/ob_ex_matrix/DYQ136/DYQ136_50000_chr12_ob_ex_Matrix.txt
    jobid: 33
    reason: Missing output files: /storage/zhangyanxiaoLab/suzhuojie/projects/Aging_CUT_Tag/data/samples/HiC/brain/ob_ex_matrix/DYQ136/DYQ136_50000_chr12_ob_ex_Matrix.txt
    wildcards: sample=DYQ136, resolution=50000, chr=chr12
    threads: 5
    resources: tmpdir=/tmp

[Fri May 23 12:15:17 2025]
Finished job 29.
50 of 85 steps (59%) done
Select jobs to execute...

[Fri May 23 12:15:17 2025]
rule analyze_hic:
    input: /storage/zhangyanxiaoLab/suzhuojie/projects/Aging_CUT_Tag/data/samples/HiC/brain/compartment/homer_compartment/tagDir/DYQ137
    output: /storage/zhangyanxiaoLab/suzhuojie/projects/Aging_CUT_Tag/data/samples/HiC/brain/ob_ex_matrix/DYQ137/DYQ137_50000_chr5_ob_ex_Matrix.txt
    jobid: 47
    reason: Missing output files: /storage/zhangyanxiaoLab/suzhuojie/projects/Aging_CUT_Tag/data/samples/HiC/brain/ob_ex_matrix/DYQ137/DYQ137_50000_chr5_ob_ex_Matrix.txt
    wildcards: sample=DYQ137, resolution=50000, chr=chr5
    threads: 5
    resources: tmpdir=/tmp

[Fri May 23 12:15:40 2025]
Finished job 33.
51 of 85 steps (60%) done
Select jobs to execute...

[Fri May 23 12:15:40 2025]
rule analyze_hic:
    input: /storage/zhangyanxiaoLab/suzhuojie/projects/Aging_CUT_Tag/data/samples/HiC/brain/compartment/homer_compartment/tagDir/DYQ135
    output: /storage/zhangyanxiaoLab/suzhuojie/projects/Aging_CUT_Tag/data/samples/HiC/brain/ob_ex_matrix/DYQ135/DYQ135_50000_chr13_ob_ex_Matrix.txt
    jobid: 13
    reason: Missing output files: /storage/zhangyanxiaoLab/suzhuojie/projects/Aging_CUT_Tag/data/samples/HiC/brain/ob_ex_matrix/DYQ135/DYQ135_50000_chr13_ob_ex_Matrix.txt
    wildcards: sample=DYQ135, resolution=50000, chr=chr13
    threads: 5
    resources: tmpdir=/tmp

[Fri May 23 12:15:41 2025]
Finished job 46.
52 of 85 steps (61%) done
Select jobs to execute...

[Fri May 23 12:15:41 2025]
rule analyze_hic:
    input: /storage/zhangyanxiaoLab/suzhuojie/projects/Aging_CUT_Tag/data/samples/HiC/brain/compartment/homer_compartment/tagDir/DYQ136
    output: /storage/zhangyanxiaoLab/suzhuojie/projects/Aging_CUT_Tag/data/samples/HiC/brain/ob_ex_matrix/DYQ136/DYQ136_50000_chrX_ob_ex_Matrix.txt
    jobid: 41
    reason: Missing output files: /storage/zhangyanxiaoLab/suzhuojie/projects/Aging_CUT_Tag/data/samples/HiC/brain/ob_ex_matrix/DYQ136/DYQ136_50000_chrX_ob_ex_Matrix.txt
    wildcards: sample=DYQ136, resolution=50000, chr=chrX
    threads: 5
    resources: tmpdir=/tmp

[Fri May 23 12:16:10 2025]
Finished job 41.
53 of 85 steps (62%) done
Select jobs to execute...

[Fri May 23 12:16:10 2025]
rule analyze_hic:
    input: /storage/zhangyanxiaoLab/suzhuojie/projects/Aging_CUT_Tag/data/samples/HiC/brain/compartment/homer_compartment/tagDir/DYQ137
    output: /storage/zhangyanxiaoLab/suzhuojie/projects/Aging_CUT_Tag/data/samples/HiC/brain/ob_ex_matrix/DYQ137/DYQ137_50000_chr13_ob_ex_Matrix.txt
    jobid: 55
    reason: Missing output files: /storage/zhangyanxiaoLab/suzhuojie/projects/Aging_CUT_Tag/data/samples/HiC/brain/ob_ex_matrix/DYQ137/DYQ137_50000_chr13_ob_ex_Matrix.txt
    wildcards: sample=DYQ137, resolution=50000, chr=chr13
    threads: 5
    resources: tmpdir=/tmp

[Fri May 23 12:16:13 2025]
Finished job 47.
54 of 85 steps (64%) done
Select jobs to execute...

[Fri May 23 12:16:13 2025]
rule analyze_hic:
    input: /storage/zhangyanxiaoLab/suzhuojie/projects/Aging_CUT_Tag/data/samples/HiC/brain/compartment/homer_compartment/tagDir/DYQ138
    output: /storage/zhangyanxiaoLab/suzhuojie/projects/Aging_CUT_Tag/data/samples/HiC/brain/ob_ex_matrix/DYQ138/DYQ138_50000_chrX_ob_ex_Matrix.txt
    jobid: 83
    reason: Missing output files: /storage/zhangyanxiaoLab/suzhuojie/projects/Aging_CUT_Tag/data/samples/HiC/brain/ob_ex_matrix/DYQ138/DYQ138_50000_chrX_ob_ex_Matrix.txt
    wildcards: sample=DYQ138, resolution=50000, chr=chrX
    threads: 5
    resources: tmpdir=/tmp

[Fri May 23 12:16:25 2025]
Finished job 13.
55 of 85 steps (65%) done
Select jobs to execute...

[Fri May 23 12:16:25 2025]
rule analyze_hic:
    input: /storage/zhangyanxiaoLab/suzhuojie/projects/Aging_CUT_Tag/data/samples/HiC/brain/compartment/homer_compartment/tagDir/DYQ136
    output: /storage/zhangyanxiaoLab/suzhuojie/projects/Aging_CUT_Tag/data/samples/HiC/brain/ob_ex_matrix/DYQ136/DYQ136_50000_chr6_ob_ex_Matrix.txt
    jobid: 27
    reason: Missing output files: /storage/zhangyanxiaoLab/suzhuojie/projects/Aging_CUT_Tag/data/samples/HiC/brain/ob_ex_matrix/DYQ136/DYQ136_50000_chr6_ob_ex_Matrix.txt
    wildcards: sample=DYQ136, resolution=50000, chr=chr6
    threads: 5
    resources: tmpdir=/tmp

[Fri May 23 12:16:39 2025]
Finished job 83.
56 of 85 steps (66%) done
Select jobs to execute...

[Fri May 23 12:16:39 2025]
rule analyze_hic:
    input: /storage/zhangyanxiaoLab/suzhuojie/projects/Aging_CUT_Tag/data/samples/HiC/brain/compartment/homer_compartment/tagDir/DYQ138
    output: /storage/zhangyanxiaoLab/suzhuojie/projects/Aging_CUT_Tag/data/samples/HiC/brain/ob_ex_matrix/DYQ138/DYQ138_50000_chr6_ob_ex_Matrix.txt
    jobid: 69
    reason: Missing output files: /storage/zhangyanxiaoLab/suzhuojie/projects/Aging_CUT_Tag/data/samples/HiC/brain/ob_ex_matrix/DYQ138/DYQ138_50000_chr6_ob_ex_Matrix.txt
    wildcards: sample=DYQ138, resolution=50000, chr=chr6
    threads: 5
    resources: tmpdir=/tmp

[Fri May 23 12:16:55 2025]
Finished job 55.
57 of 85 steps (67%) done
Select jobs to execute...

[Fri May 23 12:16:55 2025]
rule analyze_hic:
    input: /storage/zhangyanxiaoLab/suzhuojie/projects/Aging_CUT_Tag/data/samples/HiC/brain/compartment/homer_compartment/tagDir/DYQ138
    output: /storage/zhangyanxiaoLab/suzhuojie/projects/Aging_CUT_Tag/data/samples/HiC/brain/ob_ex_matrix/DYQ138/DYQ138_50000_chr13_ob_ex_Matrix.txt
    jobid: 76
    reason: Missing output files: /storage/zhangyanxiaoLab/suzhuojie/projects/Aging_CUT_Tag/data/samples/HiC/brain/ob_ex_matrix/DYQ138/DYQ138_50000_chr13_ob_ex_Matrix.txt
    wildcards: sample=DYQ138, resolution=50000, chr=chr13
    threads: 5
    resources: tmpdir=/tmp

[Fri May 23 12:17:20 2025]
Finished job 27.
58 of 85 steps (68%) done
Select jobs to execute...

[Fri May 23 12:17:20 2025]
rule analyze_hic:
    input: /storage/zhangyanxiaoLab/suzhuojie/projects/Aging_CUT_Tag/data/samples/HiC/brain/compartment/homer_compartment/tagDir/DYQ136
    output: /storage/zhangyanxiaoLab/suzhuojie/projects/Aging_CUT_Tag/data/samples/HiC/brain/ob_ex_matrix/DYQ136/DYQ136_50000_chr13_ob_ex_Matrix.txt
    jobid: 34
    reason: Missing output files: /storage/zhangyanxiaoLab/suzhuojie/projects/Aging_CUT_Tag/data/samples/HiC/brain/ob_ex_matrix/DYQ136/DYQ136_50000_chr13_ob_ex_Matrix.txt
    wildcards: sample=DYQ136, resolution=50000, chr=chr13
    threads: 5
    resources: tmpdir=/tmp

[Fri May 23 12:17:34 2025]
Finished job 69.
59 of 85 steps (69%) done
Select jobs to execute...

[Fri May 23 12:17:34 2025]
rule analyze_hic:
    input: /storage/zhangyanxiaoLab/suzhuojie/projects/Aging_CUT_Tag/data/samples/HiC/brain/compartment/homer_compartment/tagDir/DYQ137
    output: /storage/zhangyanxiaoLab/suzhuojie/projects/Aging_CUT_Tag/data/samples/HiC/brain/ob_ex_matrix/DYQ137/DYQ137_50000_chr6_ob_ex_Matrix.txt
    jobid: 48
    reason: Missing output files: /storage/zhangyanxiaoLab/suzhuojie/projects/Aging_CUT_Tag/data/samples/HiC/brain/ob_ex_matrix/DYQ137/DYQ137_50000_chr6_ob_ex_Matrix.txt
    wildcards: sample=DYQ137, resolution=50000, chr=chr6
    threads: 5
    resources: tmpdir=/tmp

[Fri May 23 12:17:37 2025]
Finished job 76.
60 of 85 steps (71%) done
Select jobs to execute...

[Fri May 23 12:17:37 2025]
rule analyze_hic:
    input: /storage/zhangyanxiaoLab/suzhuojie/projects/Aging_CUT_Tag/data/samples/HiC/brain/compartment/homer_compartment/tagDir/DYQ135
    output: /storage/zhangyanxiaoLab/suzhuojie/projects/Aging_CUT_Tag/data/samples/HiC/brain/ob_ex_matrix/DYQ135/DYQ135_50000_chr6_ob_ex_Matrix.txt
    jobid: 6
    reason: Missing output files: /storage/zhangyanxiaoLab/suzhuojie/projects/Aging_CUT_Tag/data/samples/HiC/brain/ob_ex_matrix/DYQ135/DYQ135_50000_chr6_ob_ex_Matrix.txt
    wildcards: sample=DYQ135, resolution=50000, chr=chr6
    threads: 5
    resources: tmpdir=/tmp

[Fri May 23 12:18:07 2025]
Finished job 34.
61 of 85 steps (72%) done
Select jobs to execute...

[Fri May 23 12:18:07 2025]
rule analyze_hic:
    input: /storage/zhangyanxiaoLab/suzhuojie/projects/Aging_CUT_Tag/data/samples/HiC/brain/compartment/homer_compartment/tagDir/DYQ135
    output: /storage/zhangyanxiaoLab/suzhuojie/projects/Aging_CUT_Tag/data/samples/HiC/brain/ob_ex_matrix/DYQ135/DYQ135_50000_chrX_ob_ex_Matrix.txt
    jobid: 20
    reason: Missing output files: /storage/zhangyanxiaoLab/suzhuojie/projects/Aging_CUT_Tag/data/samples/HiC/brain/ob_ex_matrix/DYQ135/DYQ135_50000_chrX_ob_ex_Matrix.txt
    wildcards: sample=DYQ135, resolution=50000, chr=chrX
    threads: 5
    resources: tmpdir=/tmp

[Fri May 23 12:18:32 2025]
Finished job 48.
62 of 85 steps (73%) done
Select jobs to execute...

[Fri May 23 12:18:32 2025]
rule analyze_hic:
    input: /storage/zhangyanxiaoLab/suzhuojie/projects/Aging_CUT_Tag/data/samples/HiC/brain/compartment/homer_compartment/tagDir/DYQ137
    output: /storage/zhangyanxiaoLab/suzhuojie/projects/Aging_CUT_Tag/data/samples/HiC/brain/ob_ex_matrix/DYQ137/DYQ137_50000_chrX_ob_ex_Matrix.txt
    jobid: 62
    reason: Missing output files: /storage/zhangyanxiaoLab/suzhuojie/projects/Aging_CUT_Tag/data/samples/HiC/brain/ob_ex_matrix/DYQ137/DYQ137_50000_chrX_ob_ex_Matrix.txt
    wildcards: sample=DYQ137, resolution=50000, chr=chrX
    threads: 5
    resources: tmpdir=/tmp

[Fri May 23 12:18:33 2025]
Finished job 6.
63 of 85 steps (74%) done
Select jobs to execute...

[Fri May 23 12:18:33 2025]
rule analyze_hic:
    input: /storage/zhangyanxiaoLab/suzhuojie/projects/Aging_CUT_Tag/data/samples/HiC/brain/compartment/homer_compartment/tagDir/DYQ138
    output: /storage/zhangyanxiaoLab/suzhuojie/projects/Aging_CUT_Tag/data/samples/HiC/brain/ob_ex_matrix/DYQ138/DYQ138_50000_chr7_ob_ex_Matrix.txt
    jobid: 70
    reason: Missing output files: /storage/zhangyanxiaoLab/suzhuojie/projects/Aging_CUT_Tag/data/samples/HiC/brain/ob_ex_matrix/DYQ138/DYQ138_50000_chr7_ob_ex_Matrix.txt
    wildcards: sample=DYQ138, resolution=50000, chr=chr7
    threads: 5
    resources: tmpdir=/tmp

[Fri May 23 12:18:35 2025]
Finished job 20.
64 of 85 steps (75%) done
Select jobs to execute...

[Fri May 23 12:18:35 2025]
rule analyze_hic:
    input: /storage/zhangyanxiaoLab/suzhuojie/projects/Aging_CUT_Tag/data/samples/HiC/brain/compartment/homer_compartment/tagDir/DYQ136
    output: /storage/zhangyanxiaoLab/suzhuojie/projects/Aging_CUT_Tag/data/samples/HiC/brain/ob_ex_matrix/DYQ136/DYQ136_50000_chr11_ob_ex_Matrix.txt
    jobid: 32
    reason: Missing output files: /storage/zhangyanxiaoLab/suzhuojie/projects/Aging_CUT_Tag/data/samples/HiC/brain/ob_ex_matrix/DYQ136/DYQ136_50000_chr11_ob_ex_Matrix.txt
    wildcards: sample=DYQ136, resolution=50000, chr=chr11
    threads: 5
    resources: tmpdir=/tmp

[Fri May 23 12:18:59 2025]
Finished job 62.
65 of 85 steps (76%) done
Select jobs to execute...

[Fri May 23 12:18:59 2025]
rule analyze_hic:
    input: /storage/zhangyanxiaoLab/suzhuojie/projects/Aging_CUT_Tag/data/samples/HiC/brain/compartment/homer_compartment/tagDir/DYQ138
    output: /storage/zhangyanxiaoLab/suzhuojie/projects/Aging_CUT_Tag/data/samples/HiC/brain/ob_ex_matrix/DYQ138/DYQ138_50000_chr11_ob_ex_Matrix.txt
    jobid: 74
    reason: Missing output files: /storage/zhangyanxiaoLab/suzhuojie/projects/Aging_CUT_Tag/data/samples/HiC/brain/ob_ex_matrix/DYQ138/DYQ138_50000_chr11_ob_ex_Matrix.txt
    wildcards: sample=DYQ138, resolution=50000, chr=chr11
    threads: 5
    resources: tmpdir=/tmp

[Fri May 23 12:19:25 2025]
Finished job 70.
66 of 85 steps (78%) done
Select jobs to execute...

[Fri May 23 12:19:25 2025]
rule analyze_hic:
    input: /storage/zhangyanxiaoLab/suzhuojie/projects/Aging_CUT_Tag/data/samples/HiC/brain/compartment/homer_compartment/tagDir/DYQ138
    output: /storage/zhangyanxiaoLab/suzhuojie/projects/Aging_CUT_Tag/data/samples/HiC/brain/ob_ex_matrix/DYQ138/DYQ138_50000_chr5_ob_ex_Matrix.txt
    jobid: 68
    reason: Missing output files: /storage/zhangyanxiaoLab/suzhuojie/projects/Aging_CUT_Tag/data/samples/HiC/brain/ob_ex_matrix/DYQ138/DYQ138_50000_chr5_ob_ex_Matrix.txt
    wildcards: sample=DYQ138, resolution=50000, chr=chr5
    threads: 5
    resources: tmpdir=/tmp

[Fri May 23 12:19:28 2025]
Finished job 32.
67 of 85 steps (79%) done
Select jobs to execute...

[Fri May 23 12:19:28 2025]
rule analyze_hic:
    input: /storage/zhangyanxiaoLab/suzhuojie/projects/Aging_CUT_Tag/data/samples/HiC/brain/compartment/homer_compartment/tagDir/DYQ135
    output: /storage/zhangyanxiaoLab/suzhuojie/projects/Aging_CUT_Tag/data/samples/HiC/brain/ob_ex_matrix/DYQ135/DYQ135_50000_chr1_ob_ex_Matrix.txt
    jobid: 1
    reason: Missing output files: /storage/zhangyanxiaoLab/suzhuojie/projects/Aging_CUT_Tag/data/samples/HiC/brain/ob_ex_matrix/DYQ135/DYQ135_50000_chr1_ob_ex_Matrix.txt
    wildcards: sample=DYQ135, resolution=50000, chr=chr1
    threads: 5
    resources: tmpdir=/tmp

[Fri May 23 12:19:49 2025]
Finished job 74.
68 of 85 steps (80%) done
Select jobs to execute...

[Fri May 23 12:19:49 2025]
rule analyze_hic:
    input: /storage/zhangyanxiaoLab/suzhuojie/projects/Aging_CUT_Tag/data/samples/HiC/brain/compartment/homer_compartment/tagDir/DYQ137
    output: /storage/zhangyanxiaoLab/suzhuojie/projects/Aging_CUT_Tag/data/samples/HiC/brain/ob_ex_matrix/DYQ137/DYQ137_50000_chr14_ob_ex_Matrix.txt
    jobid: 56
    reason: Missing output files: /storage/zhangyanxiaoLab/suzhuojie/projects/Aging_CUT_Tag/data/samples/HiC/brain/ob_ex_matrix/DYQ137/DYQ137_50000_chr14_ob_ex_Matrix.txt
    wildcards: sample=DYQ137, resolution=50000, chr=chr14
    threads: 5
    resources: tmpdir=/tmp

[Fri May 23 12:20:24 2025]
Finished job 68.
69 of 85 steps (81%) done
Select jobs to execute...

[Fri May 23 12:20:24 2025]
rule analyze_hic:
    input: /storage/zhangyanxiaoLab/suzhuojie/projects/Aging_CUT_Tag/data/samples/HiC/brain/compartment/homer_compartment/tagDir/DYQ138
    output: /storage/zhangyanxiaoLab/suzhuojie/projects/Aging_CUT_Tag/data/samples/HiC/brain/ob_ex_matrix/DYQ138/DYQ138_50000_chrY_ob_ex_Matrix.txt
    jobid: 84
    reason: Missing output files: /storage/zhangyanxiaoLab/suzhuojie/projects/Aging_CUT_Tag/data/samples/HiC/brain/ob_ex_matrix/DYQ138/DYQ138_50000_chrY_ob_ex_Matrix.txt
    wildcards: sample=DYQ138, resolution=50000, chr=chrY
    threads: 5
    resources: tmpdir=/tmp

[Fri May 23 12:20:27 2025]
Finished job 84.
70 of 85 steps (82%) done
Select jobs to execute...

[Fri May 23 12:20:27 2025]
rule analyze_hic:
    input: /storage/zhangyanxiaoLab/suzhuojie/projects/Aging_CUT_Tag/data/samples/HiC/brain/compartment/homer_compartment/tagDir/DYQ136
    output: /storage/zhangyanxiaoLab/suzhuojie/projects/Aging_CUT_Tag/data/samples/HiC/brain/ob_ex_matrix/DYQ136/DYQ136_50000_chr5_ob_ex_Matrix.txt
    jobid: 26
    reason: Missing output files: /storage/zhangyanxiaoLab/suzhuojie/projects/Aging_CUT_Tag/data/samples/HiC/brain/ob_ex_matrix/DYQ136/DYQ136_50000_chr5_ob_ex_Matrix.txt
    wildcards: sample=DYQ136, resolution=50000, chr=chr5
    threads: 5
    resources: tmpdir=/tmp

[Fri May 23 12:20:33 2025]
Finished job 56.
71 of 85 steps (84%) done
Select jobs to execute...

[Fri May 23 12:20:33 2025]
rule analyze_hic:
    input: /storage/zhangyanxiaoLab/suzhuojie/projects/Aging_CUT_Tag/data/samples/HiC/brain/compartment/homer_compartment/tagDir/DYQ135
    output: /storage/zhangyanxiaoLab/suzhuojie/projects/Aging_CUT_Tag/data/samples/HiC/brain/ob_ex_matrix/DYQ135/DYQ135_50000_chr14_ob_ex_Matrix.txt
    jobid: 14
    reason: Missing output files: /storage/zhangyanxiaoLab/suzhuojie/projects/Aging_CUT_Tag/data/samples/HiC/brain/ob_ex_matrix/DYQ135/DYQ135_50000_chr14_ob_ex_Matrix.txt
    wildcards: sample=DYQ135, resolution=50000, chr=chr14
    threads: 5
    resources: tmpdir=/tmp

[Fri May 23 12:20:40 2025]
Finished job 1.
72 of 85 steps (85%) done
Select jobs to execute...

[Fri May 23 12:20:40 2025]
rule analyze_hic:
    input: /storage/zhangyanxiaoLab/suzhuojie/projects/Aging_CUT_Tag/data/samples/HiC/brain/compartment/homer_compartment/tagDir/DYQ136
    output: /storage/zhangyanxiaoLab/suzhuojie/projects/Aging_CUT_Tag/data/samples/HiC/brain/ob_ex_matrix/DYQ136/DYQ136_50000_chr7_ob_ex_Matrix.txt
    jobid: 28
    reason: Missing output files: /storage/zhangyanxiaoLab/suzhuojie/projects/Aging_CUT_Tag/data/samples/HiC/brain/ob_ex_matrix/DYQ136/DYQ136_50000_chr7_ob_ex_Matrix.txt
    wildcards: sample=DYQ136, resolution=50000, chr=chr7
    threads: 5
    resources: tmpdir=/tmp

[Fri May 23 12:21:17 2025]
Finished job 14.
73 of 85 steps (86%) done
Select jobs to execute...

[Fri May 23 12:21:17 2025]
rule analyze_hic:
    input: /storage/zhangyanxiaoLab/suzhuojie/projects/Aging_CUT_Tag/data/samples/HiC/brain/compartment/homer_compartment/tagDir/DYQ136
    output: /storage/zhangyanxiaoLab/suzhuojie/projects/Aging_CUT_Tag/data/samples/HiC/brain/ob_ex_matrix/DYQ136/DYQ136_50000_chrY_ob_ex_Matrix.txt
    jobid: 42
    reason: Missing output files: /storage/zhangyanxiaoLab/suzhuojie/projects/Aging_CUT_Tag/data/samples/HiC/brain/ob_ex_matrix/DYQ136/DYQ136_50000_chrY_ob_ex_Matrix.txt
    wildcards: sample=DYQ136, resolution=50000, chr=chrY
    threads: 5
    resources: tmpdir=/tmp

[Fri May 23 12:21:20 2025]
Finished job 42.
74 of 85 steps (87%) done
Select jobs to execute...

[Fri May 23 12:21:20 2025]
rule analyze_hic:
    input: /storage/zhangyanxiaoLab/suzhuojie/projects/Aging_CUT_Tag/data/samples/HiC/brain/compartment/homer_compartment/tagDir/DYQ138
    output: /storage/zhangyanxiaoLab/suzhuojie/projects/Aging_CUT_Tag/data/samples/HiC/brain/ob_ex_matrix/DYQ138/DYQ138_50000_chr4_ob_ex_Matrix.txt
    jobid: 67
    reason: Missing output files: /storage/zhangyanxiaoLab/suzhuojie/projects/Aging_CUT_Tag/data/samples/HiC/brain/ob_ex_matrix/DYQ138/DYQ138_50000_chr4_ob_ex_Matrix.txt
    wildcards: sample=DYQ138, resolution=50000, chr=chr4
    threads: 5
    resources: tmpdir=/tmp

[Fri May 23 12:21:29 2025]
Finished job 26.
75 of 85 steps (88%) done
Select jobs to execute...

[Fri May 23 12:21:29 2025]
rule analyze_hic:
    input: /storage/zhangyanxiaoLab/suzhuojie/projects/Aging_CUT_Tag/data/samples/HiC/brain/compartment/homer_compartment/tagDir/DYQ136
    output: /storage/zhangyanxiaoLab/suzhuojie/projects/Aging_CUT_Tag/data/samples/HiC/brain/ob_ex_matrix/DYQ136/DYQ136_50000_chr4_ob_ex_Matrix.txt
    jobid: 25
    reason: Missing output files: /storage/zhangyanxiaoLab/suzhuojie/projects/Aging_CUT_Tag/data/samples/HiC/brain/ob_ex_matrix/DYQ136/DYQ136_50000_chr4_ob_ex_Matrix.txt
    wildcards: sample=DYQ136, resolution=50000, chr=chr4
    threads: 5
    resources: tmpdir=/tmp

[Fri May 23 12:21:36 2025]
Finished job 28.
76 of 85 steps (89%) done
Select jobs to execute...

[Fri May 23 12:21:36 2025]
rule analyze_hic:
    input: /storage/zhangyanxiaoLab/suzhuojie/projects/Aging_CUT_Tag/data/samples/HiC/brain/compartment/homer_compartment/tagDir/DYQ136
    output: /storage/zhangyanxiaoLab/suzhuojie/projects/Aging_CUT_Tag/data/samples/HiC/brain/ob_ex_matrix/DYQ136/DYQ136_50000_chr18_ob_ex_Matrix.txt
    jobid: 39
    reason: Missing output files: /storage/zhangyanxiaoLab/suzhuojie/projects/Aging_CUT_Tag/data/samples/HiC/brain/ob_ex_matrix/DYQ136/DYQ136_50000_chr18_ob_ex_Matrix.txt
    wildcards: sample=DYQ136, resolution=50000, chr=chr18
    threads: 5
    resources: tmpdir=/tmp

[Fri May 23 12:22:15 2025]
Finished job 39.
77 of 85 steps (91%) done
Select jobs to execute...

[Fri May 23 12:22:16 2025]
rule analyze_hic:
    input: /storage/zhangyanxiaoLab/suzhuojie/projects/Aging_CUT_Tag/data/samples/HiC/brain/compartment/homer_compartment/tagDir/DYQ137
    output: /storage/zhangyanxiaoLab/suzhuojie/projects/Aging_CUT_Tag/data/samples/HiC/brain/ob_ex_matrix/DYQ137/DYQ137_50000_chr11_ob_ex_Matrix.txt
    jobid: 53
    reason: Missing output files: /storage/zhangyanxiaoLab/suzhuojie/projects/Aging_CUT_Tag/data/samples/HiC/brain/ob_ex_matrix/DYQ137/DYQ137_50000_chr11_ob_ex_Matrix.txt
    wildcards: sample=DYQ137, resolution=50000, chr=chr11
    threads: 5
    resources: tmpdir=/tmp

[Fri May 23 12:22:20 2025]
Finished job 67.
78 of 85 steps (92%) done
Select jobs to execute...

[Fri May 23 12:22:20 2025]
rule analyze_hic:
    input: /storage/zhangyanxiaoLab/suzhuojie/projects/Aging_CUT_Tag/data/samples/HiC/brain/compartment/homer_compartment/tagDir/DYQ135
    output: /storage/zhangyanxiaoLab/suzhuojie/projects/Aging_CUT_Tag/data/samples/HiC/brain/ob_ex_matrix/DYQ135/DYQ135_50000_chr7_ob_ex_Matrix.txt
    jobid: 7
    reason: Missing output files: /storage/zhangyanxiaoLab/suzhuojie/projects/Aging_CUT_Tag/data/samples/HiC/brain/ob_ex_matrix/DYQ135/DYQ135_50000_chr7_ob_ex_Matrix.txt
    wildcards: sample=DYQ135, resolution=50000, chr=chr7
    threads: 5
    resources: tmpdir=/tmp

[Fri May 23 12:22:30 2025]
Finished job 25.
79 of 85 steps (93%) done
Select jobs to execute...

[Fri May 23 12:22:30 2025]
rule analyze_hic:
    input: /storage/zhangyanxiaoLab/suzhuojie/projects/Aging_CUT_Tag/data/samples/HiC/brain/compartment/homer_compartment/tagDir/DYQ135
    output: /storage/zhangyanxiaoLab/suzhuojie/projects/Aging_CUT_Tag/data/samples/HiC/brain/ob_ex_matrix/DYQ135/DYQ135_50000_chr5_ob_ex_Matrix.txt
    jobid: 5
    reason: Missing output files: /storage/zhangyanxiaoLab/suzhuojie/projects/Aging_CUT_Tag/data/samples/HiC/brain/ob_ex_matrix/DYQ135/DYQ135_50000_chr5_ob_ex_Matrix.txt
    wildcards: sample=DYQ135, resolution=50000, chr=chr5
    threads: 5
    resources: tmpdir=/tmp

[Fri May 23 12:23:07 2025]
Finished job 53.
80 of 85 steps (94%) done
Select jobs to execute...

[Fri May 23 12:23:07 2025]
rule analyze_hic:
    input: /storage/zhangyanxiaoLab/suzhuojie/projects/Aging_CUT_Tag/data/samples/HiC/brain/compartment/homer_compartment/tagDir/DYQ137
    output: /storage/zhangyanxiaoLab/suzhuojie/projects/Aging_CUT_Tag/data/samples/HiC/brain/ob_ex_matrix/DYQ137/DYQ137_50000_chr18_ob_ex_Matrix.txt
    jobid: 60
    reason: Missing output files: /storage/zhangyanxiaoLab/suzhuojie/projects/Aging_CUT_Tag/data/samples/HiC/brain/ob_ex_matrix/DYQ137/DYQ137_50000_chr18_ob_ex_Matrix.txt
    wildcards: sample=DYQ137, resolution=50000, chr=chr18
    threads: 5
    resources: tmpdir=/tmp

[Fri May 23 12:23:14 2025]
Finished job 7.
81 of 85 steps (95%) done
Select jobs to execute...

[Fri May 23 12:23:14 2025]
rule analyze_hic:
    input: /storage/zhangyanxiaoLab/suzhuojie/projects/Aging_CUT_Tag/data/samples/HiC/brain/compartment/homer_compartment/tagDir/DYQ135
    output: /storage/zhangyanxiaoLab/suzhuojie/projects/Aging_CUT_Tag/data/samples/HiC/brain/ob_ex_matrix/DYQ135/DYQ135_50000_chr11_ob_ex_Matrix.txt
    jobid: 11
    reason: Missing output files: /storage/zhangyanxiaoLab/suzhuojie/projects/Aging_CUT_Tag/data/samples/HiC/brain/ob_ex_matrix/DYQ135/DYQ135_50000_chr11_ob_ex_Matrix.txt
    wildcards: sample=DYQ135, resolution=50000, chr=chr11
    threads: 5
    resources: tmpdir=/tmp

[Fri May 23 12:23:28 2025]
Finished job 5.
82 of 85 steps (96%) done
[Fri May 23 12:23:40 2025]
Finished job 60.
83 of 85 steps (98%) done
[Fri May 23 12:24:02 2025]
Finished job 11.
84 of 85 steps (99%) done
Select jobs to execute...

[Fri May 23 12:24:02 2025]
localrule all:
    input: /storage/zhangyanxiaoLab/suzhuojie/projects/Aging_CUT_Tag/data/samples/HiC/brain/ob_ex_matrix/DYQ135/DYQ135_50000_chr1_ob_ex_Matrix.txt, /storage/zhangyanxiaoLab/suzhuojie/projects/Aging_CUT_Tag/data/samples/HiC/brain/ob_ex_matrix/DYQ135/DYQ135_50000_chr2_ob_ex_Matrix.txt, /storage/zhangyanxiaoLab/suzhuojie/projects/Aging_CUT_Tag/data/samples/HiC/brain/ob_ex_matrix/DYQ135/DYQ135_50000_chr3_ob_ex_Matrix.txt, /storage/zhangyanxiaoLab/suzhuojie/projects/Aging_CUT_Tag/data/samples/HiC/brain/ob_ex_matrix/DYQ135/DYQ135_50000_chr4_ob_ex_Matrix.txt, /storage/zhangyanxiaoLab/suzhuojie/projects/Aging_CUT_Tag/data/samples/HiC/brain/ob_ex_matrix/DYQ135/DYQ135_50000_chr5_ob_ex_Matrix.txt, /storage/zhangyanxiaoLab/suzhuojie/projects/Aging_CUT_Tag/data/samples/HiC/brain/ob_ex_matrix/DYQ135/DYQ135_50000_chr6_ob_ex_Matrix.txt, /storage/zhangyanxiaoLab/suzhuojie/projects/Aging_CUT_Tag/data/samples/HiC/brain/ob_ex_matrix/DYQ135/DYQ135_50000_chr7_ob_ex_Matrix.txt, /storage/zhangyanxiaoLab/suzhuojie/projects/Aging_CUT_Tag/data/samples/HiC/brain/ob_ex_matrix/DYQ135/DYQ135_50000_chr8_ob_ex_Matrix.txt, /storage/zhangyanxiaoLab/suzhuojie/projects/Aging_CUT_Tag/data/samples/HiC/brain/ob_ex_matrix/DYQ135/DYQ135_50000_chr9_ob_ex_Matrix.txt, /storage/zhangyanxiaoLab/suzhuojie/projects/Aging_CUT_Tag/data/samples/HiC/brain/ob_ex_matrix/DYQ135/DYQ135_50000_chr10_ob_ex_Matrix.txt, /storage/zhangyanxiaoLab/suzhuojie/projects/Aging_CUT_Tag/data/samples/HiC/brain/ob_ex_matrix/DYQ135/DYQ135_50000_chr11_ob_ex_Matrix.txt, /storage/zhangyanxiaoLab/suzhuojie/projects/Aging_CUT_Tag/data/samples/HiC/brain/ob_ex_matrix/DYQ135/DYQ135_50000_chr12_ob_ex_Matrix.txt, /storage/zhangyanxiaoLab/suzhuojie/projects/Aging_CUT_Tag/data/samples/HiC/brain/ob_ex_matrix/DYQ135/DYQ135_50000_chr13_ob_ex_Matrix.txt, /storage/zhangyanxiaoLab/suzhuojie/projects/Aging_CUT_Tag/data/samples/HiC/brain/ob_ex_matrix/DYQ135/DYQ135_50000_chr14_ob_ex_Matrix.txt, /storage/zhangyanxiaoLab/suzhuojie/projects/Aging_CUT_Tag/data/samples/HiC/brain/ob_ex_matrix/DYQ135/DYQ135_50000_chr15_ob_ex_Matrix.txt, /storage/zhangyanxiaoLab/suzhuojie/projects/Aging_CUT_Tag/data/samples/HiC/brain/ob_ex_matrix/DYQ135/DYQ135_50000_chr16_ob_ex_Matrix.txt, /storage/zhangyanxiaoLab/suzhuojie/projects/Aging_CUT_Tag/data/samples/HiC/brain/ob_ex_matrix/DYQ135/DYQ135_50000_chr17_ob_ex_Matrix.txt, /storage/zhangyanxiaoLab/suzhuojie/projects/Aging_CUT_Tag/data/samples/HiC/brain/ob_ex_matrix/DYQ135/DYQ135_50000_chr18_ob_ex_Matrix.txt, /storage/zhangyanxiaoLab/suzhuojie/projects/Aging_CUT_Tag/data/samples/HiC/brain/ob_ex_matrix/DYQ135/DYQ135_50000_chr19_ob_ex_Matrix.txt, /storage/zhangyanxiaoLab/suzhuojie/projects/Aging_CUT_Tag/data/samples/HiC/brain/ob_ex_matrix/DYQ135/DYQ135_50000_chrX_ob_ex_Matrix.txt, /storage/zhangyanxiaoLab/suzhuojie/projects/Aging_CUT_Tag/data/samples/HiC/brain/ob_ex_matrix/DYQ135/DYQ135_50000_chrY_ob_ex_Matrix.txt, /storage/zhangyanxiaoLab/suzhuojie/projects/Aging_CUT_Tag/data/samples/HiC/brain/ob_ex_matrix/DYQ136/DYQ136_50000_chr1_ob_ex_Matrix.txt, /storage/zhangyanxiaoLab/suzhuojie/projects/Aging_CUT_Tag/data/samples/HiC/brain/ob_ex_matrix/DYQ136/DYQ136_50000_chr2_ob_ex_Matrix.txt, /storage/zhangyanxiaoLab/suzhuojie/projects/Aging_CUT_Tag/data/samples/HiC/brain/ob_ex_matrix/DYQ136/DYQ136_50000_chr3_ob_ex_Matrix.txt, /storage/zhangyanxiaoLab/suzhuojie/projects/Aging_CUT_Tag/data/samples/HiC/brain/ob_ex_matrix/DYQ136/DYQ136_50000_chr4_ob_ex_Matrix.txt, /storage/zhangyanxiaoLab/suzhuojie/projects/Aging_CUT_Tag/data/samples/HiC/brain/ob_ex_matrix/DYQ136/DYQ136_50000_chr5_ob_ex_Matrix.txt, /storage/zhangyanxiaoLab/suzhuojie/projects/Aging_CUT_Tag/data/samples/HiC/brain/ob_ex_matrix/DYQ136/DYQ136_50000_chr6_ob_ex_Matrix.txt, /storage/zhangyanxiaoLab/suzhuojie/projects/Aging_CUT_Tag/data/samples/HiC/brain/ob_ex_matrix/DYQ136/DYQ136_50000_chr7_ob_ex_Matrix.txt, /storage/zhangyanxiaoLab/suzhuojie/projects/Aging_CUT_Tag/data/samples/HiC/brain/ob_ex_matrix/DYQ136/DYQ136_50000_chr8_ob_ex_Matrix.txt, /storage/zhangyanxiaoLab/suzhuojie/projects/Aging_CUT_Tag/data/samples/HiC/brain/ob_ex_matrix/DYQ136/DYQ136_50000_chr9_ob_ex_Matrix.txt, /storage/zhangyanxiaoLab/suzhuojie/projects/Aging_CUT_Tag/data/samples/HiC/brain/ob_ex_matrix/DYQ136/DYQ136_50000_chr10_ob_ex_Matrix.txt, /storage/zhangyanxiaoLab/suzhuojie/projects/Aging_CUT_Tag/data/samples/HiC/brain/ob_ex_matrix/DYQ136/DYQ136_50000_chr11_ob_ex_Matrix.txt, /storage/zhangyanxiaoLab/suzhuojie/projects/Aging_CUT_Tag/data/samples/HiC/brain/ob_ex_matrix/DYQ136/DYQ136_50000_chr12_ob_ex_Matrix.txt, /storage/zhangyanxiaoLab/suzhuojie/projects/Aging_CUT_Tag/data/samples/HiC/brain/ob_ex_matrix/DYQ136/DYQ136_50000_chr13_ob_ex_Matrix.txt, /storage/zhangyanxiaoLab/suzhuojie/projects/Aging_CUT_Tag/data/samples/HiC/brain/ob_ex_matrix/DYQ136/DYQ136_50000_chr14_ob_ex_Matrix.txt, /storage/zhangyanxiaoLab/suzhuojie/projects/Aging_CUT_Tag/data/samples/HiC/brain/ob_ex_matrix/DYQ136/DYQ136_50000_chr15_ob_ex_Matrix.txt, /storage/zhangyanxiaoLab/suzhuojie/projects/Aging_CUT_Tag/data/samples/HiC/brain/ob_ex_matrix/DYQ136/DYQ136_50000_chr16_ob_ex_Matrix.txt, /storage/zhangyanxiaoLab/suzhuojie/projects/Aging_CUT_Tag/data/samples/HiC/brain/ob_ex_matrix/DYQ136/DYQ136_50000_chr17_ob_ex_Matrix.txt, /storage/zhangyanxiaoLab/suzhuojie/projects/Aging_CUT_Tag/data/samples/HiC/brain/ob_ex_matrix/DYQ136/DYQ136_50000_chr18_ob_ex_Matrix.txt, /storage/zhangyanxiaoLab/suzhuojie/projects/Aging_CUT_Tag/data/samples/HiC/brain/ob_ex_matrix/DYQ136/DYQ136_50000_chr19_ob_ex_Matrix.txt, /storage/zhangyanxiaoLab/suzhuojie/projects/Aging_CUT_Tag/data/samples/HiC/brain/ob_ex_matrix/DYQ136/DYQ136_50000_chrX_ob_ex_Matrix.txt, /storage/zhangyanxiaoLab/suzhuojie/projects/Aging_CUT_Tag/data/samples/HiC/brain/ob_ex_matrix/DYQ136/DYQ136_50000_chrY_ob_ex_Matrix.txt, /storage/zhangyanxiaoLab/suzhuojie/projects/Aging_CUT_Tag/data/samples/HiC/brain/ob_ex_matrix/DYQ137/DYQ137_50000_chr1_ob_ex_Matrix.txt, /storage/zhangyanxiaoLab/suzhuojie/projects/Aging_CUT_Tag/data/samples/HiC/brain/ob_ex_matrix/DYQ137/DYQ137_50000_chr2_ob_ex_Matrix.txt, /storage/zhangyanxiaoLab/suzhuojie/projects/Aging_CUT_Tag/data/samples/HiC/brain/ob_ex_matrix/DYQ137/DYQ137_50000_chr3_ob_ex_Matrix.txt, /storage/zhangyanxiaoLab/suzhuojie/projects/Aging_CUT_Tag/data/samples/HiC/brain/ob_ex_matrix/DYQ137/DYQ137_50000_chr4_ob_ex_Matrix.txt, /storage/zhangyanxiaoLab/suzhuojie/projects/Aging_CUT_Tag/data/samples/HiC/brain/ob_ex_matrix/DYQ137/DYQ137_50000_chr5_ob_ex_Matrix.txt, /storage/zhangyanxiaoLab/suzhuojie/projects/Aging_CUT_Tag/data/samples/HiC/brain/ob_ex_matrix/DYQ137/DYQ137_50000_chr6_ob_ex_Matrix.txt, /storage/zhangyanxiaoLab/suzhuojie/projects/Aging_CUT_Tag/data/samples/HiC/brain/ob_ex_matrix/DYQ137/DYQ137_50000_chr7_ob_ex_Matrix.txt, /storage/zhangyanxiaoLab/suzhuojie/projects/Aging_CUT_Tag/data/samples/HiC/brain/ob_ex_matrix/DYQ137/DYQ137_50000_chr8_ob_ex_Matrix.txt, /storage/zhangyanxiaoLab/suzhuojie/projects/Aging_CUT_Tag/data/samples/HiC/brain/ob_ex_matrix/DYQ137/DYQ137_50000_chr9_ob_ex_Matrix.txt, /storage/zhangyanxiaoLab/suzhuojie/projects/Aging_CUT_Tag/data/samples/HiC/brain/ob_ex_matrix/DYQ137/DYQ137_50000_chr10_ob_ex_Matrix.txt, /storage/zhangyanxiaoLab/suzhuojie/projects/Aging_CUT_Tag/data/samples/HiC/brain/ob_ex_matrix/DYQ137/DYQ137_50000_chr11_ob_ex_Matrix.txt, /storage/zhangyanxiaoLab/suzhuojie/projects/Aging_CUT_Tag/data/samples/HiC/brain/ob_ex_matrix/DYQ137/DYQ137_50000_chr12_ob_ex_Matrix.txt, /storage/zhangyanxiaoLab/suzhuojie/projects/Aging_CUT_Tag/data/samples/HiC/brain/ob_ex_matrix/DYQ137/DYQ137_50000_chr13_ob_ex_Matrix.txt, /storage/zhangyanxiaoLab/suzhuojie/projects/Aging_CUT_Tag/data/samples/HiC/brain/ob_ex_matrix/DYQ137/DYQ137_50000_chr14_ob_ex_Matrix.txt, /storage/zhangyanxiaoLab/suzhuojie/projects/Aging_CUT_Tag/data/samples/HiC/brain/ob_ex_matrix/DYQ137/DYQ137_50000_chr15_ob_ex_Matrix.txt, /storage/zhangyanxiaoLab/suzhuojie/projects/Aging_CUT_Tag/data/samples/HiC/brain/ob_ex_matrix/DYQ137/DYQ137_50000_chr16_ob_ex_Matrix.txt, /storage/zhangyanxiaoLab/suzhuojie/projects/Aging_CUT_Tag/data/samples/HiC/brain/ob_ex_matrix/DYQ137/DYQ137_50000_chr17_ob_ex_Matrix.txt, /storage/zhangyanxiaoLab/suzhuojie/projects/Aging_CUT_Tag/data/samples/HiC/brain/ob_ex_matrix/DYQ137/DYQ137_50000_chr18_ob_ex_Matrix.txt, /storage/zhangyanxiaoLab/suzhuojie/projects/Aging_CUT_Tag/data/samples/HiC/brain/ob_ex_matrix/DYQ137/DYQ137_50000_chr19_ob_ex_Matrix.txt, /storage/zhangyanxiaoLab/suzhuojie/projects/Aging_CUT_Tag/data/samples/HiC/brain/ob_ex_matrix/DYQ137/DYQ137_50000_chrX_ob_ex_Matrix.txt, /storage/zhangyanxiaoLab/suzhuojie/projects/Aging_CUT_Tag/data/samples/HiC/brain/ob_ex_matrix/DYQ137/DYQ137_50000_chrY_ob_ex_Matrix.txt, /storage/zhangyanxiaoLab/suzhuojie/projects/Aging_CUT_Tag/data/samples/HiC/brain/ob_ex_matrix/DYQ138/DYQ138_50000_chr1_ob_ex_Matrix.txt, /storage/zhangyanxiaoLab/suzhuojie/projects/Aging_CUT_Tag/data/samples/HiC/brain/ob_ex_matrix/DYQ138/DYQ138_50000_chr2_ob_ex_Matrix.txt, /storage/zhangyanxiaoLab/suzhuojie/projects/Aging_CUT_Tag/data/samples/HiC/brain/ob_ex_matrix/DYQ138/DYQ138_50000_chr3_ob_ex_Matrix.txt, /storage/zhangyanxiaoLab/suzhuojie/projects/Aging_CUT_Tag/data/samples/HiC/brain/ob_ex_matrix/DYQ138/DYQ138_50000_chr4_ob_ex_Matrix.txt, /storage/zhangyanxiaoLab/suzhuojie/projects/Aging_CUT_Tag/data/samples/HiC/brain/ob_ex_matrix/DYQ138/DYQ138_50000_chr5_ob_ex_Matrix.txt, /storage/zhangyanxiaoLab/suzhuojie/projects/Aging_CUT_Tag/data/samples/HiC/brain/ob_ex_matrix/DYQ138/DYQ138_50000_chr6_ob_ex_Matrix.txt, /storage/zhangyanxiaoLab/suzhuojie/projects/Aging_CUT_Tag/data/samples/HiC/brain/ob_ex_matrix/DYQ138/DYQ138_50000_chr7_ob_ex_Matrix.txt, /storage/zhangyanxiaoLab/suzhuojie/projects/Aging_CUT_Tag/data/samples/HiC/brain/ob_ex_matrix/DYQ138/DYQ138_50000_chr8_ob_ex_Matrix.txt, /storage/zhangyanxiaoLab/suzhuojie/projects/Aging_CUT_Tag/data/samples/HiC/brain/ob_ex_matrix/DYQ138/DYQ138_50000_chr9_ob_ex_Matrix.txt, /storage/zhangyanxiaoLab/suzhuojie/projects/Aging_CUT_Tag/data/samples/HiC/brain/ob_ex_matrix/DYQ138/DYQ138_50000_chr10_ob_ex_Matrix.txt, /storage/zhangyanxiaoLab/suzhuojie/projects/Aging_CUT_Tag/data/samples/HiC/brain/ob_ex_matrix/DYQ138/DYQ138_50000_chr11_ob_ex_Matrix.txt, /storage/zhangyanxiaoLab/suzhuojie/projects/Aging_CUT_Tag/data/samples/HiC/brain/ob_ex_matrix/DYQ138/DYQ138_50000_chr12_ob_ex_Matrix.txt, /storage/zhangyanxiaoLab/suzhuojie/projects/Aging_CUT_Tag/data/samples/HiC/brain/ob_ex_matrix/DYQ138/DYQ138_50000_chr13_ob_ex_Matrix.txt, /storage/zhangyanxiaoLab/suzhuojie/projects/Aging_CUT_Tag/data/samples/HiC/brain/ob_ex_matrix/DYQ138/DYQ138_50000_chr14_ob_ex_Matrix.txt, /storage/zhangyanxiaoLab/suzhuojie/projects/Aging_CUT_Tag/data/samples/HiC/brain/ob_ex_matrix/DYQ138/DYQ138_50000_chr15_ob_ex_Matrix.txt, /storage/zhangyanxiaoLab/suzhuojie/projects/Aging_CUT_Tag/data/samples/HiC/brain/ob_ex_matrix/DYQ138/DYQ138_50000_chr16_ob_ex_Matrix.txt, /storage/zhangyanxiaoLab/suzhuojie/projects/Aging_CUT_Tag/data/samples/HiC/brain/ob_ex_matrix/DYQ138/DYQ138_50000_chr17_ob_ex_Matrix.txt, /storage/zhangyanxiaoLab/suzhuojie/projects/Aging_CUT_Tag/data/samples/HiC/brain/ob_ex_matrix/DYQ138/DYQ138_50000_chr18_ob_ex_Matrix.txt, /storage/zhangyanxiaoLab/suzhuojie/projects/Aging_CUT_Tag/data/samples/HiC/brain/ob_ex_matrix/DYQ138/DYQ138_50000_chr19_ob_ex_Matrix.txt, /storage/zhangyanxiaoLab/suzhuojie/projects/Aging_CUT_Tag/data/samples/HiC/brain/ob_ex_matrix/DYQ138/DYQ138_50000_chrX_ob_ex_Matrix.txt, /storage/zhangyanxiaoLab/suzhuojie/projects/Aging_CUT_Tag/data/samples/HiC/brain/ob_ex_matrix/DYQ138/DYQ138_50000_chrY_ob_ex_Matrix.txt
    jobid: 0
    reason: Input files updated by another job: /storage/zhangyanxiaoLab/suzhuojie/projects/Aging_CUT_Tag/data/samples/HiC/brain/ob_ex_matrix/DYQ135/DYQ135_50000_chr7_ob_ex_Matrix.txt, /storage/zhangyanxiaoLab/suzhuojie/projects/Aging_CUT_Tag/data/samples/HiC/brain/ob_ex_matrix/DYQ135/DYQ135_50000_chr8_ob_ex_Matrix.txt, /storage/zhangyanxiaoLab/suzhuojie/projects/Aging_CUT_Tag/data/samples/HiC/brain/ob_ex_matrix/DYQ135/DYQ135_50000_chr5_ob_ex_Matrix.txt, /storage/zhangyanxiaoLab/suzhuojie/projects/Aging_CUT_Tag/data/samples/HiC/brain/ob_ex_matrix/DYQ137/DYQ137_50000_chr15_ob_ex_Matrix.txt, /storage/zhangyanxiaoLab/suzhuojie/projects/Aging_CUT_Tag/data/samples/HiC/brain/ob_ex_matrix/DYQ137/DYQ137_50000_chr8_ob_ex_Matrix.txt, /storage/zhangyanxiaoLab/suzhuojie/projects/Aging_CUT_Tag/data/samples/HiC/brain/ob_ex_matrix/DYQ136/DYQ136_50000_chrX_ob_ex_Matrix.txt, /storage/zhangyanxiaoLab/suzhuojie/projects/Aging_CUT_Tag/data/samples/HiC/brain/ob_ex_matrix/DYQ138/DYQ138_50000_chr1_ob_ex_Matrix.txt, /storage/zhangyanxiaoLab/suzhuojie/projects/Aging_CUT_Tag/data/samples/HiC/brain/ob_ex_matrix/DYQ138/DYQ138_50000_chr16_ob_ex_Matrix.txt, /storage/zhangyanxiaoLab/suzhuojie/projects/Aging_CUT_Tag/data/samples/HiC/brain/ob_ex_matrix/DYQ135/DYQ135_50000_chr1_ob_ex_Matrix.txt, /storage/zhangyanxiaoLab/suzhuojie/projects/Aging_CUT_Tag/data/samples/HiC/brain/ob_ex_matrix/DYQ137/DYQ137_50000_chr5_ob_ex_Matrix.txt, /storage/zhangyanxiaoLab/suzhuojie/projects/Aging_CUT_Tag/data/samples/HiC/brain/ob_ex_matrix/DYQ135/DYQ135_50000_chr13_ob_ex_Matrix.txt, /storage/zhangyanxiaoLab/suzhuojie/projects/Aging_CUT_Tag/data/samples/HiC/brain/ob_ex_matrix/DYQ136/DYQ136_50000_chr7_ob_ex_Matrix.txt, /storage/zhangyanxiaoLab/suzhuojie/projects/Aging_CUT_Tag/data/samples/HiC/brain/ob_ex_matrix/DYQ136/DYQ136_50000_chr10_ob_ex_Matrix.txt, /storage/zhangyanxiaoLab/suzhuojie/projects/Aging_CUT_Tag/data/samples/HiC/brain/ob_ex_matrix/DYQ135/DYQ135_50000_chr19_ob_ex_Matrix.txt, /storage/zhangyanxiaoLab/suzhuojie/projects/Aging_CUT_Tag/data/samples/HiC/brain/ob_ex_matrix/DYQ137/DYQ137_50000_chr1_ob_ex_Matrix.txt, /storage/zhangyanxiaoLab/suzhuojie/projects/Aging_CUT_Tag/data/samples/HiC/brain/ob_ex_matrix/DYQ138/DYQ138_50000_chr6_ob_ex_Matrix.txt, /storage/zhangyanxiaoLab/suzhuojie/projects/Aging_CUT_Tag/data/samples/HiC/brain/ob_ex_matrix/DYQ137/DYQ137_50000_chr6_ob_ex_Matrix.txt, /storage/zhangyanxiaoLab/suzhuojie/projects/Aging_CUT_Tag/data/samples/HiC/brain/ob_ex_matrix/DYQ136/DYQ136_50000_chr2_ob_ex_Matrix.txt, /storage/zhangyanxiaoLab/suzhuojie/projects/Aging_CUT_Tag/data/samples/HiC/brain/ob_ex_matrix/DYQ135/DYQ135_50000_chr14_ob_ex_Matrix.txt, /storage/zhangyanxiaoLab/suzhuojie/projects/Aging_CUT_Tag/data/samples/HiC/brain/ob_ex_matrix/DYQ136/DYQ136_50000_chr1_ob_ex_Matrix.txt, /storage/zhangyanxiaoLab/suzhuojie/projects/Aging_CUT_Tag/data/samples/HiC/brain/ob_ex_matrix/DYQ136/DYQ136_50000_chr11_ob_ex_Matrix.txt, /storage/zhangyanxiaoLab/suzhuojie/projects/Aging_CUT_Tag/data/samples/HiC/brain/ob_ex_matrix/DYQ135/DYQ135_50000_chr18_ob_ex_Matrix.txt, /storage/zhangyanxiaoLab/suzhuojie/projects/Aging_CUT_Tag/data/samples/HiC/brain/ob_ex_matrix/DYQ135/DYQ135_50000_chr2_ob_ex_Matrix.txt, /storage/zhangyanxiaoLab/suzhuojie/projects/Aging_CUT_Tag/data/samples/HiC/brain/ob_ex_matrix/DYQ135/DYQ135_50000_chr3_ob_ex_Matrix.txt, /storage/zhangyanxiaoLab/suzhuojie/projects/Aging_CUT_Tag/data/samples/HiC/brain/ob_ex_matrix/DYQ135/DYQ135_50000_chrX_ob_ex_Matrix.txt, /storage/zhangyanxiaoLab/suzhuojie/projects/Aging_CUT_Tag/data/samples/HiC/brain/ob_ex_matrix/DYQ138/DYQ138_50000_chr11_ob_ex_Matrix.txt, /storage/zhangyanxiaoLab/suzhuojie/projects/Aging_CUT_Tag/data/samples/HiC/brain/ob_ex_matrix/DYQ136/DYQ136_50000_chr4_ob_ex_Matrix.txt, /storage/zhangyanxiaoLab/suzhuojie/projects/Aging_CUT_Tag/data/samples/HiC/brain/ob_ex_matrix/DYQ137/DYQ137_50000_chr18_ob_ex_Matrix.txt, /storage/zhangyanxiaoLab/suzhuojie/projects/Aging_CUT_Tag/data/samples/HiC/brain/ob_ex_matrix/DYQ135/DYQ135_50000_chr15_ob_ex_Matrix.txt, /storage/zhangyanxiaoLab/suzhuojie/projects/Aging_CUT_Tag/data/samples/HiC/brain/ob_ex_matrix/DYQ137/DYQ137_50000_chr17_ob_ex_Matrix.txt, /storage/zhangyanxiaoLab/suzhuojie/projects/Aging_CUT_Tag/data/samples/HiC/brain/ob_ex_matrix/DYQ137/DYQ137_50000_chr9_ob_ex_Matrix.txt, /storage/zhangyanxiaoLab/suzhuojie/projects/Aging_CUT_Tag/data/samples/HiC/brain/ob_ex_matrix/DYQ136/DYQ136_50000_chr5_ob_ex_Matrix.txt, /storage/zhangyanxiaoLab/suzhuojie/projects/Aging_CUT_Tag/data/samples/HiC/brain/ob_ex_matrix/DYQ136/DYQ136_50000_chr6_ob_ex_Matrix.txt, /storage/zhangyanxiaoLab/suzhuojie/projects/Aging_CUT_Tag/data/samples/HiC/brain/ob_ex_matrix/DYQ137/DYQ137_50000_chr12_ob_ex_Matrix.txt, /storage/zhangyanxiaoLab/suzhuojie/projects/Aging_CUT_Tag/data/samples/HiC/brain/ob_ex_matrix/DYQ137/DYQ137_50000_chrY_ob_ex_Matrix.txt, /storage/zhangyanxiaoLab/suzhuojie/projects/Aging_CUT_Tag/data/samples/HiC/brain/ob_ex_matrix/DYQ138/DYQ138_50000_chr4_ob_ex_Matrix.txt, /storage/zhangyanxiaoLab/suzhuojie/projects/Aging_CUT_Tag/data/samples/HiC/brain/ob_ex_matrix/DYQ138/DYQ138_50000_chrY_ob_ex_Matrix.txt, /storage/zhangyanxiaoLab/suzhuojie/projects/Aging_CUT_Tag/data/samples/HiC/brain/ob_ex_matrix/DYQ136/DYQ136_50000_chr19_ob_ex_Matrix.txt, /storage/zhangyanxiaoLab/suzhuojie/projects/Aging_CUT_Tag/data/samples/HiC/brain/ob_ex_matrix/DYQ138/DYQ138_50000_chr5_ob_ex_Matrix.txt, /storage/zhangyanxiaoLab/suzhuojie/projects/Aging_CUT_Tag/data/samples/HiC/brain/ob_ex_matrix/DYQ135/DYQ135_50000_chrY_ob_ex_Matrix.txt, /storage/zhangyanxiaoLab/suzhuojie/projects/Aging_CUT_Tag/data/samples/HiC/brain/ob_ex_matrix/DYQ136/DYQ136_50000_chrY_ob_ex_Matrix.txt, /storage/zhangyanxiaoLab/suzhuojie/projects/Aging_CUT_Tag/data/samples/HiC/brain/ob_ex_matrix/DYQ138/DYQ138_50000_chr3_ob_ex_Matrix.txt, /storage/zhangyanxiaoLab/suzhuojie/projects/Aging_CUT_Tag/data/samples/HiC/brain/ob_ex_matrix/DYQ136/DYQ136_50000_chr15_ob_ex_Matrix.txt, /storage/zhangyanxiaoLab/suzhuojie/projects/Aging_CUT_Tag/data/samples/HiC/brain/ob_ex_matrix/DYQ138/DYQ138_50000_chr17_ob_ex_Matrix.txt, /storage/zhangyanxiaoLab/suzhuojie/projects/Aging_CUT_Tag/data/samples/HiC/brain/ob_ex_matrix/DYQ136/DYQ136_50000_chr13_ob_ex_Matrix.txt, /storage/zhangyanxiaoLab/suzhuojie/projects/Aging_CUT_Tag/data/samples/HiC/brain/ob_ex_matrix/DYQ135/DYQ135_50000_chr10_ob_ex_Matrix.txt, /storage/zhangyanxiaoLab/suzhuojie/projects/Aging_CUT_Tag/data/samples/HiC/brain/ob_ex_matrix/DYQ135/DYQ135_50000_chr11_ob_ex_Matrix.txt, /storage/zhangyanxiaoLab/suzhuojie/projects/Aging_CUT_Tag/data/samples/HiC/brain/ob_ex_matrix/DYQ136/DYQ136_50000_chr16_ob_ex_Matrix.txt, /storage/zhangyanxiaoLab/suzhuojie/projects/Aging_CUT_Tag/data/samples/HiC/brain/ob_ex_matrix/DYQ137/DYQ137_50000_chrX_ob_ex_Matrix.txt, /storage/zhangyanxiaoLab/suzhuojie/projects/Aging_CUT_Tag/data/samples/HiC/brain/ob_ex_matrix/DYQ135/DYQ135_50000_chr4_ob_ex_Matrix.txt, /storage/zhangyanxiaoLab/suzhuojie/projects/Aging_CUT_Tag/data/samples/HiC/brain/ob_ex_matrix/DYQ137/DYQ137_50000_chr7_ob_ex_Matrix.txt, /storage/zhangyanxiaoLab/suzhuojie/projects/Aging_CUT_Tag/data/samples/HiC/brain/ob_ex_matrix/DYQ138/DYQ138_50000_chrX_ob_ex_Matrix.txt, /storage/zhangyanxiaoLab/suzhuojie/projects/Aging_CUT_Tag/data/samples/HiC/brain/ob_ex_matrix/DYQ138/DYQ138_50000_chr10_ob_ex_Matrix.txt, /storage/zhangyanxiaoLab/suzhuojie/projects/Aging_CUT_Tag/data/samples/HiC/brain/ob_ex_matrix/DYQ137/DYQ137_50000_chr10_ob_ex_Matrix.txt, /storage/zhangyanxiaoLab/suzhuojie/projects/Aging_CUT_Tag/data/samples/HiC/brain/ob_ex_matrix/DYQ138/DYQ138_50000_chr19_ob_ex_Matrix.txt, /storage/zhangyanxiaoLab/suzhuojie/projects/Aging_CUT_Tag/data/samples/HiC/brain/ob_ex_matrix/DYQ138/DYQ138_50000_chr12_ob_ex_Matrix.txt, /storage/zhangyanxiaoLab/suzhuojie/projects/Aging_CUT_Tag/data/samples/HiC/brain/ob_ex_matrix/DYQ135/DYQ135_50000_chr6_ob_ex_Matrix.txt, /storage/zhangyanxiaoLab/suzhuojie/projects/Aging_CUT_Tag/data/samples/HiC/brain/ob_ex_matrix/DYQ136/DYQ136_50000_chr8_ob_ex_Matrix.txt, /storage/zhangyanxiaoLab/suzhuojie/projects/Aging_CUT_Tag/data/samples/HiC/brain/ob_ex_matrix/DYQ138/DYQ138_50000_chr13_ob_ex_Matrix.txt, /storage/zhangyanxiaoLab/suzhuojie/projects/Aging_CUT_Tag/data/samples/HiC/brain/ob_ex_matrix/DYQ137/DYQ137_50000_chr11_ob_ex_Matrix.txt, /storage/zhangyanxiaoLab/suzhuojie/projects/Aging_CUT_Tag/data/samples/HiC/brain/ob_ex_matrix/DYQ136/DYQ136_50000_chr14_ob_ex_Matrix.txt, /storage/zhangyanxiaoLab/suzhuojie/projects/Aging_CUT_Tag/data/samples/HiC/brain/ob_ex_matrix/DYQ137/DYQ137_50000_chr13_ob_ex_Matrix.txt, /storage/zhangyanxiaoLab/suzhuojie/projects/Aging_CUT_Tag/data/samples/HiC/brain/ob_ex_matrix/DYQ138/DYQ138_50000_chr8_ob_ex_Matrix.txt, /storage/zhangyanxiaoLab/suzhuojie/projects/Aging_CUT_Tag/data/samples/HiC/brain/ob_ex_matrix/DYQ137/DYQ137_50000_chr3_ob_ex_Matrix.txt, /storage/zhangyanxiaoLab/suzhuojie/projects/Aging_CUT_Tag/data/samples/HiC/brain/ob_ex_matrix/DYQ138/DYQ138_50000_chr2_ob_ex_Matrix.txt, /storage/zhangyanxiaoLab/suzhuojie/projects/Aging_CUT_Tag/data/samples/HiC/brain/ob_ex_matrix/DYQ138/DYQ138_50000_chr7_ob_ex_Matrix.txt, /storage/zhangyanxiaoLab/suzhuojie/projects/Aging_CUT_Tag/data/samples/HiC/brain/ob_ex_matrix/DYQ135/DYQ135_50000_chr16_ob_ex_Matrix.txt, /storage/zhangyanxiaoLab/suzhuojie/projects/Aging_CUT_Tag/data/samples/HiC/brain/ob_ex_matrix/DYQ138/DYQ138_50000_chr18_ob_ex_Matrix.txt, /storage/zhangyanxiaoLab/suzhuojie/projects/Aging_CUT_Tag/data/samples/HiC/brain/ob_ex_matrix/DYQ136/DYQ136_50000_chr18_ob_ex_Matrix.txt, /storage/zhangyanxiaoLab/suzhuojie/projects/Aging_CUT_Tag/data/samples/HiC/brain/ob_ex_matrix/DYQ137/DYQ137_50000_chr19_ob_ex_Matrix.txt, /storage/zhangyanxiaoLab/suzhuojie/projects/Aging_CUT_Tag/data/samples/HiC/brain/ob_ex_matrix/DYQ137/DYQ137_50000_chr14_ob_ex_Matrix.txt, /storage/zhangyanxiaoLab/suzhuojie/projects/Aging_CUT_Tag/data/samples/HiC/brain/ob_ex_matrix/DYQ138/DYQ138_50000_chr14_ob_ex_Matrix.txt, /storage/zhangyanxiaoLab/suzhuojie/projects/Aging_CUT_Tag/data/samples/HiC/brain/ob_ex_matrix/DYQ137/DYQ137_50000_chr16_ob_ex_Matrix.txt, /storage/zhangyanxiaoLab/suzhuojie/projects/Aging_CUT_Tag/data/samples/HiC/brain/ob_ex_matrix/DYQ135/DYQ135_50000_chr9_ob_ex_Matrix.txt, /storage/zhangyanxiaoLab/suzhuojie/projects/Aging_CUT_Tag/data/samples/HiC/brain/ob_ex_matrix/DYQ136/DYQ136_50000_chr9_ob_ex_Matrix.txt, /storage/zhangyanxiaoLab/suzhuojie/projects/Aging_CUT_Tag/data/samples/HiC/brain/ob_ex_matrix/DYQ137/DYQ137_50000_chr2_ob_ex_Matrix.txt, /storage/zhangyanxiaoLab/suzhuojie/projects/Aging_CUT_Tag/data/samples/HiC/brain/ob_ex_matrix/DYQ135/DYQ135_50000_chr12_ob_ex_Matrix.txt, /storage/zhangyanxiaoLab/suzhuojie/projects/Aging_CUT_Tag/data/samples/HiC/brain/ob_ex_matrix/DYQ136/DYQ136_50000_chr12_ob_ex_Matrix.txt, /storage/zhangyanxiaoLab/suzhuojie/projects/Aging_CUT_Tag/data/samples/HiC/brain/ob_ex_matrix/DYQ135/DYQ135_50000_chr17_ob_ex_Matrix.txt, /storage/zhangyanxiaoLab/suzhuojie/projects/Aging_CUT_Tag/data/samples/HiC/brain/ob_ex_matrix/DYQ136/DYQ136_50000_chr17_ob_ex_Matrix.txt, /storage/zhangyanxiaoLab/suzhuojie/projects/Aging_CUT_Tag/data/samples/HiC/brain/ob_ex_matrix/DYQ137/DYQ137_50000_chr4_ob_ex_Matrix.txt, /storage/zhangyanxiaoLab/suzhuojie/projects/Aging_CUT_Tag/data/samples/HiC/brain/ob_ex_matrix/DYQ138/DYQ138_50000_chr15_ob_ex_Matrix.txt, /storage/zhangyanxiaoLab/suzhuojie/projects/Aging_CUT_Tag/data/samples/HiC/brain/ob_ex_matrix/DYQ138/DYQ138_50000_chr9_ob_ex_Matrix.txt, /storage/zhangyanxiaoLab/suzhuojie/projects/Aging_CUT_Tag/data/samples/HiC/brain/ob_ex_matrix/DYQ136/DYQ136_50000_chr3_ob_ex_Matrix.txt
    resources: tmpdir=/tmp

[Fri May 23 12:24:02 2025]
Finished job 0.
85 of 85 steps (100%) done
Complete log: .snakemake/log/2025-05-23T113203.659249.snakemake.log
